Archive member included because of file (symbol)

/cygdrive/c/Users/tony_sid/Desktop/CmpE146Package/GNUARM/bin/../lib/gcc/arm-elf/4.3.2/libgcc.a(_udivsi3.o)
                              ./fat/ff.o (__udivsi3)
/cygdrive/c/Users/tony_sid/Desktop/CmpE146Package/GNUARM/bin/../lib/gcc/arm-elf/4.3.2/libgcc.a(_divsi3.o)
                              ./fat/ff.o (__divsi3)
/cygdrive/c/Users/tony_sid/Desktop/CmpE146Package/GNUARM/bin/../lib/gcc/arm-elf/4.3.2/libgcc.a(_umodsi3.o)
                              ./System/rprintf.o (__umodsi3)
/cygdrive/c/Users/tony_sid/Desktop/CmpE146Package/GNUARM/bin/../lib/gcc/arm-elf/4.3.2/libgcc.a(_dvmd_tls.o)
                              /cygdrive/c/Users/tony_sid/Desktop/CmpE146Package/GNUARM/bin/../lib/gcc/arm-elf/4.3.2/libgcc.a(_udivsi3.o) (__div0)
/cygdrive/c/Users/tony_sid/Desktop/CmpE146Package/GNUARM/bin/../lib/gcc/arm-elf/4.3.2/libgcc.a(_divdi3.o)
                              ./FreeRTOS/tasks.o (__divdi3)
/cygdrive/c/Users/tony_sid/Desktop/CmpE146Package/GNUARM/bin/../lib/gcc/arm-elf/4.3.2/libgcc.a(_udivdi3.o)
                              ./FreeRTOS/tasks.o (__udivdi3)
/cygdrive/c/Users/tony_sid/Desktop/CmpE146Package/GNUARM/bin/../lib/gcc/arm-elf/4.3.2/libgcc.a(_clz.o)
                              /cygdrive/c/Users/tony_sid/Desktop/CmpE146Package/GNUARM/bin/../lib/gcc/arm-elf/4.3.2/libgcc.a(_divdi3.o) (__clz_tab)
/cygdrive/c/Users/tony_sid/Desktop/CmpE146Package/GNUARM/bin/../lib/gcc/arm-elf/4.3.2/../../../../arm-elf/lib/libc.a(lib_a-atoi.o)
                              ./General/userInterface.o (atoi)
/cygdrive/c/Users/tony_sid/Desktop/CmpE146Package/GNUARM/bin/../lib/gcc/arm-elf/4.3.2/../../../../arm-elf/lib/libc.a(lib_a-iprintf.o)
                              ./General/userInterface.o (iprintf)
/cygdrive/c/Users/tony_sid/Desktop/CmpE146Package/GNUARM/bin/../lib/gcc/arm-elf/4.3.2/../../../../arm-elf/lib/libc.a(lib_a-malloc.o)
                              ./FreeRTOS/heap_3.o (free)
/cygdrive/c/Users/tony_sid/Desktop/CmpE146Package/GNUARM/bin/../lib/gcc/arm-elf/4.3.2/../../../../arm-elf/lib/libc.a(lib_a-mallocr.o)
                              /cygdrive/c/Users/tony_sid/Desktop/CmpE146Package/GNUARM/bin/../lib/gcc/arm-elf/4.3.2/../../../../arm-elf/lib/libc.a(lib_a-malloc.o) (_malloc_r)
/cygdrive/c/Users/tony_sid/Desktop/CmpE146Package/GNUARM/bin/../lib/gcc/arm-elf/4.3.2/../../../../arm-elf/lib/libc.a(lib_a-memcmp.o)
                              ./FreeRTOS/tasks.o (memcmp)
/cygdrive/c/Users/tony_sid/Desktop/CmpE146Package/GNUARM/bin/../lib/gcc/arm-elf/4.3.2/../../../../arm-elf/lib/libc.a(lib_a-memcpy.o)
                              ./drivers/i2c.o (memcpy)
/cygdrive/c/Users/tony_sid/Desktop/CmpE146Package/GNUARM/bin/../lib/gcc/arm-elf/4.3.2/../../../../arm-elf/lib/libc.a(lib_a-memset.o)
                              ./System/crash.o (memset)
/cygdrive/c/Users/tony_sid/Desktop/CmpE146Package/GNUARM/bin/../lib/gcc/arm-elf/4.3.2/../../../../arm-elf/lib/libc.a(lib_a-mlock.o)
                              /cygdrive/c/Users/tony_sid/Desktop/CmpE146Package/GNUARM/bin/../lib/gcc/arm-elf/4.3.2/../../../../arm-elf/lib/libc.a(lib_a-mallocr.o) (__malloc_lock)
/cygdrive/c/Users/tony_sid/Desktop/CmpE146Package/GNUARM/bin/../lib/gcc/arm-elf/4.3.2/../../../../arm-elf/lib/libc.a(lib_a-siprintf.o)
                              ./FreeRTOS/tasks.o (siprintf)
/cygdrive/c/Users/tony_sid/Desktop/CmpE146Package/GNUARM/bin/../lib/gcc/arm-elf/4.3.2/../../../../arm-elf/lib/libc.a(lib_a-strcmp.o)
                              ./General/userInterface.o (strcmp)
/cygdrive/c/Users/tony_sid/Desktop/CmpE146Package/GNUARM/bin/../lib/gcc/arm-elf/4.3.2/../../../../arm-elf/lib/libc.a(lib_a-strlen.o)
                              ./FreeRTOS/tasks.o (strlen)
/cygdrive/c/Users/tony_sid/Desktop/CmpE146Package/GNUARM/bin/../lib/gcc/arm-elf/4.3.2/../../../../arm-elf/lib/libc.a(lib_a-strncpy.o)
                              ./FreeRTOS/tasks.o (strncpy)
/cygdrive/c/Users/tony_sid/Desktop/CmpE146Package/GNUARM/bin/../lib/gcc/arm-elf/4.3.2/../../../../arm-elf/lib/libc.a(lib_a-strtok.o)
                              ./General/userInterface.o (strtok)
/cygdrive/c/Users/tony_sid/Desktop/CmpE146Package/GNUARM/bin/../lib/gcc/arm-elf/4.3.2/../../../../arm-elf/lib/libc.a(lib_a-strtok_r.o)
                              /cygdrive/c/Users/tony_sid/Desktop/CmpE146Package/GNUARM/bin/../lib/gcc/arm-elf/4.3.2/../../../../arm-elf/lib/libc.a(lib_a-strtok.o) (__strtok_r)
/cygdrive/c/Users/tony_sid/Desktop/CmpE146Package/GNUARM/bin/../lib/gcc/arm-elf/4.3.2/../../../../arm-elf/lib/libc.a(lib_a-strtol.o)
                              /cygdrive/c/Users/tony_sid/Desktop/CmpE146Package/GNUARM/bin/../lib/gcc/arm-elf/4.3.2/../../../../arm-elf/lib/libc.a(lib_a-atoi.o) (_strtol_r)
/cygdrive/c/Users/tony_sid/Desktop/CmpE146Package/GNUARM/bin/../lib/gcc/arm-elf/4.3.2/../../../../arm-elf/lib/libc.a(lib_a-vfiprintf.o)
[...]
Memory Configuration

Name             Origin             Length             Attributes
flash            0x00001000         0x0007c000         xr
ram              0x40000000         0x00007fe0         rw
*default*        0x00000000         0xffffffff

Linker script and memory map

LOAD ./Startup.o
LOAD ./main.o
LOAD ./fat/diskio.o
LOAD ./fat/ff.o
LOAD ./fat/rtc.o
LOAD ./fat/option/ccsbcs.o
LOAD ./fat/option/reentrant.o
LOAD ./drivers/uart/uart0.o
LOAD ./drivers/uart/uart1.o
LOAD ./drivers/i2c.o
LOAD ./drivers/pcm1774.o
LOAD ./drivers/ssp_spi.o
LOAD ./drivers/sta013.o
LOAD ./System/cpu.o
LOAD ./System/crash.o
LOAD ./System/fiqISR.o
LOAD ./System/rprintf.o
LOAD ./System/syscalls.o
LOAD ./System/watchdog.o
LOAD ./General/userInterface.o
LOAD ./FreeRTOS/croutine.o
LOAD ./FreeRTOS/heap_3.o
LOAD ./FreeRTOS/list.o
LOAD ./FreeRTOS/port.o
LOAD ./FreeRTOS/portISR.o
LOAD ./FreeRTOS/queue.o
LOAD ./FreeRTOS/tasks.o
LOAD ./FreeRTOS/hooks/hooks.o
START GROUP
LOAD /cygdrive/c/Users/tony_sid/Desktop/CmpE146Package/GNUARM/bin/../lib/gcc/arm-elf/4.3.2/libgcc.a
LOAD /cygdrive/c/Users/tony_sid/Desktop/CmpE146Package/GNUARM/bin/../lib/gcc/arm-elf/4.3.2/../../../../arm-elf/lib/libc.a
END GROUP
                0x40007fdc                __stack_end__ = 0x40007fdc
                0x00000000                . = 0x0

startup         0x00001000      0x168
                0x00001000                __start_of_startup__ = .
 *(.startup)
 .startup       0x00001000      0x168 ./Startup.o
                0x00001168                __end_of_startup__ = .

.ctors          0x00001168        0x0
                0x00001168                PROVIDE (__ctors_start__, .)
 *(SORT(.ctors.*))
 *(.ctors)
                0x00001168                PROVIDE (__ctors_end__, .)

.dtors          0x00001168        0x0
                0x00001168                PROVIDE (__dtors_start__, .)
 *(SORT(.dtors.*))
 *(.dtors)
                0x00001168                PROVIDE (__dtors_end__, .)
                0x00001168                . = ALIGN (0x4)

prog            0x00001168     0xf524
                0x00001168                __start_of_text__ = .
                0x00001168                __start_of_prog__ = .
 *(.text)
 .text          0x00001168      0x144 ./Startup.o
                0x00001168                start
 .text          0x000012ac      0x120 ./main.o
                0x000013b8                diskTimer
                0x000012ac                main
 .text          0x000013cc      0xcc4 ./fat/diskio.o
                0x000015a4                wait_ready
                0x00001e94                disk_initialize
                0x00001460                disk_status
                0x00001b04                disk_ioctl
                0x000017b8                getSDCardInfo
                0x000016b4                xmit_datablock
                0x000013cc                diskio_initializeSPIMutex
                0x00001500                rcvr_datablock
                0x0000147c                disk_timerproc
                0x00001444                chk_power
                0x00001ad4                power_off
                0x00001774                get_spi
                0x000015e0                send_cmd
                0x000018cc                disk_write
                0x000013dc                initialize_SdCardSignals
                0x00001734                release_spi
                0x000019e4                disk_read
                0x00001440                power_on
 .text          0x00002090     0x3614 ./fat/ff.o
                0x00002ae8                get_fat
                0x00003d70                f_rename
                0x00004280                f_truncate
                0x000020b4                gen_numname
                0x00004128                f_unlink
                0x000053d4                f_close
                0x00004cf8                f_read
                0x0000457c                f_readdir
                0x00004074                f_chmod
                0x000052a4                f_sync
                0x00005630                f_mount
                0x00004638                f_opendir
                0x00002960                put_fat
                0x00004704                f_lseek
                0x000044f4                f_stat
                0x00002090                clust2sect
                0x00003fb8                f_utime
                0x000049b4                f_write
                0x000053ec                f_open
                0x00004fb0                f_mkdir
                0x00004384                f_getfree
 .text          0x000056a4      0x15c ./fat/rtc.o
                0x000056cc                rtc_gettime
                0x000056a4                initialize_RTC
                0x000057b0                get_fattime
                0x0000574c                rtc_settime
 .text          0x00005800       0xb4 ./fat/option/ccsbcs.o
                0x00005874                ff_wtoupper
                0x00005800                ff_convert
 .text          0x000058b4       0x5c ./fat/option/reentrant.o
                0x000058b4                ff_del_syncobj
                0x000058f4                ff_cre_syncobj
                0x000058bc                ff_rel_grant
                0x000058cc                ff_req_grant
 .text          0x00005910      0x460 ./drivers/uart/uart0.o
                0x0000596c                uart0GetChar
                0x00005944                uart0PutCharPolling
                0x00005a50                uart0Init
                0x00005910                uart0Deinit
                0x00005b90                uart0ISR
                0x0000599c                uart0PutChar
 .text          0x00005d70      0x468 ./drivers/uart/uart1.o
                0x00005da4                uart1PutCharPolling
                0x00005ff4                uart1ISR
                0x00005eb4                uart1Init
                0x00005d70                uart1Deinit
                0x00005dd0                uart1GetChar
                0x00005e00                uart1PutChar
 .text          0x000061d8      0x744 ./drivers/i2c.o
                0x000066e8                initialize_I2C0
                0x000065e0                i2cWriteDeviceRegister
                0x000061d8                i2cStateMachine
                0x00006640                i2cReadDeviceRegister
                0x00006574                i2cKickOffTransfer
 .text          0x0000691c       0xc8 ./drivers/pcm1774.o
                0x000069d4                pcm1774_bassBoost
                0x0000691c                pcm1774_sendByte
                0x000069a0                pcm1774_LineOutputConfiguration
                0x00006978                pcm1774_ConnectDigitalOutputs
                0x00006920                pcm1774_readByte
                0x000069a4                pcm1774_PowerUpVcom
                0x00006984                pcm1774_DigitalInterfaceSelection
                0x00006980                pcm1774_DigitalDeEmphasisFilter
                0x00006990                pcm1774_PowerUpMixer
                0x000069ac                pcm1774_setShortCircuitProtectionRight
                0x000069cc                pcm1774_redirectAnalogInputToLeftOutput
                0x00006994                pcm1774_PowerUpAnalogBiasControl
                0x000069e0                pcm1774_3dSoundEffect
                0x000069d0                pcm1774_redirectAnalogInputToRightOutput
                0x000069b0                pcm1774_readShortCircuitStatusLeft
                0x0000697c                pcm1774_DigitalVolume
                0x0000692c                initialize_pcm1774
                0x000069dc                pcm1774_trebleBoost
                0x00006934                pcm1774_Reset
                0x000069d8                pcm1774_middleBoost
                0x00006988                pcm1774_DigitalGainControl
                0x000069c0                pcm1774_PowerUpGainAmplifierAnalog
                0x00006928                pcm1774_bitMask
                0x0000699c                pcm1774_PowerUpAnalog
                0x00006998                pcm1774_PowerUpDAC
                0x000069c4                pcm1774_selectAnalogInput
                0x000069a8                pcm1774_setShortCircuitProtectionLeft
                0x00006974                pcm1774_OutputVolume
                0x0000698c                pcm1774_DigitalOversamplingControl
                0x000069c8                pcm1774_gainAmplifierAnalogInput
                0x000069b8                pcm1774_readShortCircuitStatusRight
                0x00006970                pcm1774_LoadDefaultDigitalConfiguration
 .text          0x000069e4       0x88 ./drivers/ssp_spi.o
                0x000069e4                initialize_SSPSPI
                0x00006a58                setSSPSPI_Divider
                0x00006a28                rxTxByteSSPSPI
 .text          0x00006a6c      0x158 ./drivers/sta013.o
                0x00006bb4                sta013GetAverageBitrate
                0x00006bbc                sta013SetVolume
                0x00006b90                sta013StopDecoder
                0x00006b98                sta013ResumeDecoder
                0x00006b94                sta013PauseDecoder
                0x00006aec                sta013DownloadUpdate
                0x00006b8c                sta013StartDecoder
                0x00006a6c                sta013ReadReg
                0x00006b14                initialize_sta013
                0x00006b9c                sta013GetMP3Info
                0x00006a78                sta013HWReset
                0x00006a74                sta013WriteReg
                0x00006bc0                sta013SetTone
 .text          0x00006bc4      0x120 ./System/cpu.o
                0x00006c68                cpuPrintMemoryInfo
                0x00006bc4                cpuSetupHardware
                0x00006c64                cpuSetupFIQISR
 .text          0x00006ce4      0x4f8 ./System/crash.o
                0x00006d44                clearCrashInfo
                0x00006ce4                didSystemCrash
                0x00006d28                performPABORTCrash
                0x00006da0                printCrashInfo
                0x00006d34                performDABORTCrash
                0x00006d20                performUndefinedInstructionCrash
 .text          0x000071dc        0x4 ./System/fiqISR.o
                0x000071dc                fiqISR
 .text          0x000071e0      0x264 ./System/rprintf.o
                0x000071e0                rprintf_devopen
                0x00007230                rprintf
 .text          0x00007444      0x128 ./System/syscalls.o
                0x0000744c                _lseek_r
                0x0000753c                _kill_r
                0x00007454                _fstat_r
                0x00007464                isatty
                0x00007554                _getpid_r
                0x0000746c                _sbrk_r
                0x000074fc                _read_r
                0x00007444                _close_r
                0x000074c0                _write_r
 .text          0x0000756c       0xd4 ./System/watchdog.o
                0x0000759c                watchdog_Start
                0x0000756c                watchdog_Reset
                0x00007584                watchdog_Feed
                0x000075e4                watchdogDelayUs
                0x000075c4                watchdog_Stop
 .text          0x00007640      0x7b4 ./General/userInterface.o
                0x000076e4                printLine
                0x000076f0                uartUI
                0x00007640                getUartLine
 .text          0x00007df4        0x0 ./FreeRTOS/croutine.o
 .text          0x00007df4       0x4c ./FreeRTOS/heap_3.o
                0x00007df4                vPortFree
                0x00007e14                pvPortMalloc
 .text          0x00007e40       0xf4 ./FreeRTOS/list.o
                0x00007e70                vListInsertEnd
                0x00007ef8                vListRemove
                0x00007e64                vListInitialiseItem
                0x00007e40                vListInitialise
                0x00007ea4                vListInsert
 .text          0x00007f34      0x1c0 ./FreeRTOS/port.o
                0x00008088                xPortStartScheduler
                0x00008084                vPortEndScheduler
                0x00007f34                pxPortInitialiseStack
 .text          0x000080f4      0x228 ./FreeRTOS/portISR.o
                0x000081e4                vTickISR
                0x000082d0                vPortExitCritical
                0x00008140                vPortYieldProcessor
                0x000080f4                vPortISRStartFirstTask
                0x000082a4                vPortEnterCritical
 .text          0x0000831c      0x6f8 ./FreeRTOS/queue.o
                0x00008750                xQueueGenericSendFromISR
                0x00008978                xQueueCreate
                0x0000834c                vQueueDelete
                0x000087c0                xQueueGenericSend
                0x00008384                xQueueReceiveFromISR
                0x00008334                xQueueIsQueueFullFromISR
                0x00008368                uxQueueMessagesWaiting
                0x000084d0                xQueueGenericReceive
                0x0000831c                uxQueueMessagesWaitingFromISR
                0x00008324                xQueueIsQueueEmptyFromISR
                0x00008908                xQueueCreateMutex
 .text          0x00008a14     0x135c ./FreeRTOS/tasks.o
                0x000098a8                vTaskGetRunTimeStats
                0x00009410                uxTaskPriorityGet
                0x00009324                vTaskPrioritySet
                0x00009a50                vTaskEndScheduler
                0x00009440                vTaskPlaceOnEventList
                0x00009a84                xTaskGenericCreate
                0x00008a14                xTaskIsTaskSuspended
                0x00008b20                uxTaskGetStackHighWaterMark
                0x00008e28                xTaskResumeFromISR
                0x00008ab4                runTimeStatISRExit
                0x00008f8c                xTaskGetTickCount
                0x00008c6c                xTaskRemoveFromEventList
                0x00008ef0                xTaskCheckForTimeOut
                0x00008a50                vTaskSuspendAll
                0x00008b64                vTaskPriorityDisinherit
                0x00008bcc                vTaskPriorityInherit
                0x000091f0                vTaskResume
                0x0000961c                vTaskSwitchContext
                0x000092ac                vTaskSuspend
                0x00008a68                uxTaskGetNumberOfTasks
                0x00008d10                vTaskIncrementTick
                0x000090f4                uxTaskGetIdlePercentage
                0x00009554                vTaskDelayUntil
                0x00008b54                xTaskGetCurrentTaskHandle
                0x00008fac                xTaskResumeAll
                0x00009cd0                vTaskStartScheduler
                0x00008b0c                vTaskMissedYield
                0x00008a78                runTimeStatISREntry
                0x000094cc                vTaskDelay
                0x00008aec                vTaskSetTimeOutState
 .text          0x00009d70       0x6c ./FreeRTOS/hooks/hooks.o
                0x00009d88                vApplicationMallocFailedHook
                0x00009da8                vApplicationStackOverflowHook
                0x00009d70                vApplicationIdleHook
 .text          0x00009ddc      0x110 /cygdrive/c/Users/tony_sid/Desktop/CmpE146Package/GNUARM/bin/../lib/gcc/arm-elf/4.3.2/libgcc.a(_udivsi3.o)
                0x00009ddc                __udivsi3
                0x00009ddc                __aeabi_uidiv
                0x00009ed4                __aeabi_uidivmod
 .text          0x00009eec      0x140 /cygdrive/c/Users/tony_sid/Desktop/CmpE146Package/GNUARM/bin/../lib/gcc/arm-elf/4.3.2/libgcc.a(_divsi3.o)
                0x00009eec                __aeabi_idiv
                0x00009eec                __divsi3
                0x0000a014                __aeabi_idivmod
 .text          0x0000a02c       0xcc /cygdrive/c/Users/tony_sid/Desktop/CmpE146Package/GNUARM/bin/../lib/gcc/arm-elf/4.3.2/libgcc.a(_umodsi3.o)
                0x0000a02c                __umodsi3
 .text          0x0000a0f8        0x4 /cygdrive/c/Users/tony_sid/Desktop/CmpE146Package/GNUARM/bin/../lib/gcc/arm-elf/4.3.2/libgcc.a(_dvmd_tls.o)
                0x0000a0f8                __aeabi_ldiv0
                0x0000a0f8                __div0
                0x0000a0f8                __aeabi_idiv0
 .text          0x0000a0fc      0x590 /cygdrive/c/Users/tony_sid/Desktop/CmpE146Package/GNUARM/bin/../lib/gcc/arm-elf/4.3.2/libgcc.a(_divdi3.o)
                0x0000a0fc                __divdi3
 .text          0x0000a68c      0x520 /cygdrive/c/Users/tony_sid/Desktop/CmpE146Package/GNUARM/bin/../lib/gcc/arm-elf/4.3.2/libgcc.a(_udivdi3.o)
                0x0000a68c                __udivdi3
 .text          0x0000abac        0x0 /cygdrive/c/Users/tony_sid/Desktop/CmpE146Package/GNUARM/bin/../lib/gcc/arm-elf/4.3.2/libgcc.a(_clz.o)
 .text          0x0000abac       0x18 /cygdrive/c/Users/tony_sid/Desktop/CmpE146Package/GNUARM/bin/../lib/gcc/arm-elf/4.3.2/../../../../arm-elf/lib/libc.a(lib_a-atoi.o)
                0x0000abac                _atoi_r
                0x0000abb8                atoi
 .text          0x0000abc4       0x54 /cygdrive/c/Users/tony_sid/Desktop/CmpE146Package/GNUARM/bin/../lib/gcc/arm-elf/4.3.2/../../../../arm-elf/lib/libc.a(lib_a-iprintf.o)
                0x0000abc4                _iprintf_r
                0x0000abe8                iprintf
 .text          0x0000ac18       0x28 /cygdrive/c/Users/tony_sid/Desktop/CmpE146Package/GNUARM/bin/../lib/gcc/arm-elf/4.3.2/../../../../arm-elf/lib/libc.a(lib_a-malloc.o)
                0x0000ac2c                malloc
                0x0000ac18                free
 .text          0x0000ac40      0x734 /cygdrive/c/Users/tony_sid/Desktop/CmpE146Package/GNUARM/bin/../lib/gcc/arm-elf/4.3.2/../../../../arm-elf/lib/libc.a(lib_a-mallocr.o)
                0x0000ac40                _malloc_r
 .text          0x0000b374       0xac /cygdrive/c/Users/tony_sid/Desktop/CmpE146Package/GNUARM/bin/../lib/gcc/arm-elf/4.3.2/../../../../arm-elf/lib/libc.a(lib_a-memcmp.o)
                0x0000b374                memcmp
 .text          0x0000b420       0xfc /cygdrive/c/Users/tony_sid/Desktop/CmpE146Package/GNUARM/bin/../lib/gcc/arm-elf/4.3.2/../../../../arm-elf/lib/libc.a(lib_a-memcpy.o)
                0x0000b420                memcpy
 .text          0x0000b51c       0xd0 /cygdrive/c/Users/tony_sid/Desktop/CmpE146Package/GNUARM/bin/../lib/gcc/arm-elf/4.3.2/../../../../arm-elf/lib/libc.a(lib_a-memset.o)
                0x0000b51c                memset
 .text          0x0000b5ec        0x8 /cygdrive/c/Users/tony_sid/Desktop/CmpE146Package/GNUARM/bin/../lib/gcc/arm-elf/4.3.2/../../../../arm-elf/lib/libc.a(lib_a-mlock.o)
                0x0000b5f0                __malloc_unlock
                0x0000b5ec                __malloc_lock
 .text          0x0000b5f4       0xcc /cygdrive/c/Users/tony_sid/Desktop/CmpE146Package/GNUARM/bin/../lib/gcc/arm-elf/4.3.2/../../../../arm-elf/lib/libc.a(lib_a-siprintf.o)
                0x0000b660                _siprintf_r
                0x0000b5f4                siprintf
 .text          0x0000b6c0       0xe8 /cygdrive/c/Users/tony_sid/Desktop/CmpE146Package/GNUARM/bin/../lib/gcc/arm-elf/4.3.2/../../../../arm-elf/lib/libc.a(lib_a-strcmp.o)
                0x0000b6c0                strcmp
 .text          0x0000b7a8       0x9c /cygdrive/c/Users/tony_sid/Desktop/CmpE146Package/GNUARM/bin/../lib/gcc/arm-elf/4.3.2/../../../../arm-elf/lib/libc.a(lib_a-strlen.o)
                0x0000b7a8                strlen
 .text          0x0000b844      0x10c /cygdrive/c/Users/tony_sid/Desktop/CmpE146Package/GNUARM/bin/../lib/gcc/arm-elf/4.3.2/../../../../arm-elf/lib/libc.a(lib_a-strncpy.o)
                0x0000b844                strncpy
 .text          0x0000b950       0x18 /cygdrive/c/Users/tony_sid/Desktop/CmpE146Package/GNUARM/bin/../lib/gcc/arm-elf/4.3.2/../../../../arm-elf/lib/libc.a(lib_a-strtok.o)
                0x0000b950                strtok
 .text          0x0000b968       0xd0 /cygdrive/c/Users/tony_sid/Desktop/CmpE146Package/GNUARM/bin/../lib/gcc/arm-elf/4.3.2/../../../../arm-elf/lib/libc.a(lib_a-strtok_r.o)
                0x0000ba30                strtok_r
                0x0000b968                __strtok_r
 .text          0x0000ba38      0x1e0 /cygdrive/c/Users/tony_sid/Desktop/CmpE146Package/GNUARM/bin/../lib/gcc/arm-elf/4.3.2/../../../../arm-elf/lib/libc.a(lib_a-strtol.o)
                0x0000bbec                strtol
                0x0000ba38                _strtol_r
 .text          0x0000bc18      0xff0 /cygdrive/c/Users/tony_sid/Desktop/CmpE146Package/GNUARM/bin/../lib/gcc/arm-elf/4.3.2/../../../../arm-elf/lib/libc.a(lib_a-vfiprintf.o)
                0x0000cbdc                vfiprintf
                0x0000bc48                _vfiprintf_r
 .text          0x0000cc08      0x144 /cygdrive/c/Users/tony_sid/Desktop/CmpE146Package/GNUARM/bin/../lib/gcc/arm-elf/4.3.2/../../../../arm-elf/lib/libc.a(lib_a-wsetup.o)
                0x0000cc08                __swsetup_r
 .text          0x0000cd4c        0x0 /cygdrive/c/Users/tony_sid/Desktop/CmpE146Package/GNUARM/bin/../lib/gcc/arm-elf/4.3.2/../../../../arm-elf/lib/libc.a(lib_a-ctype_.o)
 .text          0x0000cd4c      0x1dc /cygdrive/c/Users/tony_sid/Desktop/CmpE146Package/GNUARM/bin/../lib/gcc/arm-elf/4.3.2/../../../../arm-elf/lib/libc.a(lib_a-fflush.o)
                0x0000cef4                fflush
                0x0000cd4c                _fflush_r
 .text          0x0000cf28      0x2ac /cygdrive/c/Users/tony_sid/Desktop/CmpE146Package/GNUARM/bin/../lib/gcc/arm-elf/4.3.2/../../../../arm-elf/lib/libc.a(lib_a-findfp.o)
                0x0000cf28                __sinit
                0x0000d0b8                __sfmoreglue
                0x0000d0a0                _cleanup
                0x0000d094                _cleanup_r
                0x0000d07c                __fp_lock_all
                0x0000d044                __sfp_lock_acquire
                0x0000d100                __sfp
                0x0000d050                __sinit_lock_release
                0x0000d064                __fp_unlock_all
                0x0000d048                __sfp_lock_release
                0x0000d04c                __sinit_lock_acquire
 .text          0x0000d1d4      0x370 /cygdrive/c/Users/tony_sid/Desktop/CmpE146Package/GNUARM/bin/../lib/gcc/arm-elf/4.3.2/../../../../arm-elf/lib/libc.a(lib_a-freer.o)
                0x0000d2cc                _free_r
                0x0000d1d4                _malloc_trim_r
 .text          0x0000d544      0x46c /cygdrive/c/Users/tony_sid/Desktop/CmpE146Package/GNUARM/bin/../lib/gcc/arm-elf/4.3.2/../../../../arm-elf/lib/libc.a(lib_a-fvwrite.o)
                0x0000d544                __sfvwrite_r
 .text          0x0000d9b0      0x10c /cygdrive/c/Users/tony_sid/Desktop/CmpE146Package/GNUARM/bin/../lib/gcc/arm-elf/4.3.2/../../../../arm-elf/lib/libc.a(lib_a-fwalk.o)
                0x0000da38                _fwalk
                0x0000d9b0                _fwalk_reent
 .text          0x0000dabc        0x0 /cygdrive/c/Users/tony_sid/Desktop/CmpE146Package/GNUARM/bin/../lib/gcc/arm-elf/4.3.2/../../../../arm-elf/lib/libc.a(lib_a-impure.o)
 .text          0x0000dabc      0x164 /cygdrive/c/Users/tony_sid/Desktop/CmpE146Package/GNUARM/bin/../lib/gcc/arm-elf/4.3.2/../../../../arm-elf/lib/libc.a(lib_a-makebuf.o)
                0x0000dabc                __smakebuf_r
 .text          0x0000dc20      0x118 /cygdrive/c/Users/tony_sid/Desktop/CmpE146Package/GNUARM/bin/../lib/gcc/arm-elf/4.3.2/../../../../arm-elf/lib/libc.a(lib_a-memchr.o)
                0x0000dc20                memchr
 .text          0x0000dd38      0x144 /cygdrive/c/Users/tony_sid/Desktop/CmpE146Package/GNUARM/bin/../lib/gcc/arm-elf/4.3.2/../../../../arm-elf/lib/libc.a(lib_a-memmove.o)
                0x0000dd38                memmove
 .text          0x0000de7c      0x510 /cygdrive/c/Users/tony_sid/Desktop/CmpE146Package/GNUARM/bin/../lib/gcc/arm-elf/4.3.2/../../../../arm-elf/lib/libc.a(lib_a-reallocr.o)
                0x0000de7c                _realloc_r
 .text          0x0000e38c       0xc0 /cygdrive/c/Users/tony_sid/Desktop/CmpE146Package/GNUARM/bin/../lib/gcc/arm-elf/4.3.2/../../../../arm-elf/lib/libc.a(lib_a-stdio.o)
                0x0000e394                __sseek
                0x0000e41c                __sread
                0x0000e38c                __sclose
                0x0000e3c8                __swrite
 .text          0x0000e44c      0x118 /cygdrive/c/Users/tony_sid/Desktop/CmpE146Package/GNUARM/bin/../lib/gcc/arm-elf/4.3.2/../../../../arm-elf/lib/libc.a(lib_a-fclose.o)
                0x0000e44c                _fclose_r
                0x0000e550                fclose
                0x0000e564                __end_of_prog__ = .
                0x0000e564                __start_of_rodata__ = .
 *(.rodata)
 .rodata        0x0000e564       0x8d ./fat/ff.o
 *fill*         0x0000e5f1        0x1 00
 .rodata        0x0000e5f2      0x4c0 ./fat/option/ccsbcs.o
 .rodata        0x0000eab2      0xfe0 ./drivers/sta013.o
                0x0000eae2                STA013_UpdateData
                0x0000eab2                MP3_Bitrates
                0x0000ead2                MP3_SamplingFrequencies
 .rodata        0x0000fa92       0x14 ./FreeRTOS/tasks.o
 .rodata        0x0000faa6      0x100 /cygdrive/c/Users/tony_sid/Desktop/CmpE146Package/GNUARM/bin/../lib/gcc/arm-elf/4.3.2/libgcc.a(_clz.o)
                0x0000faa6                __clz_tab
 .rodata        0x0000fba6       0x20 /cygdrive/c/Users/tony_sid/Desktop/CmpE146Package/GNUARM/bin/../lib/gcc/arm-elf/4.3.2/../../../../arm-elf/lib/libc.a(lib_a-vfiprintf.o)
 .rodata        0x0000fbc6      0x101 /cygdrive/c/Users/tony_sid/Desktop/CmpE146Package/GNUARM/bin/../lib/gcc/arm-elf/4.3.2/../../../../arm-elf/lib/libc.a(lib_a-ctype_.o)
                0x0000fbc6                _ctype_
 *fill*         0x0000fcc7        0x1 00
 .rodata        0x0000fcc8        0x4 /cygdrive/c/Users/tony_sid/Desktop/CmpE146Package/GNUARM/bin/../lib/gcc/arm-elf/4.3.2/../../../../arm-elf/lib/libc.a(lib_a-impure.o)
                0x0000fcc8                _global_impure_ptr
 *(.rodata*)
 .rodata.str1.1
                0x0000fccc       0x85 ./main.o
 .rodata.str1.1
                0x0000fd51       0x10 ./fat/ff.o
 .rodata.str1.1
                0x0000fd61       0x7d ./System/cpu.o
                                 0x9f (size before relaxing)
 .rodata.str1.1
                0x0000fdde      0x214 ./System/crash.o
 .rodata.str1.1
                0x0000fff2       0x14 ./System/syscalls.o
 .rodata.str1.1
                0x00010006      0x55b ./General/userInterface.o
                                0x563 (size before relaxing)
 .rodata.str1.1
                0x00010561       0x4c ./FreeRTOS/tasks.o
 .rodata.str1.1
                0x000105ad       0x8d ./FreeRTOS/hooks/hooks.o
 *fill*         0x0001063a        0x2 00
 .rodata.str1.4
                0x0001063c       0x4a /cygdrive/c/Users/tony_sid/Desktop/CmpE146Package/GNUARM/bin/../lib/gcc/arm-elf/4.3.2/../../../../arm-elf/lib/libc.a(lib_a-vfiprintf.o)
                                 0x4c (size before relaxing)
 *fill*         0x00010686        0x2 00
 .rodata.str1.4
                0x00010688        0x4 /cygdrive/c/Users/tony_sid/Desktop/CmpE146Package/GNUARM/bin/../lib/gcc/arm-elf/4.3.2/../../../../arm-elf/lib/libc.a(lib_a-impure.o)
                0x0001068c                __end_of_rodata__ = .
                0x0001068c                __start_of_glue7__ = .
 *(.glue_7)
 .glue_7        0x0001068c        0x0 ./Startup.o
 .glue_7        0x0001068c        0x0 ./main.o
 .glue_7        0x0001068c        0x0 ./fat/diskio.o
 .glue_7        0x0001068c        0x0 ./fat/ff.o
 .glue_7        0x0001068c        0x0 ./fat/rtc.o
 .glue_7        0x0001068c        0x0 ./fat/option/ccsbcs.o
 .glue_7        0x0001068c        0x0 ./fat/option/reentrant.o
 .glue_7        0x0001068c        0x0 ./drivers/uart/uart0.o
 .glue_7        0x0001068c        0x0 ./drivers/uart/uart1.o
 .glue_7        0x0001068c        0x0 ./drivers/i2c.o
 .glue_7        0x0001068c        0x0 ./drivers/pcm1774.o
 .glue_7        0x0001068c        0x0 ./drivers/ssp_spi.o
 .glue_7        0x0001068c        0x0 ./drivers/sta013.o
 .glue_7        0x0001068c        0x0 ./System/cpu.o
 .glue_7        0x0001068c        0x0 ./System/crash.o
 .glue_7        0x0001068c        0x0 ./System/fiqISR.o
 .glue_7        0x0001068c        0x0 ./System/rprintf.o
 .glue_7        0x0001068c        0x0 ./System/syscalls.o
 .glue_7        0x0001068c        0x0 ./System/watchdog.o
 .glue_7        0x0001068c        0x0 ./General/userInterface.o
 .glue_7        0x0001068c        0x0 ./FreeRTOS/croutine.o
 .glue_7        0x0001068c        0x0 ./FreeRTOS/heap_3.o
 .glue_7        0x0001068c        0x0 ./FreeRTOS/list.o
 .glue_7        0x0001068c        0x0 ./FreeRTOS/port.o
 .glue_7        0x0001068c        0x0 ./FreeRTOS/portISR.o
 .glue_7        0x0001068c        0x0 ./FreeRTOS/queue.o
 .glue_7        0x0001068c        0x0 ./FreeRTOS/tasks.o
 .glue_7        0x0001068c        0x0 ./FreeRTOS/hooks/hooks.o
 .glue_7        0x0001068c        0x0 /cygdrive/c/Users/tony_sid/Desktop/CmpE146Package/GNUARM/bin/../lib/gcc/arm-elf/4.3.2/libgcc.a(_udivsi3.o)
 .glue_7        0x0001068c        0x0 /cygdrive/c/Users/tony_sid/Desktop/CmpE146Package/GNUARM/bin/../lib/gcc/arm-elf/4.3.2/libgcc.a(_divsi3.o)
 .glue_7        0x0001068c        0x0 /cygdrive/c/Users/tony_sid/Desktop/CmpE146Package/GNUARM/bin/../lib/gcc/arm-elf/4.3.2/libgcc.a(_umodsi3.o)
 .glue_7        0x0001068c        0x0 /cygdrive/c/Users/tony_sid/Desktop/CmpE146Package/GNUARM/bin/../lib/gcc/arm-elf/4.3.2/libgcc.a(_dvmd_tls.o)
 .glue_7        0x0001068c        0x0 /cygdrive/c/Users/tony_sid/Desktop/CmpE146Package/GNUARM/bin/../lib/gcc/arm-elf/4.3.2/libgcc.a(_divdi3.o)
 .glue_7        0x0001068c        0x0 /cygdrive/c/Users/tony_sid/Desktop/CmpE146Package/GNUARM/bin/../lib/gcc/arm-elf/4.3.2/libgcc.a(_udivdi3.o)
 .glue_7        0x0001068c        0x0 /cygdrive/c/Users/tony_sid/Desktop/CmpE146Package/GNUARM/bin/../lib/gcc/arm-elf/4.3.2/libgcc.a(_clz.o)
 .glue_7        0x0001068c        0x0 /cygdrive/c/Users/tony_sid/Desktop/CmpE146Package/GNUARM/bin/../lib/gcc/arm-elf/4.3.2/../../../../arm-elf/lib/libc.a(lib_a-atoi.o)
 .glue_7        0x0001068c        0x0 /cygdrive/c/Users/tony_sid/Desktop/CmpE146Package/GNUARM/bin/../lib/gcc/arm-elf/4.3.2/../../../../arm-elf/lib/libc.a(lib_a-iprintf.o)
 .glue_7        0x0001068c        0x0 /cygdrive/c/Users/tony_sid/Desktop/CmpE146Package/GNUARM/bin/../lib/gcc/arm-elf/4.3.2/../../../../arm-elf/lib/libc.a(lib_a-malloc.o)
 .glue_7        0x0001068c        0x0 /cygdrive/c/Users/tony_sid/Desktop/CmpE146Package/GNUARM/bin/../lib/gcc/arm-elf/4.3.2/../../../../arm-elf/lib/libc.a(lib_a-mallocr.o)
 .glue_7        0x0001068c        0x0 /cygdrive/c/Users/tony_sid/Desktop/CmpE146Package/GNUARM/bin/../lib/gcc/arm-elf/4.3.2/../../../../arm-elf/lib/libc.a(lib_a-memcmp.o)
 .glue_7        0x0001068c        0x0 /cygdrive/c/Users/tony_sid/Desktop/CmpE146Package/GNUARM/bin/../lib/gcc/arm-elf/4.3.2/../../../../arm-elf/lib/libc.a(lib_a-memcpy.o)
 .glue_7        0x0001068c        0x0 /cygdrive/c/Users/tony_sid/Desktop/CmpE146Package/GNUARM/bin/../lib/gcc/arm-elf/4.3.2/../../../../arm-elf/lib/libc.a(lib_a-memset.o)
 .glue_7        0x0001068c        0x0 /cygdrive/c/Users/tony_sid/Desktop/CmpE146Package/GNUARM/bin/../lib/gcc/arm-elf/4.3.2/../../../../arm-elf/lib/libc.a(lib_a-mlock.o)
 .glue_7        0x0001068c        0x0 /cygdrive/c/Users/tony_sid/Desktop/CmpE146Package/GNUARM/bin/../lib/gcc/arm-elf/4.3.2/../../../../arm-elf/lib/libc.a(lib_a-siprintf.o)
 .glue_7        0x0001068c        0x0 /cygdrive/c/Users/tony_sid/Desktop/CmpE146Package/GNUARM/bin/../lib/gcc/arm-elf/4.3.2/../../../../arm-elf/lib/libc.a(lib_a-strcmp.o)
 .glue_7        0x0001068c        0x0 /cygdrive/c/Users/tony_sid/Desktop/CmpE146Package/GNUARM/bin/../lib/gcc/arm-elf/4.3.2/../../../../arm-elf/lib/libc.a(lib_a-strlen.o)
 .glue_7        0x0001068c        0x0 /cygdrive/c/Users/tony_sid/Desktop/CmpE146Package/GNUARM/bin/../lib/gcc/arm-elf/4.3.2/../../../../arm-elf/lib/libc.a(lib_a-strncpy.o)
 .glue_7        0x0001068c        0x0 /cygdrive/c/Users/tony_sid/Desktop/CmpE146Package/GNUARM/bin/../lib/gcc/arm-elf/4.3.2/../../../../arm-elf/lib/libc.a(lib_a-strtok.o)
 .glue_7        0x0001068c        0x0 /cygdrive/c/Users/tony_sid/Desktop/CmpE146Package/GNUARM/bin/../lib/gcc/arm-elf/4.3.2/../../../../arm-elf/lib/libc.a(lib_a-strtok_r.o)
 .glue_7        0x0001068c        0x0 /cygdrive/c/Users/tony_sid/Desktop/CmpE146Package/GNUARM/bin/../lib/gcc/arm-elf/4.3.2/../../../../arm-elf/lib/libc.a(lib_a-strtol.o)
 .glue_7        0x0001068c        0x0 /cygdrive/c/Users/tony_sid/Desktop/CmpE146Package/GNUARM/bin/../lib/gcc/arm-elf/4.3.2/../../../../arm-elf/lib/libc.a(lib_a-vfiprintf.o)
 .glue_7        0x0001068c        0x0 /cygdrive/c/Users/tony_sid/Desktop/CmpE146Package/GNUARM/bin/../lib/gcc/arm-elf/4.3.2/../../../../arm-elf/lib/libc.a(lib_a-wsetup.o)
 .glue_7        0x0001068c        0x0 /cygdrive/c/Users/tony_sid/Desktop/CmpE146Package/GNUARM/bin/../lib/gcc/arm-elf/4.3.2/../../../../arm-elf/lib/libc.a(lib_a-ctype_.o)
 .glue_7        0x0001068c        0x0 /cygdrive/c/Users/tony_sid/Desktop/CmpE146Package/GNUARM/bin/../lib/gcc/arm-elf/4.3.2/../../../../arm-elf/lib/libc.a(lib_a-fflush.o)
 .glue_7        0x0001068c        0x0 /cygdrive/c/Users/tony_sid/Desktop/CmpE146Package/GNUARM/bin/../lib/gcc/arm-elf/4.3.2/../../../../arm-elf/lib/libc.a(lib_a-findfp.o)
 .glue_7        0x0001068c        0x0 /cygdrive/c/Users/tony_sid/Desktop/CmpE146Package/GNUARM/bin/../lib/gcc/arm-elf/4.3.2/../../../../arm-elf/lib/libc.a(lib_a-freer.o)
 .glue_7        0x0001068c        0x0 /cygdrive/c/Users/tony_sid/Desktop/CmpE146Package/GNUARM/bin/../lib/gcc/arm-elf/4.3.2/../../../../arm-elf/lib/libc.a(lib_a-fvwrite.o)
 .glue_7        0x0001068c        0x0 /cygdrive/c/Users/tony_sid/Desktop/CmpE146Package/GNUARM/bin/../lib/gcc/arm-elf/4.3.2/../../../../arm-elf/lib/libc.a(lib_a-fwalk.o)
 .glue_7        0x0001068c        0x0 /cygdrive/c/Users/tony_sid/Desktop/CmpE146Package/GNUARM/bin/../lib/gcc/arm-elf/4.3.2/../../../../arm-elf/lib/libc.a(lib_a-impure.o)
 .glue_7        0x0001068c        0x0 /cygdrive/c/Users/tony_sid/Desktop/CmpE146Package/GNUARM/bin/../lib/gcc/arm-elf/4.3.2/../../../../arm-elf/lib/libc.a(lib_a-makebuf.o)
 .glue_7        0x0001068c        0x0 /cygdrive/c/Users/tony_sid/Desktop/CmpE146Package/GNUARM/bin/../lib/gcc/arm-elf/4.3.2/../../../../arm-elf/lib/libc.a(lib_a-memchr.o)
 .glue_7        0x0001068c        0x0 /cygdrive/c/Users/tony_sid/Desktop/CmpE146Package/GNUARM/bin/../lib/gcc/arm-elf/4.3.2/../../../../arm-elf/lib/libc.a(lib_a-memmove.o)
 .glue_7        0x0001068c        0x0 /cygdrive/c/Users/tony_sid/Desktop/CmpE146Package/GNUARM/bin/../lib/gcc/arm-elf/4.3.2/../../../../arm-elf/lib/libc.a(lib_a-reallocr.o)
 .glue_7        0x0001068c        0x0 /cygdrive/c/Users/tony_sid/Desktop/CmpE146Package/GNUARM/bin/../lib/gcc/arm-elf/4.3.2/../../../../arm-elf/lib/libc.a(lib_a-stdio.o)
 .glue_7        0x0001068c        0x0 /cygdrive/c/Users/tony_sid/Desktop/CmpE146Package/GNUARM/bin/../lib/gcc/arm-elf/4.3.2/../../../../arm-elf/lib/libc.a(lib_a-fclose.o)
 *(.glue_7t)
 .glue_7t       0x0001068c        0x0 ./Startup.o
 .glue_7t       0x0001068c        0x0 ./main.o
 .glue_7t       0x0001068c        0x0 ./fat/diskio.o
 .glue_7t       0x0001068c        0x0 ./fat/ff.o
 .glue_7t       0x0001068c        0x0 ./fat/rtc.o
 .glue_7t       0x0001068c        0x0 ./fat/option/ccsbcs.o
 .glue_7t       0x0001068c        0x0 ./fat/option/reentrant.o
 .glue_7t       0x0001068c        0x0 ./drivers/uart/uart0.o
 .glue_7t       0x0001068c        0x0 ./drivers/uart/uart1.o
 .glue_7t       0x0001068c        0x0 ./drivers/i2c.o
 .glue_7t       0x0001068c        0x0 ./drivers/pcm1774.o
 .glue_7t       0x0001068c        0x0 ./drivers/ssp_spi.o
 .glue_7t       0x0001068c        0x0 ./drivers/sta013.o
 .glue_7t       0x0001068c        0x0 ./System/cpu.o
 .glue_7t       0x0001068c        0x0 ./System/crash.o
 .glue_7t       0x0001068c        0x0 ./System/fiqISR.o
 .glue_7t       0x0001068c        0x0 ./System/rprintf.o
 .glue_7t       0x0001068c        0x0 ./System/syscalls.o
 .glue_7t       0x0001068c        0x0 ./System/watchdog.o
 .glue_7t       0x0001068c        0x0 ./General/userInterface.o
 .glue_7t       0x0001068c        0x0 ./FreeRTOS/croutine.o
 .glue_7t       0x0001068c        0x0 ./FreeRTOS/heap_3.o
 .glue_7t       0x0001068c        0x0 ./FreeRTOS/list.o
 .glue_7t       0x0001068c        0x0 ./FreeRTOS/port.o
 .glue_7t       0x0001068c        0x0 ./FreeRTOS/portISR.o
 .glue_7t       0x0001068c        0x0 ./FreeRTOS/queue.o
 .glue_7t       0x0001068c        0x0 ./FreeRTOS/tasks.o
 .glue_7t       0x0001068c        0x0 ./FreeRTOS/hooks/hooks.o
 .glue_7t       0x0001068c        0x0 /cygdrive/c/Users/tony_sid/Desktop/CmpE146Package/GNUARM/bin/../lib/gcc/arm-elf/4.3.2/libgcc.a(_udivsi3.o)
 .glue_7t       0x0001068c        0x0 /cygdrive/c/Users/tony_sid/Desktop/CmpE146Package/GNUARM/bin/../lib/gcc/arm-elf/4.3.2/libgcc.a(_divsi3.o)
 .glue_7t       0x0001068c        0x0 /cygdrive/c/Users/tony_sid/Desktop/CmpE146Package/GNUARM/bin/../lib/gcc/arm-elf/4.3.2/libgcc.a(_umodsi3.o)
 .glue_7t       0x0001068c        0x0 /cygdrive/c/Users/tony_sid/Desktop/CmpE146Package/GNUARM/bin/../lib/gcc/arm-elf/4.3.2/libgcc.a(_dvmd_tls.o)
 .glue_7t       0x0001068c        0x0 /cygdrive/c/Users/tony_sid/Desktop/CmpE146Package/GNUARM/bin/../lib/gcc/arm-elf/4.3.2/libgcc.a(_divdi3.o)
 .glue_7t       0x0001068c        0x0 /cygdrive/c/Users/tony_sid/Desktop/CmpE146Package/GNUARM/bin/../lib/gcc/arm-elf/4.3.2/libgcc.a(_udivdi3.o)
 .glue_7t       0x0001068c        0x0 /cygdrive/c/Users/tony_sid/Desktop/CmpE146Package/GNUARM/bin/../lib/gcc/arm-elf/4.3.2/libgcc.a(_clz.o)
 .glue_7t       0x0001068c        0x0 /cygdrive/c/Users/tony_sid/Desktop/CmpE146Package/GNUARM/bin/../lib/gcc/arm-elf/4.3.2/../../../../arm-elf/lib/libc.a(lib_a-atoi.o)
 .glue_7t       0x0001068c        0x0 /cygdrive/c/Users/tony_sid/Desktop/CmpE146Package/GNUARM/bin/../lib/gcc/arm-elf/4.3.2/../../../../arm-elf/lib/libc.a(lib_a-iprintf.o)
 .glue_7t       0x0001068c        0x0 /cygdrive/c/Users/tony_sid/Desktop/CmpE146Package/GNUARM/bin/../lib/gcc/arm-elf/4.3.2/../../../../arm-elf/lib/libc.a(lib_a-malloc.o)
 .glue_7t       0x0001068c        0x0 /cygdrive/c/Users/tony_sid/Desktop/CmpE146Package/GNUARM/bin/../lib/gcc/arm-elf/4.3.2/../../../../arm-elf/lib/libc.a(lib_a-mallocr.o)
 .glue_7t       0x0001068c        0x0 /cygdrive/c/Users/tony_sid/Desktop/CmpE146Package/GNUARM/bin/../lib/gcc/arm-elf/4.3.2/../../../../arm-elf/lib/libc.a(lib_a-memcmp.o)
 .glue_7t       0x0001068c        0x0 /cygdrive/c/Users/tony_sid/Desktop/CmpE146Package/GNUARM/bin/../lib/gcc/arm-elf/4.3.2/../../../../arm-elf/lib/libc.a(lib_a-memcpy.o)
 .glue_7t       0x0001068c        0x0 /cygdrive/c/Users/tony_sid/Desktop/CmpE146Package/GNUARM/bin/../lib/gcc/arm-elf/4.3.2/../../../../arm-elf/lib/libc.a(lib_a-memset.o)
 .glue_7t       0x0001068c        0x0 /cygdrive/c/Users/tony_sid/Desktop/CmpE146Package/GNUARM/bin/../lib/gcc/arm-elf/4.3.2/../../../../arm-elf/lib/libc.a(lib_a-mlock.o)
 .glue_7t       0x0001068c        0x0 /cygdrive/c/Users/tony_sid/Desktop/CmpE146Package/GNUARM/bin/../lib/gcc/arm-elf/4.3.2/../../../../arm-elf/lib/libc.a(lib_a-siprintf.o)
 .glue_7t       0x0001068c        0x0 /cygdrive/c/Users/tony_sid/Desktop/CmpE146Package/GNUARM/bin/../lib/gcc/arm-elf/4.3.2/../../../../arm-elf/lib/libc.a(lib_a-strcmp.o)
 .glue_7t       0x0001068c        0x0 /cygdrive/c/Users/tony_sid/Desktop/CmpE146Package/GNUARM/bin/../lib/gcc/arm-elf/4.3.2/../../../../arm-elf/lib/libc.a(lib_a-strlen.o)
 .glue_7t       0x0001068c        0x0 /cygdrive/c/Users/tony_sid/Desktop/CmpE146Package/GNUARM/bin/../lib/gcc/arm-elf/4.3.2/../../../../arm-elf/lib/libc.a(lib_a-strncpy.o)
 .glue_7t       0x0001068c        0x0 /cygdrive/c/Users/tony_sid/Desktop/CmpE146Package/GNUARM/bin/../lib/gcc/arm-elf/4.3.2/../../../../arm-elf/lib/libc.a(lib_a-strtok.o)
 .glue_7t       0x0001068c        0x0 /cygdrive/c/Users/tony_sid/Desktop/CmpE146Package/GNUARM/bin/../lib/gcc/arm-elf/4.3.2/../../../../arm-elf/lib/libc.a(lib_a-strtok_r.o)
 .glue_7t       0x0001068c        0x0 /cygdrive/c/Users/tony_sid/Desktop/CmpE146Package/GNUARM/bin/../lib/gcc/arm-elf/4.3.2/../../../../arm-elf/lib/libc.a(lib_a-strtol.o)
 .glue_7t       0x0001068c        0x0 /cygdrive/c/Users/tony_sid/Desktop/CmpE146Package/GNUARM/bin/../lib/gcc/arm-elf/4.3.2/../../../../arm-elf/lib/libc.a(lib_a-vfiprintf.o)
 .glue_7t       0x0001068c        0x0 /cygdrive/c/Users/tony_sid/Desktop/CmpE146Package/GNUARM/bin/../lib/gcc/arm-elf/4.3.2/../../../../arm-elf/lib/libc.a(lib_a-wsetup.o)
 .glue_7t       0x0001068c        0x0 /cygdrive/c/Users/tony_sid/Desktop/CmpE146Package/GNUARM/bin/../lib/gcc/arm-elf/4.3.2/../../../../arm-elf/lib/libc.a(lib_a-ctype_.o)
 .glue_7t       0x0001068c        0x0 /cygdrive/c/Users/tony_sid/Desktop/CmpE146Package/GNUARM/bin/../lib/gcc/arm-elf/4.3.2/../../../../arm-elf/lib/libc.a(lib_a-fflush.o)
 .glue_7t       0x0001068c        0x0 /cygdrive/c/Users/tony_sid/Desktop/CmpE146Package/GNUARM/bin/../lib/gcc/arm-elf/4.3.2/../../../../arm-elf/lib/libc.a(lib_a-findfp.o)
 .glue_7t       0x0001068c        0x0 /cygdrive/c/Users/tony_sid/Desktop/CmpE146Package/GNUARM/bin/../lib/gcc/arm-elf/4.3.2/../../../../arm-elf/lib/libc.a(lib_a-freer.o)
 .glue_7t       0x0001068c        0x0 /cygdrive/c/Users/tony_sid/Desktop/CmpE146Package/GNUARM/bin/../lib/gcc/arm-elf/4.3.2/../../../../arm-elf/lib/libc.a(lib_a-fvwrite.o)
 .glue_7t       0x0001068c        0x0 /cygdrive/c/Users/tony_sid/Desktop/CmpE146Package/GNUARM/bin/../lib/gcc/arm-elf/4.3.2/../../../../arm-elf/lib/libc.a(lib_a-fwalk.o)
 .glue_7t       0x0001068c        0x0 /cygdrive/c/Users/tony_sid/Desktop/CmpE146Package/GNUARM/bin/../lib/gcc/arm-elf/4.3.2/../../../../arm-elf/lib/libc.a(lib_a-impure.o)
 .glue_7t       0x0001068c        0x0 /cygdrive/c/Users/tony_sid/Desktop/CmpE146Package/GNUARM/bin/../lib/gcc/arm-elf/4.3.2/../../../../arm-elf/lib/libc.a(lib_a-makebuf.o)
 .glue_7t       0x0001068c        0x0 /cygdrive/c/Users/tony_sid/Desktop/CmpE146Package/GNUARM/bin/../lib/gcc/arm-elf/4.3.2/../../../../arm-elf/lib/libc.a(lib_a-memchr.o)
 .glue_7t       0x0001068c        0x0 /cygdrive/c/Users/tony_sid/Desktop/CmpE146Package/GNUARM/bin/../lib/gcc/arm-elf/4.3.2/../../../../arm-elf/lib/libc.a(lib_a-memmove.o)
 .glue_7t       0x0001068c        0x0 /cygdrive/c/Users/tony_sid/Desktop/CmpE146Package/GNUARM/bin/../lib/gcc/arm-elf/4.3.2/../../../../arm-elf/lib/libc.a(lib_a-reallocr.o)
 .glue_7t       0x0001068c        0x0 /cygdrive/c/Users/tony_sid/Desktop/CmpE146Package/GNUARM/bin/../lib/gcc/arm-elf/4.3.2/../../../../arm-elf/lib/libc.a(lib_a-stdio.o)
 .glue_7t       0x0001068c        0x0 /cygdrive/c/Users/tony_sid/Desktop/CmpE146Package/GNUARM/bin/../lib/gcc/arm-elf/4.3.2/../../../../arm-elf/lib/libc.a(lib_a-fclose.o)
                0x0001068c                __end_of_glue7__ = .
                0x0001068c                __end_of_text__ = .

.intvects       0x40000000       0x40 load address 0x0001068c
                0x40000000                __intvects_beg__ = .
                0x0001068c                __intvects_beg_src__ = __end_of_text__
 *(.intvects)
 .intvects      0x40000000       0x40 ./Startup.o
                0x40000000                __intvects
                0x40000040                __intvects_end__ = .
                0x000106cc                __end_of_intvects__ = (__end_of_text__ + (__intvects_end__ - __intvects_beg__))

.vfp11_veneer   0x000106cc        0x0 load address 0x40000040
 .vfp11_veneer  0x000106cc        0x0 ./Startup.o
 .vfp11_veneer  0x000106cc        0x0 ./main.o
 .vfp11_veneer  0x000106cc        0x0 ./fat/diskio.o
 .vfp11_veneer  0x000106cc        0x0 ./fat/ff.o
 .vfp11_veneer  0x000106cc        0x0 ./fat/rtc.o
 .vfp11_veneer  0x000106cc        0x0 ./fat/option/ccsbcs.o
 .vfp11_veneer  0x000106cc        0x0 ./fat/option/reentrant.o
 .vfp11_veneer  0x000106cc        0x0 ./drivers/uart/uart0.o
 .vfp11_veneer  0x000106cc        0x0 ./drivers/uart/uart1.o
 .vfp11_veneer  0x000106cc        0x0 ./drivers/i2c.o
 .vfp11_veneer  0x000106cc        0x0 ./drivers/pcm1774.o
 .vfp11_veneer  0x000106cc        0x0 ./drivers/ssp_spi.o
 .vfp11_veneer  0x000106cc        0x0 ./drivers/sta013.o
 .vfp11_veneer  0x000106cc        0x0 ./System/cpu.o
 .vfp11_veneer  0x000106cc        0x0 ./System/crash.o
 .vfp11_veneer  0x000106cc        0x0 ./System/fiqISR.o
 .vfp11_veneer  0x000106cc        0x0 ./System/rprintf.o
 .vfp11_veneer  0x000106cc        0x0 ./System/syscalls.o
 .vfp11_veneer  0x000106cc        0x0 ./System/watchdog.o
 .vfp11_veneer  0x000106cc        0x0 ./General/userInterface.o
 .vfp11_veneer  0x000106cc        0x0 ./FreeRTOS/croutine.o
 .vfp11_veneer  0x000106cc        0x0 ./FreeRTOS/heap_3.o
 .vfp11_veneer  0x000106cc        0x0 ./FreeRTOS/list.o
 .vfp11_veneer  0x000106cc        0x0 ./FreeRTOS/port.o
 .vfp11_veneer  0x000106cc        0x0 ./FreeRTOS/portISR.o
 .vfp11_veneer  0x000106cc        0x0 ./FreeRTOS/queue.o
 .vfp11_veneer  0x000106cc        0x0 ./FreeRTOS/tasks.o
 .vfp11_veneer  0x000106cc        0x0 ./FreeRTOS/hooks/hooks.o
 .vfp11_veneer  0x000106cc        0x0 /cygdrive/c/Users/tony_sid/Desktop/CmpE146Package/GNUARM/bin/../lib/gcc/arm-elf/4.3.2/libgcc.a(_udivsi3.o)
 .vfp11_veneer  0x000106cc        0x0 /cygdrive/c/Users/tony_sid/Desktop/CmpE146Package/GNUARM/bin/../lib/gcc/arm-elf/4.3.2/libgcc.a(_divsi3.o)
 .vfp11_veneer  0x000106cc        0x0 /cygdrive/c/Users/tony_sid/Desktop/CmpE146Package/GNUARM/bin/../lib/gcc/arm-elf/4.3.2/libgcc.a(_umodsi3.o)
 .vfp11_veneer  0x000106cc        0x0 /cygdrive/c/Users/tony_sid/Desktop/CmpE146Package/GNUARM/bin/../lib/gcc/arm-elf/4.3.2/libgcc.a(_dvmd_tls.o)
 .vfp11_veneer  0x000106cc        0x0 /cygdrive/c/Users/tony_sid/Desktop/CmpE146Package/GNUARM/bin/../lib/gcc/arm-elf/4.3.2/libgcc.a(_divdi3.o)
 .vfp11_veneer  0x000106cc        0x0 /cygdrive/c/Users/tony_sid/Desktop/CmpE146Package/GNUARM/bin/../lib/gcc/arm-elf/4.3.2/libgcc.a(_udivdi3.o)
 .vfp11_veneer  0x000106cc        0x0 /cygdrive/c/Users/tony_sid/Desktop/CmpE146Package/GNUARM/bin/../lib/gcc/arm-elf/4.3.2/libgcc.a(_clz.o)
 .vfp11_veneer  0x000106cc        0x0 /cygdrive/c/Users/tony_sid/Desktop/CmpE146Package/GNUARM/bin/../lib/gcc/arm-elf/4.3.2/../../../../arm-elf/lib/libc.a(lib_a-atoi.o)
 .vfp11_veneer  0x000106cc        0x0 /cygdrive/c/Users/tony_sid/Desktop/CmpE146Package/GNUARM/bin/../lib/gcc/arm-elf/4.3.2/../../../../arm-elf/lib/libc.a(lib_a-iprintf.o)
 .vfp11_veneer  0x000106cc        0x0 /cygdrive/c/Users/tony_sid/Desktop/CmpE146Package/GNUARM/bin/../lib/gcc/arm-elf/4.3.2/../../../../arm-elf/lib/libc.a(lib_a-malloc.o)
 .vfp11_veneer  0x000106cc        0x0 /cygdrive/c/Users/tony_sid/Desktop/CmpE146Package/GNUARM/bin/../lib/gcc/arm-elf/4.3.2/../../../../arm-elf/lib/libc.a(lib_a-mallocr.o)
 .vfp11_veneer  0x000106cc        0x0 /cygdrive/c/Users/tony_sid/Desktop/CmpE146Package/GNUARM/bin/../lib/gcc/arm-elf/4.3.2/../../../../arm-elf/lib/libc.a(lib_a-memcmp.o)
 .vfp11_veneer  0x000106cc        0x0 /cygdrive/c/Users/tony_sid/Desktop/CmpE146Package/GNUARM/bin/../lib/gcc/arm-elf/4.3.2/../../../../arm-elf/lib/libc.a(lib_a-memcpy.o)
 .vfp11_veneer  0x000106cc        0x0 /cygdrive/c/Users/tony_sid/Desktop/CmpE146Package/GNUARM/bin/../lib/gcc/arm-elf/4.3.2/../../../../arm-elf/lib/libc.a(lib_a-memset.o)
 .vfp11_veneer  0x000106cc        0x0 /cygdrive/c/Users/tony_sid/Desktop/CmpE146Package/GNUARM/bin/../lib/gcc/arm-elf/4.3.2/../../../../arm-elf/lib/libc.a(lib_a-mlock.o)
 .vfp11_veneer  0x000106cc        0x0 /cygdrive/c/Users/tony_sid/Desktop/CmpE146Package/GNUARM/bin/../lib/gcc/arm-elf/4.3.2/../../../../arm-elf/lib/libc.a(lib_a-siprintf.o)
 .vfp11_veneer  0x000106cc        0x0 /cygdrive/c/Users/tony_sid/Desktop/CmpE146Package/GNUARM/bin/../lib/gcc/arm-elf/4.3.2/../../../../arm-elf/lib/libc.a(lib_a-strcmp.o)
 .vfp11_veneer  0x000106cc        0x0 /cygdrive/c/Users/tony_sid/Desktop/CmpE146Package/GNUARM/bin/../lib/gcc/arm-elf/4.3.2/../../../../arm-elf/lib/libc.a(lib_a-strlen.o)
 .vfp11_veneer  0x000106cc        0x0 /cygdrive/c/Users/tony_sid/Desktop/CmpE146Package/GNUARM/bin/../lib/gcc/arm-elf/4.3.2/../../../../arm-elf/lib/libc.a(lib_a-strncpy.o)
 .vfp11_veneer  0x000106cc        0x0 /cygdrive/c/Users/tony_sid/Desktop/CmpE146Package/GNUARM/bin/../lib/gcc/arm-elf/4.3.2/../../../../arm-elf/lib/libc.a(lib_a-strtok.o)
 .vfp11_veneer  0x000106cc        0x0 /cygdrive/c/Users/tony_sid/Desktop/CmpE146Package/GNUARM/bin/../lib/gcc/arm-elf/4.3.2/../../../../arm-elf/lib/libc.a(lib_a-strtok_r.o)
 .vfp11_veneer  0x000106cc        0x0 /cygdrive/c/Users/tony_sid/Desktop/CmpE146Package/GNUARM/bin/../lib/gcc/arm-elf/4.3.2/../../../../arm-elf/lib/libc.a(lib_a-strtol.o)
 .vfp11_veneer  0x000106cc        0x0 /cygdrive/c/Users/tony_sid/Desktop/CmpE146Package/GNUARM/bin/../lib/gcc/arm-elf/4.3.2/../../../../arm-elf/lib/libc.a(lib_a-vfiprintf.o)
 .vfp11_veneer  0x000106cc        0x0 /cygdrive/c/Users/tony_sid/Desktop/CmpE146Package/GNUARM/bin/../lib/gcc/arm-elf/4.3.2/../../../../arm-elf/lib/libc.a(lib_a-wsetup.o)
 .vfp11_veneer  0x000106cc        0x0 /cygdrive/c/Users/tony_sid/Desktop/CmpE146Package/GNUARM/bin/../lib/gcc/arm-elf/4.3.2/../../../../arm-elf/lib/libc.a(lib_a-ctype_.o)
 .vfp11_veneer  0x000106cc        0x0 /cygdrive/c/Users/tony_sid/Desktop/CmpE146Package/GNUARM/bin/../lib/gcc/arm-elf/4.3.2/../../../../arm-elf/lib/libc.a(lib_a-fflush.o)
 .vfp11_veneer  0x000106cc        0x0 /cygdrive/c/Users/tony_sid/Desktop/CmpE146Package/GNUARM/bin/../lib/gcc/arm-elf/4.3.2/../../../../arm-elf/lib/libc.a(lib_a-findfp.o)
 .vfp11_veneer  0x000106cc        0x0 /cygdrive/c/Users/tony_sid/Desktop/CmpE146Package/GNUARM/bin/../lib/gcc/arm-elf/4.3.2/../../../../arm-elf/lib/libc.a(lib_a-freer.o)
 .vfp11_veneer  0x000106cc        0x0 /cygdrive/c/Users/tony_sid/Desktop/CmpE146Package/GNUARM/bin/../lib/gcc/arm-elf/4.3.2/../../../../arm-elf/lib/libc.a(lib_a-fvwrite.o)
 .vfp11_veneer  0x000106cc        0x0 /cygdrive/c/Users/tony_sid/Desktop/CmpE146Package/GNUARM/bin/../lib/gcc/arm-elf/4.3.2/../../../../arm-elf/lib/libc.a(lib_a-fwalk.o)
 .vfp11_veneer  0x000106cc        0x0 /cygdrive/c/Users/tony_sid/Desktop/CmpE146Package/GNUARM/bin/../lib/gcc/arm-elf/4.3.2/../../../../arm-elf/lib/libc.a(lib_a-impure.o)
 .vfp11_veneer  0x000106cc        0x0 /cygdrive/c/Users/tony_sid/Desktop/CmpE146Package/GNUARM/bin/../lib/gcc/arm-elf/4.3.2/../../../../arm-elf/lib/libc.a(lib_a-makebuf.o)
 .vfp11_veneer  0x000106cc        0x0 /cygdrive/c/Users/tony_sid/Desktop/CmpE146Package/GNUARM/bin/../lib/gcc/arm-elf/4.3.2/../../../../arm-elf/lib/libc.a(lib_a-memchr.o)
 .vfp11_veneer  0x000106cc        0x0 /cygdrive/c/Users/tony_sid/Desktop/CmpE146Package/GNUARM/bin/../lib/gcc/arm-elf/4.3.2/../../../../arm-elf/lib/libc.a(lib_a-memmove.o)
 .vfp11_veneer  0x000106cc        0x0 /cygdrive/c/Users/tony_sid/Desktop/CmpE146Package/GNUARM/bin/../lib/gcc/arm-elf/4.3.2/../../../../arm-elf/lib/libc.a(lib_a-reallocr.o)
 .vfp11_veneer  0x000106cc        0x0 /cygdrive/c/Users/tony_sid/Desktop/CmpE146Package/GNUARM/bin/../lib/gcc/arm-elf/4.3.2/../../../../arm-elf/lib/libc.a(lib_a-stdio.o)
 .vfp11_veneer  0x000106cc        0x0 /cygdrive/c/Users/tony_sid/Desktop/CmpE146Package/GNUARM/bin/../lib/gcc/arm-elf/4.3.2/../../../../arm-elf/lib/libc.a(lib_a-fclose.o)

.v4_bx          0x000106cc        0x0 load address 0x40000040
 .v4_bx         0x000106cc        0x0 ./Startup.o
 .v4_bx         0x000106cc        0x0 ./main.o
 .v4_bx         0x000106cc        0x0 ./fat/diskio.o
 .v4_bx         0x000106cc        0x0 ./fat/ff.o
 .v4_bx         0x000106cc        0x0 ./fat/rtc.o
 .v4_bx         0x000106cc        0x0 ./fat/option/ccsbcs.o
 .v4_bx         0x000106cc        0x0 ./fat/option/reentrant.o
 .v4_bx         0x000106cc        0x0 ./drivers/uart/uart0.o
 .v4_bx         0x000106cc        0x0 ./drivers/uart/uart1.o
 .v4_bx         0x000106cc        0x0 ./drivers/i2c.o
 .v4_bx         0x000106cc        0x0 ./drivers/pcm1774.o
 .v4_bx         0x000106cc        0x0 ./drivers/ssp_spi.o
 .v4_bx         0x000106cc        0x0 ./drivers/sta013.o
 .v4_bx         0x000106cc        0x0 ./System/cpu.o
 .v4_bx         0x000106cc        0x0 ./System/crash.o
 .v4_bx         0x000106cc        0x0 ./System/fiqISR.o
 .v4_bx         0x000106cc        0x0 ./System/rprintf.o
 .v4_bx         0x000106cc        0x0 ./System/syscalls.o
 .v4_bx         0x000106cc        0x0 ./System/watchdog.o
 .v4_bx         0x000106cc        0x0 ./General/userInterface.o
 .v4_bx         0x000106cc        0x0 ./FreeRTOS/croutine.o
 .v4_bx         0x000106cc        0x0 ./FreeRTOS/heap_3.o
 .v4_bx         0x000106cc        0x0 ./FreeRTOS/list.o
 .v4_bx         0x000106cc        0x0 ./FreeRTOS/port.o
 .v4_bx         0x000106cc        0x0 ./FreeRTOS/portISR.o
 .v4_bx         0x000106cc        0x0 ./FreeRTOS/queue.o
 .v4_bx         0x000106cc        0x0 ./FreeRTOS/tasks.o
 .v4_bx         0x000106cc        0x0 ./FreeRTOS/hooks/hooks.o
 .v4_bx         0x000106cc        0x0 /cygdrive/c/Users/tony_sid/Desktop/CmpE146Package/GNUARM/bin/../lib/gcc/arm-elf/4.3.2/libgcc.a(_udivsi3.o)
 .v4_bx         0x000106cc        0x0 /cygdrive/c/Users/tony_sid/Desktop/CmpE146Package/GNUARM/bin/../lib/gcc/arm-elf/4.3.2/libgcc.a(_divsi3.o)
 .v4_bx         0x000106cc        0x0 /cygdrive/c/Users/tony_sid/Desktop/CmpE146Package/GNUARM/bin/../lib/gcc/arm-elf/4.3.2/libgcc.a(_umodsi3.o)
 .v4_bx         0x000106cc        0x0 /cygdrive/c/Users/tony_sid/Desktop/CmpE146Package/GNUARM/bin/../lib/gcc/arm-elf/4.3.2/libgcc.a(_dvmd_tls.o)
 .v4_bx         0x000106cc        0x0 /cygdrive/c/Users/tony_sid/Desktop/CmpE146Package/GNUARM/bin/../lib/gcc/arm-elf/4.3.2/libgcc.a(_divdi3.o)
 .v4_bx         0x000106cc        0x0 /cygdrive/c/Users/tony_sid/Desktop/CmpE146Package/GNUARM/bin/../lib/gcc/arm-elf/4.3.2/libgcc.a(_udivdi3.o)
 .v4_bx         0x000106cc        0x0 /cygdrive/c/Users/tony_sid/Desktop/CmpE146Package/GNUARM/bin/../lib/gcc/arm-elf/4.3.2/libgcc.a(_clz.o)
 .v4_bx         0x000106cc        0x0 /cygdrive/c/Users/tony_sid/Desktop/CmpE146Package/GNUARM/bin/../lib/gcc/arm-elf/4.3.2/../../../../arm-elf/lib/libc.a(lib_a-atoi.o)
 .v4_bx         0x000106cc        0x0 /cygdrive/c/Users/tony_sid/Desktop/CmpE146Package/GNUARM/bin/../lib/gcc/arm-elf/4.3.2/../../../../arm-elf/lib/libc.a(lib_a-iprintf.o)
 .v4_bx         0x000106cc        0x0 /cygdrive/c/Users/tony_sid/Desktop/CmpE146Package/GNUARM/bin/../lib/gcc/arm-elf/4.3.2/../../../../arm-elf/lib/libc.a(lib_a-malloc.o)
 .v4_bx         0x000106cc        0x0 /cygdrive/c/Users/tony_sid/Desktop/CmpE146Package/GNUARM/bin/../lib/gcc/arm-elf/4.3.2/../../../../arm-elf/lib/libc.a(lib_a-mallocr.o)
 .v4_bx         0x000106cc        0x0 /cygdrive/c/Users/tony_sid/Desktop/CmpE146Package/GNUARM/bin/../lib/gcc/arm-elf/4.3.2/../../../../arm-elf/lib/libc.a(lib_a-memcmp.o)
 .v4_bx         0x000106cc        0x0 /cygdrive/c/Users/tony_sid/Desktop/CmpE146Package/GNUARM/bin/../lib/gcc/arm-elf/4.3.2/../../../../arm-elf/lib/libc.a(lib_a-memcpy.o)
 .v4_bx         0x000106cc        0x0 /cygdrive/c/Users/tony_sid/Desktop/CmpE146Package/GNUARM/bin/../lib/gcc/arm-elf/4.3.2/../../../../arm-elf/lib/libc.a(lib_a-memset.o)
 .v4_bx         0x000106cc        0x0 /cygdrive/c/Users/tony_sid/Desktop/CmpE146Package/GNUARM/bin/../lib/gcc/arm-elf/4.3.2/../../../../arm-elf/lib/libc.a(lib_a-mlock.o)
 .v4_bx         0x000106cc        0x0 /cygdrive/c/Users/tony_sid/Desktop/CmpE146Package/GNUARM/bin/../lib/gcc/arm-elf/4.3.2/../../../../arm-elf/lib/libc.a(lib_a-siprintf.o)
 .v4_bx         0x000106cc        0x0 /cygdrive/c/Users/tony_sid/Desktop/CmpE146Package/GNUARM/bin/../lib/gcc/arm-elf/4.3.2/../../../../arm-elf/lib/libc.a(lib_a-strcmp.o)
 .v4_bx         0x000106cc        0x0 /cygdrive/c/Users/tony_sid/Desktop/CmpE146Package/GNUARM/bin/../lib/gcc/arm-elf/4.3.2/../../../../arm-elf/lib/libc.a(lib_a-strlen.o)
 .v4_bx         0x000106cc        0x0 /cygdrive/c/Users/tony_sid/Desktop/CmpE146Package/GNUARM/bin/../lib/gcc/arm-elf/4.3.2/../../../../arm-elf/lib/libc.a(lib_a-strncpy.o)
 .v4_bx         0x000106cc        0x0 /cygdrive/c/Users/tony_sid/Desktop/CmpE146Package/GNUARM/bin/../lib/gcc/arm-elf/4.3.2/../../../../arm-elf/lib/libc.a(lib_a-strtok.o)
 .v4_bx         0x000106cc        0x0 /cygdrive/c/Users/tony_sid/Desktop/CmpE146Package/GNUARM/bin/../lib/gcc/arm-elf/4.3.2/../../../../arm-elf/lib/libc.a(lib_a-strtok_r.o)
 .v4_bx         0x000106cc        0x0 /cygdrive/c/Users/tony_sid/Desktop/CmpE146Package/GNUARM/bin/../lib/gcc/arm-elf/4.3.2/../../../../arm-elf/lib/libc.a(lib_a-strtol.o)
 .v4_bx         0x000106cc        0x0 /cygdrive/c/Users/tony_sid/Desktop/CmpE146Package/GNUARM/bin/../lib/gcc/arm-elf/4.3.2/../../../../arm-elf/lib/libc.a(lib_a-vfiprintf.o)
 .v4_bx         0x000106cc        0x0 /cygdrive/c/Users/tony_sid/Desktop/CmpE146Package/GNUARM/bin/../lib/gcc/arm-elf/4.3.2/../../../../arm-elf/lib/libc.a(lib_a-wsetup.o)
 .v4_bx         0x000106cc        0x0 /cygdrive/c/Users/tony_sid/Desktop/CmpE146Package/GNUARM/bin/../lib/gcc/arm-elf/4.3.2/../../../../arm-elf/lib/libc.a(lib_a-ctype_.o)
 .v4_bx         0x000106cc        0x0 /cygdrive/c/Users/tony_sid/Desktop/CmpE146Package/GNUARM/bin/../lib/gcc/arm-elf/4.3.2/../../../../arm-elf/lib/libc.a(lib_a-fflush.o)
 .v4_bx         0x000106cc        0x0 /cygdrive/c/Users/tony_sid/Desktop/CmpE146Package/GNUARM/bin/../lib/gcc/arm-elf/4.3.2/../../../../arm-elf/lib/libc.a(lib_a-findfp.o)
 .v4_bx         0x000106cc        0x0 /cygdrive/c/Users/tony_sid/Desktop/CmpE146Package/GNUARM/bin/../lib/gcc/arm-elf/4.3.2/../../../../arm-elf/lib/libc.a(lib_a-freer.o)
 .v4_bx         0x000106cc        0x0 /cygdrive/c/Users/tony_sid/Desktop/CmpE146Package/GNUARM/bin/../lib/gcc/arm-elf/4.3.2/../../../../arm-elf/lib/libc.a(lib_a-fvwrite.o)
 .v4_bx         0x000106cc        0x0 /cygdrive/c/Users/tony_sid/Desktop/CmpE146Package/GNUARM/bin/../lib/gcc/arm-elf/4.3.2/../../../../arm-elf/lib/libc.a(lib_a-fwalk.o)
 .v4_bx         0x000106cc        0x0 /cygdrive/c/Users/tony_sid/Desktop/CmpE146Package/GNUARM/bin/../lib/gcc/arm-elf/4.3.2/../../../../arm-elf/lib/libc.a(lib_a-impure.o)
 .v4_bx         0x000106cc        0x0 /cygdrive/c/Users/tony_sid/Desktop/CmpE146Package/GNUARM/bin/../lib/gcc/arm-elf/4.3.2/../../../../arm-elf/lib/libc.a(lib_a-makebuf.o)
 .v4_bx         0x000106cc        0x0 /cygdrive/c/Users/tony_sid/Desktop/CmpE146Package/GNUARM/bin/../lib/gcc/arm-elf/4.3.2/../../../../arm-elf/lib/libc.a(lib_a-memchr.o)
 .v4_bx         0x000106cc        0x0 /cygdrive/c/Users/tony_sid/Desktop/CmpE146Package/GNUARM/bin/../lib/gcc/arm-elf/4.3.2/../../../../arm-elf/lib/libc.a(lib_a-memmove.o)
 .v4_bx         0x000106cc        0x0 /cygdrive/c/Users/tony_sid/Desktop/CmpE146Package/GNUARM/bin/../lib/gcc/arm-elf/4.3.2/../../../../arm-elf/lib/libc.a(lib_a-reallocr.o)
 .v4_bx         0x000106cc        0x0 /cygdrive/c/Users/tony_sid/Desktop/CmpE146Package/GNUARM/bin/../lib/gcc/arm-elf/4.3.2/../../../../arm-elf/lib/libc.a(lib_a-stdio.o)
 .v4_bx         0x000106cc        0x0 /cygdrive/c/Users/tony_sid/Desktop/CmpE146Package/GNUARM/bin/../lib/gcc/arm-elf/4.3.2/../../../../arm-elf/lib/libc.a(lib_a-fclose.o)

.protected      0x40000040       0x78
                0x40000040                __protected_beg__ = .
 *(.protected)
 .protected     0x40000040       0x78 ./Startup.o
                0x40000040                __abort_dat
                0x400000b8                __protected_end__ = .

.data           0x400000b8      0x85c load address 0x000106cc
                0x400000b8                __data_beg__ = .
                0x000106cc                __data_beg_src__ = __end_of_intvects__
 *(.data)
 .data          0x400000b8       0x3c ./Startup.o
                0x400000c8                __stack_beg_fiq
                0x400000c0                __stack_beg_abt
                0x400000b8                __stack_beg_und
                0x400000d8                __stack_beg_svc
                0x400000d0                __stack_beg_irq
                0x400000cc                __stack_end_fiq
                0x400000c4                __stack_end_abt
                0x400000ec                __heap_beg
                0x400000dc                __stack_end_svc
                0x400000e0                __stack_beg_sys
                0x400000f0                __heap_end
                0x400000bc                __stack_end_und
                0x400000e4                __stack_end_sys
                0x400000e8                __heap_max
                0x400000d4                __stack_end_irq
 .data          0x400000f4        0x0 ./main.o
 .data          0x400000f4        0x1 ./fat/diskio.o
                0x400000f4                Stat
 .data          0x400000f5        0x0 ./fat/ff.o
 .data          0x400000f5        0x0 ./fat/rtc.o
 .data          0x400000f5        0x0 ./fat/option/ccsbcs.o
 .data          0x400000f5        0x0 ./fat/option/reentrant.o
 .data          0x400000f5        0x0 ./drivers/uart/uart0.o
 .data          0x400000f5        0x0 ./drivers/uart/uart1.o
 .data          0x400000f5        0x0 ./drivers/i2c.o
 .data          0x400000f5        0x0 ./drivers/pcm1774.o
 .data          0x400000f5        0x0 ./drivers/ssp_spi.o
 .data          0x400000f5        0x0 ./drivers/sta013.o
 .data          0x400000f5        0x0 ./System/cpu.o
 .data          0x400000f5        0x0 ./System/crash.o
 .data          0x400000f5        0x0 ./System/fiqISR.o
 .data          0x400000f5        0x0 ./System/rprintf.o
 .data          0x400000f5        0x0 ./System/syscalls.o
 .data          0x400000f5        0x0 ./System/watchdog.o
 .data          0x400000f5        0x0 ./General/userInterface.o
 .data          0x400000f5        0x0 ./FreeRTOS/croutine.o
 .data          0x400000f5        0x0 ./FreeRTOS/heap_3.o
 .data          0x400000f5        0x0 ./FreeRTOS/list.o
 .data          0x400000f5        0x0 ./FreeRTOS/port.o
 *fill*         0x400000f5        0x3 00
 .data          0x400000f8        0x4 ./FreeRTOS/portISR.o
                0x400000f8                ulCriticalNesting
 .data          0x400000fc        0x0 ./FreeRTOS/queue.o
 .data          0x400000fc        0x0 ./FreeRTOS/tasks.o
 .data          0x400000fc        0x0 ./FreeRTOS/hooks/hooks.o
 .data          0x400000fc        0x0 /cygdrive/c/Users/tony_sid/Desktop/CmpE146Package/GNUARM/bin/../lib/gcc/arm-elf/4.3.2/libgcc.a(_udivsi3.o)
 .data          0x400000fc        0x0 /cygdrive/c/Users/tony_sid/Desktop/CmpE146Package/GNUARM/bin/../lib/gcc/arm-elf/4.3.2/libgcc.a(_divsi3.o)
 .data          0x400000fc        0x0 /cygdrive/c/Users/tony_sid/Desktop/CmpE146Package/GNUARM/bin/../lib/gcc/arm-elf/4.3.2/libgcc.a(_umodsi3.o)
 .data          0x400000fc        0x0 /cygdrive/c/Users/tony_sid/Desktop/CmpE146Package/GNUARM/bin/../lib/gcc/arm-elf/4.3.2/libgcc.a(_dvmd_tls.o)
 .data          0x400000fc        0x0 /cygdrive/c/Users/tony_sid/Desktop/CmpE146Package/GNUARM/bin/../lib/gcc/arm-elf/4.3.2/libgcc.a(_divdi3.o)
 .data          0x400000fc        0x0 /cygdrive/c/Users/tony_sid/Desktop/CmpE146Package/GNUARM/bin/../lib/gcc/arm-elf/4.3.2/libgcc.a(_udivdi3.o)
 .data          0x400000fc        0x0 /cygdrive/c/Users/tony_sid/Desktop/CmpE146Package/GNUARM/bin/../lib/gcc/arm-elf/4.3.2/libgcc.a(_clz.o)
 .data          0x400000fc        0x0 /cygdrive/c/Users/tony_sid/Desktop/CmpE146Package/GNUARM/bin/../lib/gcc/arm-elf/4.3.2/../../../../arm-elf/lib/libc.a(lib_a-atoi.o)
 .data          0x400000fc        0x0 /cygdrive/c/Users/tony_sid/Desktop/CmpE146Package/GNUARM/bin/../lib/gcc/arm-elf/4.3.2/../../../../arm-elf/lib/libc.a(lib_a-iprintf.o)
 .data          0x400000fc        0x0 /cygdrive/c/Users/tony_sid/Desktop/CmpE146Package/GNUARM/bin/../lib/gcc/arm-elf/4.3.2/../../../../arm-elf/lib/libc.a(lib_a-malloc.o)
 .data          0x400000fc      0x410 /cygdrive/c/Users/tony_sid/Desktop/CmpE146Package/GNUARM/bin/../lib/gcc/arm-elf/4.3.2/../../../../arm-elf/lib/libc.a(lib_a-mallocr.o)
                0x40000508                __malloc_sbrk_base
                0x400000fc                __malloc_av_
                0x40000504                __malloc_trim_threshold
 .data          0x4000050c        0x0 /cygdrive/c/Users/tony_sid/Desktop/CmpE146Package/GNUARM/bin/../lib/gcc/arm-elf/4.3.2/../../../../arm-elf/lib/libc.a(lib_a-memcmp.o)
 .data          0x4000050c        0x0 /cygdrive/c/Users/tony_sid/Desktop/CmpE146Package/GNUARM/bin/../lib/gcc/arm-elf/4.3.2/../../../../arm-elf/lib/libc.a(lib_a-memcpy.o)
 .data          0x4000050c        0x0 /cygdrive/c/Users/tony_sid/Desktop/CmpE146Package/GNUARM/bin/../lib/gcc/arm-elf/4.3.2/../../../../arm-elf/lib/libc.a(lib_a-memset.o)
 .data          0x4000050c        0x0 /cygdrive/c/Users/tony_sid/Desktop/CmpE146Package/GNUARM/bin/../lib/gcc/arm-elf/4.3.2/../../../../arm-elf/lib/libc.a(lib_a-mlock.o)
 .data          0x4000050c        0x0 /cygdrive/c/Users/tony_sid/Desktop/CmpE146Package/GNUARM/bin/../lib/gcc/arm-elf/4.3.2/../../../../arm-elf/lib/libc.a(lib_a-siprintf.o)
 .data          0x4000050c        0x0 /cygdrive/c/Users/tony_sid/Desktop/CmpE146Package/GNUARM/bin/../lib/gcc/arm-elf/4.3.2/../../../../arm-elf/lib/libc.a(lib_a-strcmp.o)
 .data          0x4000050c        0x0 /cygdrive/c/Users/tony_sid/Desktop/CmpE146Package/GNUARM/bin/../lib/gcc/arm-elf/4.3.2/../../../../arm-elf/lib/libc.a(lib_a-strlen.o)
 .data          0x4000050c        0x0 /cygdrive/c/Users/tony_sid/Desktop/CmpE146Package/GNUARM/bin/../lib/gcc/arm-elf/4.3.2/../../../../arm-elf/lib/libc.a(lib_a-strncpy.o)
 .data          0x4000050c        0x0 /cygdrive/c/Users/tony_sid/Desktop/CmpE146Package/GNUARM/bin/../lib/gcc/arm-elf/4.3.2/../../../../arm-elf/lib/libc.a(lib_a-strtok.o)
 .data          0x4000050c        0x0 /cygdrive/c/Users/tony_sid/Desktop/CmpE146Package/GNUARM/bin/../lib/gcc/arm-elf/4.3.2/../../../../arm-elf/lib/libc.a(lib_a-strtok_r.o)
 .data          0x4000050c        0x0 /cygdrive/c/Users/tony_sid/Desktop/CmpE146Package/GNUARM/bin/../lib/gcc/arm-elf/4.3.2/../../../../arm-elf/lib/libc.a(lib_a-strtol.o)
 .data          0x4000050c        0x0 /cygdrive/c/Users/tony_sid/Desktop/CmpE146Package/GNUARM/bin/../lib/gcc/arm-elf/4.3.2/../../../../arm-elf/lib/libc.a(lib_a-vfiprintf.o)
 .data          0x4000050c        0x0 /cygdrive/c/Users/tony_sid/Desktop/CmpE146Package/GNUARM/bin/../lib/gcc/arm-elf/4.3.2/../../../../arm-elf/lib/libc.a(lib_a-wsetup.o)
 .data          0x4000050c        0x4 /cygdrive/c/Users/tony_sid/Desktop/CmpE146Package/GNUARM/bin/../lib/gcc/arm-elf/4.3.2/../../../../arm-elf/lib/libc.a(lib_a-ctype_.o)
                0x4000050c                __ctype_ptr
 .data          0x40000510        0x0 /cygdrive/c/Users/tony_sid/Desktop/CmpE146Package/GNUARM/bin/../lib/gcc/arm-elf/4.3.2/../../../../arm-elf/lib/libc.a(lib_a-fflush.o)
 .data          0x40000510        0x0 /cygdrive/c/Users/tony_sid/Desktop/CmpE146Package/GNUARM/bin/../lib/gcc/arm-elf/4.3.2/../../../../arm-elf/lib/libc.a(lib_a-findfp.o)
 .data          0x40000510        0x0 /cygdrive/c/Users/tony_sid/Desktop/CmpE146Package/GNUARM/bin/../lib/gcc/arm-elf/4.3.2/../../../../arm-elf/lib/libc.a(lib_a-freer.o)
 .data          0x40000510        0x0 /cygdrive/c/Users/tony_sid/Desktop/CmpE146Package/GNUARM/bin/../lib/gcc/arm-elf/4.3.2/../../../../arm-elf/lib/libc.a(lib_a-fvwrite.o)
 .data          0x40000510        0x0 /cygdrive/c/Users/tony_sid/Desktop/CmpE146Package/GNUARM/bin/../lib/gcc/arm-elf/4.3.2/../../../../arm-elf/lib/libc.a(lib_a-fwalk.o)
 .data          0x40000510      0x404 /cygdrive/c/Users/tony_sid/Desktop/CmpE146Package/GNUARM/bin/../lib/gcc/arm-elf/4.3.2/../../../../arm-elf/lib/libc.a(lib_a-impure.o)
                0x40000510                _impure_ptr
 .data          0x40000914        0x0 /cygdrive/c/Users/tony_sid/Desktop/CmpE146Package/GNUARM/bin/../lib/gcc/arm-elf/4.3.2/../../../../arm-elf/lib/libc.a(lib_a-makebuf.o)
 .data          0x40000914        0x0 /cygdrive/c/Users/tony_sid/Desktop/CmpE146Package/GNUARM/bin/../lib/gcc/arm-elf/4.3.2/../../../../arm-elf/lib/libc.a(lib_a-memchr.o)
 .data          0x40000914        0x0 /cygdrive/c/Users/tony_sid/Desktop/CmpE146Package/GNUARM/bin/../lib/gcc/arm-elf/4.3.2/../../../../arm-elf/lib/libc.a(lib_a-memmove.o)
 .data          0x40000914        0x0 /cygdrive/c/Users/tony_sid/Desktop/CmpE146Package/GNUARM/bin/../lib/gcc/arm-elf/4.3.2/../../../../arm-elf/lib/libc.a(lib_a-reallocr.o)
 .data          0x40000914        0x0 /cygdrive/c/Users/tony_sid/Desktop/CmpE146Package/GNUARM/bin/../lib/gcc/arm-elf/4.3.2/../../../../arm-elf/lib/libc.a(lib_a-stdio.o)
 .data          0x40000914        0x0 /cygdrive/c/Users/tony_sid/Desktop/CmpE146Package/GNUARM/bin/../lib/gcc/arm-elf/4.3.2/../../../../arm-elf/lib/libc.a(lib_a-fclose.o)
                0x40000914                __data_end__ = .

.bss            0x40000914      0x179
                0x40000914                __bss_beg__ = .
 *(.bss)
 .bss           0x40000914        0x0 ./Startup.o
 .bss           0x40000914        0x0 ./main.o
 .bss           0x40000914        0x1 ./fat/diskio.o
 *fill*         0x40000915        0x3 00
 .bss           0x40000918        0x8 ./fat/ff.o
 .bss           0x40000920        0x0 ./fat/rtc.o
 .bss           0x40000920        0x0 ./fat/option/ccsbcs.o
 .bss           0x40000920        0x0 ./fat/option/reentrant.o
 .bss           0x40000920        0xc ./drivers/uart/uart0.o
 .bss           0x4000092c        0xc ./drivers/uart/uart1.o
 .bss           0x40000938       0x14 ./drivers/i2c.o
 .bss           0x4000094c        0x0 ./drivers/pcm1774.o
 .bss           0x4000094c        0x0 ./drivers/ssp_spi.o
 .bss           0x4000094c        0x0 ./drivers/sta013.o
 .bss           0x4000094c        0x0 ./System/cpu.o
 .bss           0x4000094c        0x0 ./System/crash.o
 .bss           0x4000094c        0x0 ./System/fiqISR.o
 .bss           0x4000094c        0x4 ./System/rprintf.o
 .bss           0x40000950        0x4 ./System/syscalls.o
 .bss           0x40000954        0x0 ./System/watchdog.o
 .bss           0x40000954        0x0 ./General/userInterface.o
 .bss           0x40000954        0x0 ./FreeRTOS/croutine.o
 .bss           0x40000954        0x0 ./FreeRTOS/heap_3.o
 .bss           0x40000954        0x0 ./FreeRTOS/list.o
 .bss           0x40000954        0x0 ./FreeRTOS/port.o
 .bss           0x40000954        0x0 ./FreeRTOS/portISR.o
 .bss           0x40000954        0x0 ./FreeRTOS/queue.o
 .bss           0x40000954       0xf0 ./FreeRTOS/tasks.o
                0x40000954                pxCurrentTCB
                0x4000095c                ulISROverhead
                0x40000958                xTickCount
 .bss           0x40000a44        0x0 ./FreeRTOS/hooks/hooks.o
 .bss           0x40000a44        0x0 /cygdrive/c/Users/tony_sid/Desktop/CmpE146Package/GNUARM/bin/../lib/gcc/arm-elf/4.3.2/libgcc.a(_udivsi3.o)
 .bss           0x40000a44        0x0 /cygdrive/c/Users/tony_sid/Desktop/CmpE146Package/GNUARM/bin/../lib/gcc/arm-elf/4.3.2/libgcc.a(_divsi3.o)
 .bss           0x40000a44        0x0 /cygdrive/c/Users/tony_sid/Desktop/CmpE146Package/GNUARM/bin/../lib/gcc/arm-elf/4.3.2/libgcc.a(_umodsi3.o)
 .bss           0x40000a44        0x0 /cygdrive/c/Users/tony_sid/Desktop/CmpE146Package/GNUARM/bin/../lib/gcc/arm-elf/4.3.2/libgcc.a(_dvmd_tls.o)
 .bss           0x40000a44        0x0 /cygdrive/c/Users/tony_sid/Desktop/CmpE146Package/GNUARM/bin/../lib/gcc/arm-elf/4.3.2/libgcc.a(_divdi3.o)
 .bss           0x40000a44        0x0 /cygdrive/c/Users/tony_sid/Desktop/CmpE146Package/GNUARM/bin/../lib/gcc/arm-elf/4.3.2/libgcc.a(_udivdi3.o)
 .bss           0x40000a44        0x0 /cygdrive/c/Users/tony_sid/Desktop/CmpE146Package/GNUARM/bin/../lib/gcc/arm-elf/4.3.2/libgcc.a(_clz.o)
 .bss           0x40000a44        0x0 /cygdrive/c/Users/tony_sid/Desktop/CmpE146Package/GNUARM/bin/../lib/gcc/arm-elf/4.3.2/../../../../arm-elf/lib/libc.a(lib_a-atoi.o)
 .bss           0x40000a44        0x0 /cygdrive/c/Users/tony_sid/Desktop/CmpE146Package/GNUARM/bin/../lib/gcc/arm-elf/4.3.2/../../../../arm-elf/lib/libc.a(lib_a-iprintf.o)
 .bss           0x40000a44        0x0 /cygdrive/c/Users/tony_sid/Desktop/CmpE146Package/GNUARM/bin/../lib/gcc/arm-elf/4.3.2/../../../../arm-elf/lib/libc.a(lib_a-malloc.o)
 .bss           0x40000a44       0x34 /cygdrive/c/Users/tony_sid/Desktop/CmpE146Package/GNUARM/bin/../lib/gcc/arm-elf/4.3.2/../../../../arm-elf/lib/libc.a(lib_a-mallocr.o)
                0x40000a44                __malloc_top_pad
                0x40000a48                __malloc_max_sbrked_mem
                0x40000a50                __malloc_current_mallinfo
                0x40000a4c                __malloc_max_total_mem
 .bss           0x40000a78        0x0 /cygdrive/c/Users/tony_sid/Desktop/CmpE146Package/GNUARM/bin/../lib/gcc/arm-elf/4.3.2/../../../../arm-elf/lib/libc.a(lib_a-memcmp.o)
 .bss           0x40000a78        0x0 /cygdrive/c/Users/tony_sid/Desktop/CmpE146Package/GNUARM/bin/../lib/gcc/arm-elf/4.3.2/../../../../arm-elf/lib/libc.a(lib_a-memcpy.o)
 .bss           0x40000a78        0x0 /cygdrive/c/Users/tony_sid/Desktop/CmpE146Package/GNUARM/bin/../lib/gcc/arm-elf/4.3.2/../../../../arm-elf/lib/libc.a(lib_a-memset.o)
 .bss           0x40000a78        0x0 /cygdrive/c/Users/tony_sid/Desktop/CmpE146Package/GNUARM/bin/../lib/gcc/arm-elf/4.3.2/../../../../arm-elf/lib/libc.a(lib_a-mlock.o)
 .bss           0x40000a78        0x0 /cygdrive/c/Users/tony_sid/Desktop/CmpE146Package/GNUARM/bin/../lib/gcc/arm-elf/4.3.2/../../../../arm-elf/lib/libc.a(lib_a-siprintf.o)
 .bss           0x40000a78        0x0 /cygdrive/c/Users/tony_sid/Desktop/CmpE146Package/GNUARM/bin/../lib/gcc/arm-elf/4.3.2/../../../../arm-elf/lib/libc.a(lib_a-strcmp.o)
 .bss           0x40000a78        0x0 /cygdrive/c/Users/tony_sid/Desktop/CmpE146Package/GNUARM/bin/../lib/gcc/arm-elf/4.3.2/../../../../arm-elf/lib/libc.a(lib_a-strlen.o)
 .bss           0x40000a78        0x0 /cygdrive/c/Users/tony_sid/Desktop/CmpE146Package/GNUARM/bin/../lib/gcc/arm-elf/4.3.2/../../../../arm-elf/lib/libc.a(lib_a-strncpy.o)
 .bss           0x40000a78        0x0 /cygdrive/c/Users/tony_sid/Desktop/CmpE146Package/GNUARM/bin/../lib/gcc/arm-elf/4.3.2/../../../../arm-elf/lib/libc.a(lib_a-strtok.o)
 .bss           0x40000a78        0x0 /cygdrive/c/Users/tony_sid/Desktop/CmpE146Package/GNUARM/bin/../lib/gcc/arm-elf/4.3.2/../../../../arm-elf/lib/libc.a(lib_a-strtok_r.o)
 .bss           0x40000a78        0x0 /cygdrive/c/Users/tony_sid/Desktop/CmpE146Package/GNUARM/bin/../lib/gcc/arm-elf/4.3.2/../../../../arm-elf/lib/libc.a(lib_a-strtol.o)
 .bss           0x40000a78        0x0 /cygdrive/c/Users/tony_sid/Desktop/CmpE146Package/GNUARM/bin/../lib/gcc/arm-elf/4.3.2/../../../../arm-elf/lib/libc.a(lib_a-vfiprintf.o)
 .bss           0x40000a78        0x0 /cygdrive/c/Users/tony_sid/Desktop/CmpE146Package/GNUARM/bin/../lib/gcc/arm-elf/4.3.2/../../../../arm-elf/lib/libc.a(lib_a-wsetup.o)
 .bss           0x40000a78        0x0 /cygdrive/c/Users/tony_sid/Desktop/CmpE146Package/GNUARM/bin/../lib/gcc/arm-elf/4.3.2/../../../../arm-elf/lib/libc.a(lib_a-ctype_.o)
 .bss           0x40000a78        0x0 /cygdrive/c/Users/tony_sid/Desktop/CmpE146Package/GNUARM/bin/../lib/gcc/arm-elf/4.3.2/../../../../arm-elf/lib/libc.a(lib_a-fflush.o)
 .bss           0x40000a78        0x0 /cygdrive/c/Users/tony_sid/Desktop/CmpE146Package/GNUARM/bin/../lib/gcc/arm-elf/4.3.2/../../../../arm-elf/lib/libc.a(lib_a-findfp.o)
 .bss           0x40000a78        0x0 /cygdrive/c/Users/tony_sid/Desktop/CmpE146Package/GNUARM/bin/../lib/gcc/arm-elf/4.3.2/../../../../arm-elf/lib/libc.a(lib_a-freer.o)
 .bss           0x40000a78        0x0 /cygdrive/c/Users/tony_sid/Desktop/CmpE146Package/GNUARM/bin/../lib/gcc/arm-elf/4.3.2/../../../../arm-elf/lib/libc.a(lib_a-fvwrite.o)
 .bss           0x40000a78        0x0 /cygdrive/c/Users/tony_sid/Desktop/CmpE146Package/GNUARM/bin/../lib/gcc/arm-elf/4.3.2/../../../../arm-elf/lib/libc.a(lib_a-fwalk.o)
 .bss           0x40000a78        0x0 /cygdrive/c/Users/tony_sid/Desktop/CmpE146Package/GNUARM/bin/../lib/gcc/arm-elf/4.3.2/../../../../arm-elf/lib/libc.a(lib_a-impure.o)
 .bss           0x40000a78        0x0 /cygdrive/c/Users/tony_sid/Desktop/CmpE146Package/GNUARM/bin/../lib/gcc/arm-elf/4.3.2/../../../../arm-elf/lib/libc.a(lib_a-makebuf.o)
 .bss           0x40000a78        0x0 /cygdrive/c/Users/tony_sid/Desktop/CmpE146Package/GNUARM/bin/../lib/gcc/arm-elf/4.3.2/../../../../arm-elf/lib/libc.a(lib_a-memchr.o)
 .bss           0x40000a78        0x0 /cygdrive/c/Users/tony_sid/Desktop/CmpE146Package/GNUARM/bin/../lib/gcc/arm-elf/4.3.2/../../../../arm-elf/lib/libc.a(lib_a-memmove.o)
 .bss           0x40000a78        0x0 /cygdrive/c/Users/tony_sid/Desktop/CmpE146Package/GNUARM/bin/../lib/gcc/arm-elf/4.3.2/../../../../arm-elf/lib/libc.a(lib_a-reallocr.o)
 .bss           0x40000a78        0x0 /cygdrive/c/Users/tony_sid/Desktop/CmpE146Package/GNUARM/bin/../lib/gcc/arm-elf/4.3.2/../../../../arm-elf/lib/libc.a(lib_a-stdio.o)
 .bss           0x40000a78        0x0 /cygdrive/c/Users/tony_sid/Desktop/CmpE146Package/GNUARM/bin/../lib/gcc/arm-elf/4.3.2/../../../../arm-elf/lib/libc.a(lib_a-fclose.o)
 COMMON         0x40000a78        0x9 ./fat/diskio.o
                0x40000a78                CardType
                0x40000a79                Timer2
                0x40000a7c                SPIAccessSemaphore
                0x40000a80                Timer1
 *fill*         0x40000a81        0x3 00
 COMMON         0x40000a84        0x8 ./drivers/i2c.o
                0x40000a84                i2cReadCompleteSignal
                0x40000a88                i2cLock
 COMMON         0x40000a8c        0x1 ./drivers/ssp_spi.o
                0x40000a8c                sspSpiDummyByte
                0x40000a90                . = ALIGN (0x4)
                0x40000a90                . = ALIGN (0x4)
                0x40000a90                _end = .
                0x40000a90                _bss_end__ = .
                0x40000a90                __bss_end__ = .
                0x40000a90                __heap_beg__ = .
                0x40000a90                __heap_end__ = .
                0x40000a90                __end__ = .
                0x40000a90                PROVIDE (end, .)
OUTPUT(CMPE146FINALPROJECT.elf elf32-littlearm)

.ARM.attributes
                0x00000000       0x10
 .ARM.attributes
                0x00000000       0x10 ./Startup.o
 .ARM.attributes
                0x00000010       0x10 ./main.o
 .ARM.attributes
                0x00000020       0x10 ./fat/diskio.o
 .ARM.attributes
                0x00000030       0x10 ./fat/ff.o
 .ARM.attributes
                0x00000040       0x10 ./fat/rtc.o
 .ARM.attributes
                0x00000050       0x10 ./fat/option/ccsbcs.o
 .ARM.attributes
                0x00000060       0x10 ./fat/option/reentrant.o
 .ARM.attributes
                0x00000070       0x10 ./drivers/uart/uart0.o
 .ARM.attributes
                0x00000080       0x10 ./drivers/uart/uart1.o
 .ARM.attributes
                0x00000090       0x10 ./drivers/i2c.o
 .ARM.attributes
                0x000000a0       0x10 ./drivers/pcm1774.o
 .ARM.attributes
                0x000000b0       0x10 ./drivers/ssp_spi.o
 .ARM.attributes
                0x000000c0       0x10 ./drivers/sta013.o
 .ARM.attributes
                0x000000d0       0x10 ./System/cpu.o
 .ARM.attributes
                0x000000e0       0x10 ./System/crash.o
 .ARM.attributes
                0x000000f0       0x10 ./System/fiqISR.o
 .ARM.attributes
                0x00000100       0x10 ./System/rprintf.o
 .ARM.attributes
                0x00000110       0x10 ./System/syscalls.o
 .ARM.attributes
                0x00000120       0x10 ./System/watchdog.o
 .ARM.attributes
                0x00000130       0x10 ./General/userInterface.o
 .ARM.attributes
                0x00000140       0x10 ./FreeRTOS/croutine.o
 .ARM.attributes
                0x00000150       0x10 ./FreeRTOS/heap_3.o
 .ARM.attributes
                0x00000160       0x10 ./FreeRTOS/list.o
 .ARM.attributes
                0x00000170       0x10 ./FreeRTOS/port.o
 .ARM.attributes
                0x00000180       0x10 ./FreeRTOS/portISR.o
 .ARM.attributes
                0x00000190       0x10 ./FreeRTOS/queue.o
 .ARM.attributes
                0x000001a0       0x10 ./FreeRTOS/tasks.o
 .ARM.attributes
                0x000001b0       0x10 ./FreeRTOS/hooks/hooks.o
 .ARM.attributes
                0x000001c0       0x10 /cygdrive/c/Users/tony_sid/Desktop/CmpE146Package/GNUARM/bin/../lib/gcc/arm-elf/4.3.2/libgcc.a(_udivsi3.o)
 .ARM.attributes
                0x000001d0       0x10 /cygdrive/c/Users/tony_sid/Desktop/CmpE146Package/GNUARM/bin/../lib/gcc/arm-elf/4.3.2/libgcc.a(_divsi3.o)
 .ARM.attributes
                0x000001e0       0x10 /cygdrive/c/Users/tony_sid/Desktop/CmpE146Package/GNUARM/bin/../lib/gcc/arm-elf/4.3.2/libgcc.a(_umodsi3.o)
 .ARM.attributes
                0x000001f0       0x10 /cygdrive/c/Users/tony_sid/Desktop/CmpE146Package/GNUARM/bin/../lib/gcc/arm-elf/4.3.2/libgcc.a(_dvmd_tls.o)
 .ARM.attributes
                0x00000200       0x10 /cygdrive/c/Users/tony_sid/Desktop/CmpE146Package/GNUARM/bin/../lib/gcc/arm-elf/4.3.2/libgcc.a(_divdi3.o)
 .ARM.attributes
                0x00000210       0x10 /cygdrive/c/Users/tony_sid/Desktop/CmpE146Package/GNUARM/bin/../lib/gcc/arm-elf/4.3.2/libgcc.a(_udivdi3.o)
 .ARM.attributes
                0x00000220       0x10 /cygdrive/c/Users/tony_sid/Desktop/CmpE146Package/GNUARM/bin/../lib/gcc/arm-elf/4.3.2/libgcc.a(_clz.o)
 .ARM.attributes
                0x00000230       0x10 /cygdrive/c/Users/tony_sid/Desktop/CmpE146Package/GNUARM/bin/../lib/gcc/arm-elf/4.3.2/../../../../arm-elf/lib/libc.a(lib_a-atoi.o)
 .ARM.attributes
                0x00000240       0x10 /cygdrive/c/Users/tony_sid/Desktop/CmpE146Package/GNUARM/bin/../lib/gcc/arm-elf/4.3.2/../../../../arm-elf/lib/libc.a(lib_a-iprintf.o)
 .ARM.attributes
                0x00000250       0x10 /cygdrive/c/Users/tony_sid/Desktop/CmpE146Package/GNUARM/bin/../lib/gcc/arm-elf/4.3.2/../../../../arm-elf/lib/libc.a(lib_a-malloc.o)
 .ARM.attributes
                0x00000260       0x10 /cygdrive/c/Users/tony_sid/Desktop/CmpE146Package/GNUARM/bin/../lib/gcc/arm-elf/4.3.2/../../../../arm-elf/lib/libc.a(lib_a-mallocr.o)
 .ARM.attributes
                0x00000270       0x10 /cygdrive/c/Users/tony_sid/Desktop/CmpE146Package/GNUARM/bin/../lib/gcc/arm-elf/4.3.2/../../../../arm-elf/lib/libc.a(lib_a-memcmp.o)
 .ARM.attributes
                0x00000280       0x10 /cygdrive/c/Users/tony_sid/Desktop/CmpE146Package/GNUARM/bin/../lib/gcc/arm-elf/4.3.2/../../../../arm-elf/lib/libc.a(lib_a-memcpy.o)
 .ARM.attributes
                0x00000290       0x10 /cygdrive/c/Users/tony_sid/Desktop/CmpE146Package/GNUARM/bin/../lib/gcc/arm-elf/4.3.2/../../../../arm-elf/lib/libc.a(lib_a-memset.o)
 .ARM.attributes
                0x000002a0       0x10 /cygdrive/c/Users/tony_sid/Desktop/CmpE146Package/GNUARM/bin/../lib/gcc/arm-elf/4.3.2/../../../../arm-elf/lib/libc.a(lib_a-mlock.o)
 .ARM.attributes
                0x000002b0       0x10 /cygdrive/c/Users/tony_sid/Desktop/CmpE146Package/GNUARM/bin/../lib/gcc/arm-elf/4.3.2/../../../../arm-elf/lib/libc.a(lib_a-siprintf.o)
 .ARM.attributes
                0x000002c0       0x10 /cygdrive/c/Users/tony_sid/Desktop/CmpE146Package/GNUARM/bin/../lib/gcc/arm-elf/4.3.2/../../../../arm-elf/lib/libc.a(lib_a-strcmp.o)
 .ARM.attributes
                0x000002d0       0x10 /cygdrive/c/Users/tony_sid/Desktop/CmpE146Package/GNUARM/bin/../lib/gcc/arm-elf/4.3.2/../../../../arm-elf/lib/libc.a(lib_a-strlen.o)
 .ARM.attributes
                0x000002e0       0x10 /cygdrive/c/Users/tony_sid/Desktop/CmpE146Package/GNUARM/bin/../lib/gcc/arm-elf/4.3.2/../../../../arm-elf/lib/libc.a(lib_a-strncpy.o)
 .ARM.attributes
                0x000002f0       0x10 /cygdrive/c/Users/tony_sid/Desktop/CmpE146Package/GNUARM/bin/../lib/gcc/arm-elf/4.3.2/../../../../arm-elf/lib/libc.a(lib_a-strtok.o)
 .ARM.attributes
                0x00000300       0x10 /cygdrive/c/Users/tony_sid/Desktop/CmpE146Package/GNUARM/bin/../lib/gcc/arm-elf/4.3.2/../../../../arm-elf/lib/libc.a(lib_a-strtok_r.o)
 .ARM.attributes
                0x00000310       0x10 /cygdrive/c/Users/tony_sid/Desktop/CmpE146Package/GNUARM/bin/../lib/gcc/arm-elf/4.3.2/../../../../arm-elf/lib/libc.a(lib_a-strtol.o)
 .ARM.attributes
                0x00000320       0x10 /cygdrive/c/Users/tony_sid/Desktop/CmpE146Package/GNUARM/bin/../lib/gcc/arm-elf/4.3.2/../../../../arm-elf/lib/libc.a(lib_a-vfiprintf.o)
 .ARM.attributes
                0x00000330       0x10 /cygdrive/c/Users/tony_sid/Desktop/CmpE146Package/GNUARM/bin/../lib/gcc/arm-elf/4.3.2/../../../../arm-elf/lib/libc.a(lib_a-wsetup.o)
 .ARM.attributes
                0x00000340       0x10 /cygdrive/c/Users/tony_sid/Desktop/CmpE146Package/GNUARM/bin/../lib/gcc/arm-elf/4.3.2/../../../../arm-elf/lib/libc.a(lib_a-ctype_.o)
 .ARM.attributes
                0x00000350       0x10 /cygdrive/c/Users/tony_sid/Desktop/CmpE146Package/GNUARM/bin/../lib/gcc/arm-elf/4.3.2/../../../../arm-elf/lib/libc.a(lib_a-fflush.o)
 .ARM.attributes
                0x00000360       0x10 /cygdrive/c/Users/tony_sid/Desktop/CmpE146Package/GNUARM/bin/../lib/gcc/arm-elf/4.3.2/../../../../arm-elf/lib/libc.a(lib_a-findfp.o)
 .ARM.attributes
                0x00000370       0x10 /cygdrive/c/Users/tony_sid/Desktop/CmpE146Package/GNUARM/bin/../lib/gcc/arm-elf/4.3.2/../../../../arm-elf/lib/libc.a(lib_a-freer.o)
 .ARM.attributes
                0x00000380       0x10 /cygdrive/c/Users/tony_sid/Desktop/CmpE146Package/GNUARM/bin/../lib/gcc/arm-elf/4.3.2/../../../../arm-elf/lib/libc.a(lib_a-fvwrite.o)
 .ARM.attributes
                0x00000390       0x10 /cygdrive/c/Users/tony_sid/Desktop/CmpE146Package/GNUARM/bin/../lib/gcc/arm-elf/4.3.2/../../../../arm-elf/lib/libc.a(lib_a-fwalk.o)
 .ARM.attributes
                0x000003a0       0x10 /cygdrive/c/Users/tony_sid/Desktop/CmpE146Package/GNUARM/bin/../lib/gcc/arm-elf/4.3.2/../../../../arm-elf/lib/libc.a(lib_a-impure.o)
 .ARM.attributes
                0x000003b0       0x10 /cygdrive/c/Users/tony_sid/Desktop/CmpE146Package/GNUARM/bin/../lib/gcc/arm-elf/4.3.2/../../../../arm-elf/lib/libc.a(lib_a-makebuf.o)
 .ARM.attributes
                0x000003c0       0x10 /cygdrive/c/Users/tony_sid/Desktop/CmpE146Package/GNUARM/bin/../lib/gcc/arm-elf/4.3.2/../../../../arm-elf/lib/libc.a(lib_a-memchr.o)
 .ARM.attributes
                0x000003d0       0x10 /cygdrive/c/Users/tony_sid/Desktop/CmpE146Package/GNUARM/bin/../lib/gcc/arm-elf/4.3.2/../../../../arm-elf/lib/libc.a(lib_a-memmove.o)
 .ARM.attributes
                0x000003e0       0x10 /cygdrive/c/Users/tony_sid/Desktop/CmpE146Package/GNUARM/bin/../lib/gcc/arm-elf/4.3.2/../../../../arm-elf/lib/libc.a(lib_a-reallocr.o)
 .ARM.attributes
                0x000003f0       0x10 /cygdrive/c/Users/tony_sid/Desktop/CmpE146Package/GNUARM/bin/../lib/gcc/arm-elf/4.3.2/../../../../arm-elf/lib/libc.a(lib_a-stdio.o)
 .ARM.attributes
                0x00000400       0x10 /cygdrive/c/Users/tony_sid/Desktop/CmpE146Package/GNUARM/bin/../lib/gcc/arm-elf/4.3.2/../../../../arm-elf/lib/libc.a(lib_a-fclose.o)

.comment        0x00000000      0x438
 .comment       0x00000000       0x12 ./main.o
 .comment       0x00000012       0x12 ./fat/diskio.o
 .comment       0x00000024       0x12 ./fat/ff.o
 .comment       0x00000036       0x12 ./fat/rtc.o
 .comment       0x00000048       0x12 ./fat/option/ccsbcs.o
 .comment       0x0000005a       0x12 ./fat/option/reentrant.o
 .comment       0x0000006c       0x12 ./drivers/uart/uart0.o
 .comment       0x0000007e       0x12 ./drivers/uart/uart1.o
 .comment       0x00000090       0x12 ./drivers/i2c.o
 .comment       0x000000a2       0x12 ./drivers/pcm1774.o
 .comment       0x000000b4       0x12 ./drivers/ssp_spi.o
 .comment       0x000000c6       0x12 ./drivers/sta013.o
 .comment       0x000000d8       0x12 ./System/cpu.o
 .comment       0x000000ea       0x12 ./System/crash.o
 .comment       0x000000fc       0x12 ./System/fiqISR.o
 .comment       0x0000010e       0x12 ./System/rprintf.o
 .comment       0x00000120       0x12 ./System/syscalls.o
 .comment       0x00000132       0x12 ./System/watchdog.o
 .comment       0x00000144       0x12 ./General/userInterface.o
 .comment       0x00000156       0x12 ./FreeRTOS/croutine.o
 .comment       0x00000168       0x12 ./FreeRTOS/heap_3.o
 .comment       0x0000017a       0x12 ./FreeRTOS/list.o
 .comment       0x0000018c       0x12 ./FreeRTOS/port.o
 .comment       0x0000019e       0x12 ./FreeRTOS/portISR.o
 .comment       0x000001b0       0x12 ./FreeRTOS/queue.o
 .comment       0x000001c2       0x12 ./FreeRTOS/tasks.o
 .comment       0x000001d4       0x12 ./FreeRTOS/hooks/hooks.o
 .comment       0x000001e6       0x12 /cygdrive/c/Users/tony_sid/Desktop/CmpE146Package/GNUARM/bin/../lib/gcc/arm-elf/4.3.2/libgcc.a(_divdi3.o)
 .comment       0x000001f8       0x12 /cygdrive/c/Users/tony_sid/Desktop/CmpE146Package/GNUARM/bin/../lib/gcc/arm-elf/4.3.2/libgcc.a(_udivdi3.o)
 .comment       0x0000020a       0x12 /cygdrive/c/Users/tony_sid/Desktop/CmpE146Package/GNUARM/bin/../lib/gcc/arm-elf/4.3.2/libgcc.a(_clz.o)
 .comment       0x0000021c       0x12 /cygdrive/c/Users/tony_sid/Desktop/CmpE146Package/GNUARM/bin/../lib/gcc/arm-elf/4.3.2/../../../../arm-elf/lib/libc.a(lib_a-atoi.o)
 .comment       0x0000022e       0x12 /cygdrive/c/Users/tony_sid/Desktop/CmpE146Package/GNUARM/bin/../lib/gcc/arm-elf/4.3.2/../../../../arm-elf/lib/libc.a(lib_a-iprintf.o)
 .comment       0x00000240       0x12 /cygdrive/c/Users/tony_sid/Desktop/CmpE146Package/GNUARM/bin/../lib/gcc/arm-elf/4.3.2/../../../../arm-elf/lib/libc.a(lib_a-malloc.o)
 .comment       0x00000252       0x12 /cygdrive/c/Users/tony_sid/Desktop/CmpE146Package/GNUARM/bin/../lib/gcc/arm-elf/4.3.2/../../../../arm-elf/lib/libc.a(lib_a-mallocr.o)
 .comment       0x00000264       0x12 /cygdrive/c/Users/tony_sid/Desktop/CmpE146Package/GNUARM/bin/../lib/gcc/arm-elf/4.3.2/../../../../arm-elf/lib/libc.a(lib_a-memcmp.o)
 .comment       0x00000276       0x12 /cygdrive/c/Users/tony_sid/Desktop/CmpE146Package/GNUARM/bin/../lib/gcc/arm-elf/4.3.2/../../../../arm-elf/lib/libc.a(lib_a-memcpy.o)
 .comment       0x00000288       0x12 /cygdrive/c/Users/tony_sid/Desktop/CmpE146Package/GNUARM/bin/../lib/gcc/arm-elf/4.3.2/../../../../arm-elf/lib/libc.a(lib_a-memset.o)
 .comment       0x0000029a       0x12 /cygdrive/c/Users/tony_sid/Desktop/CmpE146Package/GNUARM/bin/../lib/gcc/arm-elf/4.3.2/../../../../arm-elf/lib/libc.a(lib_a-mlock.o)
 .comment       0x000002ac       0x12 /cygdrive/c/Users/tony_sid/Desktop/CmpE146Package/GNUARM/bin/../lib/gcc/arm-elf/4.3.2/../../../../arm-elf/lib/libc.a(lib_a-siprintf.o)
 .comment       0x000002be       0x12 /cygdrive/c/Users/tony_sid/Desktop/CmpE146Package/GNUARM/bin/../lib/gcc/arm-elf/4.3.2/../../../../arm-elf/lib/libc.a(lib_a-strcmp.o)
 .comment       0x000002d0       0x12 /cygdrive/c/Users/tony_sid/Desktop/CmpE146Package/GNUARM/bin/../lib/gcc/arm-elf/4.3.2/../../../../arm-elf/lib/libc.a(lib_a-strlen.o)
 .comment       0x000002e2       0x12 /cygdrive/c/Users/tony_sid/Desktop/CmpE146Package/GNUARM/bin/../lib/gcc/arm-elf/4.3.2/../../../../arm-elf/lib/libc.a(lib_a-strncpy.o)
 .comment       0x000002f4       0x12 /cygdrive/c/Users/tony_sid/Desktop/CmpE146Package/GNUARM/bin/../lib/gcc/arm-elf/4.3.2/../../../../arm-elf/lib/libc.a(lib_a-strtok.o)
 .comment       0x00000306       0x12 /cygdrive/c/Users/tony_sid/Desktop/CmpE146Package/GNUARM/bin/../lib/gcc/arm-elf/4.3.2/../../../../arm-elf/lib/libc.a(lib_a-strtok_r.o)
 .comment       0x00000318       0x12 /cygdrive/c/Users/tony_sid/Desktop/CmpE146Package/GNUARM/bin/../lib/gcc/arm-elf/4.3.2/../../../../arm-elf/lib/libc.a(lib_a-strtol.o)
 .comment       0x0000032a       0x12 /cygdrive/c/Users/tony_sid/Desktop/CmpE146Package/GNUARM/bin/../lib/gcc/arm-elf/4.3.2/../../../../arm-elf/lib/libc.a(lib_a-vfiprintf.o)
 .comment       0x0000033c       0x12 /cygdrive/c/Users/tony_sid/Desktop/CmpE146Package/GNUARM/bin/../lib/gcc/arm-elf/4.3.2/../../../../arm-elf/lib/libc.a(lib_a-wsetup.o)
 .comment       0x0000034e       0x12 /cygdrive/c/Users/tony_sid/Desktop/CmpE146Package/GNUARM/bin/../lib/gcc/arm-elf/4.3.2/../../../../arm-elf/lib/libc.a(lib_a-ctype_.o)
 .comment       0x00000360       0x12 /cygdrive/c/Users/tony_sid/Desktop/CmpE146Package/GNUARM/bin/../lib/gcc/arm-elf/4.3.2/../../../../arm-elf/lib/libc.a(lib_a-fflush.o)
 .comment       0x00000372       0x12 /cygdrive/c/Users/tony_sid/Desktop/CmpE146Package/GNUARM/bin/../lib/gcc/arm-elf/4.3.2/../../../../arm-elf/lib/libc.a(lib_a-findfp.o)
 .comment       0x00000384       0x12 /cygdrive/c/Users/tony_sid/Desktop/CmpE146Package/GNUARM/bin/../lib/gcc/arm-elf/4.3.2/../../../../arm-elf/lib/libc.a(lib_a-freer.o)
 .comment       0x00000396       0x12 /cygdrive/c/Users/tony_sid/Desktop/CmpE146Package/GNUARM/bin/../lib/gcc/arm-elf/4.3.2/../../../../arm-elf/lib/libc.a(lib_a-fvwrite.o)
 .comment       0x000003a8       0x12 /cygdrive/c/Users/tony_sid/Desktop/CmpE146Package/GNUARM/bin/../lib/gcc/arm-elf/4.3.2/../../../../arm-elf/lib/libc.a(lib_a-fwalk.o)
 .comment       0x000003ba       0x12 /cygdrive/c/Users/tony_sid/Desktop/CmpE146Package/GNUARM/bin/../lib/gcc/arm-elf/4.3.2/../../../../arm-elf/lib/libc.a(lib_a-impure.o)
 .comment       0x000003cc       0x12 /cygdrive/c/Users/tony_sid/Desktop/CmpE146Package/GNUARM/bin/../lib/gcc/arm-elf/4.3.2/../../../../arm-elf/lib/libc.a(lib_a-makebuf.o)
 .comment       0x000003de       0x12 /cygdrive/c/Users/tony_sid/Desktop/CmpE146Package/GNUARM/bin/../lib/gcc/arm-elf/4.3.2/../../../../arm-elf/lib/libc.a(lib_a-memchr.o)
 .comment       0x000003f0       0x12 /cygdrive/c/Users/tony_sid/Desktop/CmpE146Package/GNUARM/bin/../lib/gcc/arm-elf/4.3.2/../../../../arm-elf/lib/libc.a(lib_a-memmove.o)
 .comment       0x00000402       0x12 /cygdrive/c/Users/tony_sid/Desktop/CmpE146Package/GNUARM/bin/../lib/gcc/arm-elf/4.3.2/../../../../arm-elf/lib/libc.a(lib_a-reallocr.o)
 .comment       0x00000414       0x12 /cygdrive/c/Users/tony_sid/Desktop/CmpE146Package/GNUARM/bin/../lib/gcc/arm-elf/4.3.2/../../../../arm-elf/lib/libc.a(lib_a-stdio.o)