Archive member included because of file (symbol)

/cygdrive/c/Users/Joe/Desktop/CmpE146Package/GNUARM/bin/../lib/gcc/arm-elf/4.3.2/libgcc.a(_udivsi3.o)
                              ./fat/ff.o (__udivsi3)
/cygdrive/c/Users/Joe/Desktop/CmpE146Package/GNUARM/bin/../lib/gcc/arm-elf/4.3.2/libgcc.a(_divsi3.o)
                              ./fat/ff.o (__divsi3)
/cygdrive/c/Users/Joe/Desktop/CmpE146Package/GNUARM/bin/../lib/gcc/arm-elf/4.3.2/libgcc.a(_umodsi3.o)
                              ./System/rprintf.o (__umodsi3)
/cygdrive/c/Users/Joe/Desktop/CmpE146Package/GNUARM/bin/../lib/gcc/arm-elf/4.3.2/libgcc.a(_dvmd_tls.o)
                              /cygdrive/c/Users/Joe/Desktop/CmpE146Package/GNUARM/bin/../lib/gcc/arm-elf/4.3.2/libgcc.a(_udivsi3.o) (__div0)
/cygdrive/c/Users/Joe/Desktop/CmpE146Package/GNUARM/bin/../lib/gcc/arm-elf/4.3.2/libgcc.a(_divdi3.o)
                              ./FreeRTOS/tasks.o (__divdi3)
/cygdrive/c/Users/Joe/Desktop/CmpE146Package/GNUARM/bin/../lib/gcc/arm-elf/4.3.2/libgcc.a(_udivdi3.o)
                              ./FreeRTOS/tasks.o (__udivdi3)
/cygdrive/c/Users/Joe/Desktop/CmpE146Package/GNUARM/bin/../lib/gcc/arm-elf/4.3.2/libgcc.a(_clz.o)
                              /cygdrive/c/Users/Joe/Desktop/CmpE146Package/GNUARM/bin/../lib/gcc/arm-elf/4.3.2/libgcc.a(_divdi3.o) (__clz_tab)
/cygdrive/c/Users/Joe/Desktop/CmpE146Package/GNUARM/bin/../lib/gcc/arm-elf/4.3.2/../../../../arm-elf/lib/libc.a(lib_a-atoi.o)
                              ./General/userInterface.o (atoi)
/cygdrive/c/Users/Joe/Desktop/CmpE146Package/GNUARM/bin/../lib/gcc/arm-elf/4.3.2/../../../../arm-elf/lib/libc.a(lib_a-iprintf.o)
                              ./General/userInterface.o (iprintf)
/cygdrive/c/Users/Joe/Desktop/CmpE146Package/GNUARM/bin/../lib/gcc/arm-elf/4.3.2/../../../../arm-elf/lib/libc.a(lib_a-malloc.o)
                              ./FreeRTOS/heap_3.o (free)
/cygdrive/c/Users/Joe/Desktop/CmpE146Package/GNUARM/bin/../lib/gcc/arm-elf/4.3.2/../../../../arm-elf/lib/libc.a(lib_a-mallocr.o)
                              /cygdrive/c/Users/Joe/Desktop/CmpE146Package/GNUARM/bin/../lib/gcc/arm-elf/4.3.2/../../../../arm-elf/lib/libc.a(lib_a-malloc.o) (_malloc_r)
/cygdrive/c/Users/Joe/Desktop/CmpE146Package/GNUARM/bin/../lib/gcc/arm-elf/4.3.2/../../../../arm-elf/lib/libc.a(lib_a-memcmp.o)
                              ./FreeRTOS/tasks.o (memcmp)
/cygdrive/c/Users/Joe/Desktop/CmpE146Package/GNUARM/bin/../lib/gcc/arm-elf/4.3.2/../../../../arm-elf/lib/libc.a(lib_a-memcpy.o)
                              ./drivers/i2c.o (memcpy)
/cygdrive/c/Users/Joe/Desktop/CmpE146Package/GNUARM/bin/../lib/gcc/arm-elf/4.3.2/../../../../arm-elf/lib/libc.a(lib_a-memset.o)
                              ./System/crash.o (memset)
/cygdrive/c/Users/Joe/Desktop/CmpE146Package/GNUARM/bin/../lib/gcc/arm-elf/4.3.2/../../../../arm-elf/lib/libc.a(lib_a-mlock.o)
                              /cygdrive/c/Users/Joe/Desktop/CmpE146Package/GNUARM/bin/../lib/gcc/arm-elf/4.3.2/../../../../arm-elf/lib/libc.a(lib_a-mallocr.o) (__malloc_lock)
/cygdrive/c/Users/Joe/Desktop/CmpE146Package/GNUARM/bin/../lib/gcc/arm-elf/4.3.2/../../../../arm-elf/lib/libc.a(lib_a-siprintf.o)
                              ./FreeRTOS/tasks.o (siprintf)
/cygdrive/c/Users/Joe/Desktop/CmpE146Package/GNUARM/bin/../lib/gcc/arm-elf/4.3.2/../../../../arm-elf/lib/libc.a(lib_a-strcmp.o)
                              ./General/userInterface.o (strcmp)
/cygdrive/c/Users/Joe/Desktop/CmpE146Package/GNUARM/bin/../lib/gcc/arm-elf/4.3.2/../../../../arm-elf/lib/libc.a(lib_a-strlen.o)
                              ./FreeRTOS/tasks.o (strlen)
/cygdrive/c/Users/Joe/Desktop/CmpE146Package/GNUARM/bin/../lib/gcc/arm-elf/4.3.2/../../../../arm-elf/lib/libc.a(lib_a-strncpy.o)
                              ./FreeRTOS/tasks.o (strncpy)
/cygdrive/c/Users/Joe/Desktop/CmpE146Package/GNUARM/bin/../lib/gcc/arm-elf/4.3.2/../../../../arm-elf/lib/libc.a(lib_a-strtok.o)
                              ./General/userInterface.o (strtok)
/cygdrive/c/Users/Joe/Desktop/CmpE146Package/GNUARM/bin/../lib/gcc/arm-elf/4.3.2/../../../../arm-elf/lib/libc.a(lib_a-strtok_r.o)
                              /cygdrive/c/Users/Joe/Desktop/CmpE146Package/GNUARM/bin/../lib/gcc/arm-elf/4.3.2/../../../../arm-elf/lib/libc.a(lib_a-strtok.o) (__strtok_r)
/cygdrive/c/Users/Joe/Desktop/CmpE146Package/GNUARM/bin/../lib/gcc/arm-elf/4.3.2/../../../../arm-elf/lib/libc.a(lib_a-strtol.o)
                              /cygdrive/c/Users/Joe/Desktop/CmpE146Package/GNUARM/bin/../lib/gcc/arm-elf/4.3.2/../../../../arm-elf/lib/libc.a(lib_a-atoi.o) (_strtol_r)
/cygdrive/c/Users/Joe/Desktop/CmpE146Package/GNUARM/bin/../lib/gcc/arm-elf/4.3.2/../../../../arm-elf/lib/libc.a(lib_a-vfiprintf.o)
                              /cygdrive/c/Users/Joe/Desktop/CmpE146Package/GNUARM/bin/../lib/gcc/arm-elf/4.3.2/../../../../arm-elf/lib/libc.a(lib_a-iprintf.o) (_vfiprintf_r)
[...]
Memory Configuration

Name             Origin             Length             Attributes
flash            0x00001000         0x0007c000         xr
ram              0x40000000         0x00007fe0         rw
*default*        0x00000000         0xffffffff

Linker script and memory map

LOAD ./Startup.o
LOAD ./main.o
LOAD ./fat/diskio.o
LOAD ./fat/ff.o
LOAD ./fat/rtc.o
LOAD ./fat/option/ccsbcs.o
LOAD ./fat/option/reentrant.o
LOAD ./drivers/uart/uart0.o
LOAD ./drivers/i2c.o
LOAD ./drivers/pcm1774.o
LOAD ./drivers/ssp_spi.o
LOAD ./drivers/sta013.o
LOAD ./System/cpu.o
LOAD ./System/crash.o
LOAD ./System/fiqISR.o
LOAD ./System/rprintf.o
LOAD ./System/syscalls.o
LOAD ./System/watchdog.o
LOAD ./General/userInterface.o
LOAD ./FreeRTOS/croutine.o
LOAD ./FreeRTOS/heap_3.o
LOAD ./FreeRTOS/list.o
LOAD ./FreeRTOS/port.o
LOAD ./FreeRTOS/portISR.o
LOAD ./FreeRTOS/queue.o
LOAD ./FreeRTOS/tasks.o
LOAD ./FreeRTOS/hooks/hooks.o
START GROUP
LOAD /cygdrive/c/Users/Joe/Desktop/CmpE146Package/GNUARM/bin/../lib/gcc/arm-elf/4.3.2/libgcc.a
LOAD /cygdrive/c/Users/Joe/Desktop/CmpE146Package/GNUARM/bin/../lib/gcc/arm-elf/4.3.2/../../../../arm-elf/lib/libc.a
END GROUP
                0x40007fdc                __stack_end__ = 0x40007fdc
                0x00000000                . = 0x0

startup         0x00001000      0x168
                0x00001000                __start_of_startup__ = .
 *(.startup)
 .startup       0x00001000      0x168 ./Startup.o
                0x00001168                __end_of_startup__ = .

.ctors          0x00001168        0x0
                0x00001168                PROVIDE (__ctors_start__, .)
 *(SORT(.ctors.*))
 *(.ctors)
                0x00001168                PROVIDE (__ctors_end__, .)

.dtors          0x00001168        0x0
                0x00001168                PROVIDE (__dtors_start__, .)
 *(SORT(.dtors.*))
 *(.dtors)
                0x00001168                PROVIDE (__dtors_end__, .)
                0x00001168                . = ALIGN (0x4)

prog            0x00001168     0xf0bc
                0x00001168                __start_of_text__ = .
                0x00001168                __start_of_prog__ = .
 *(.text)
 .text          0x00001168      0x144 ./Startup.o
                0x00001168                start
 .text          0x000012ac      0x120 ./main.o
                0x000013b8                diskTimer
                0x000012ac                main
 .text          0x000013cc      0xcc4 ./fat/diskio.o
                0x000015a4                wait_ready
                0x00001e94                disk_initialize
                0x00001460                disk_status
                0x00001b04                disk_ioctl
                0x000017b8                getSDCardInfo
                0x000016b4                xmit_datablock
                0x000013cc                diskio_initializeSPIMutex
                0x00001500                rcvr_datablock
                0x0000147c                disk_timerproc
                0x00001444                chk_power
                0x00001ad4                power_off
                0x00001774                get_spi
                0x000015e0                send_cmd
                0x000018cc                disk_write
                0x000013dc                initialize_SdCardSignals
                0x00001734                release_spi
                0x000019e4                disk_read
                0x00001440                power_on
 .text          0x00002090     0x3614 ./fat/ff.o
                0x00002ae8                get_fat
                0x00003d70                f_rename
                0x00004280                f_truncate
                0x000020b4                gen_numname
                0x00004128                f_unlink
                0x000053d4                f_close
                0x00004cf8                f_read
                0x0000457c                f_readdir
                0x00004074                f_chmod
                0x000052a4                f_sync
                0x00005630                f_mount
                0x00004638                f_opendir
                0x00002960                put_fat
                0x00004704                f_lseek
                0x000044f4                f_stat
                0x00002090                clust2sect
                0x00003fb8                f_utime
                0x000049b4                f_write
                0x000053ec                f_open
                0x00004fb0                f_mkdir
                0x00004384                f_getfree
 .text          0x000056a4      0x15c ./fat/rtc.o
                0x000056cc                rtc_gettime
                0x000056a4                initialize_RTC
                0x000057b0                get_fattime
                0x0000574c                rtc_settime
 .text          0x00005800       0xb4 ./fat/option/ccsbcs.o
                0x00005874                ff_wtoupper
                0x00005800                ff_convert
 .text          0x000058b4       0x5c ./fat/option/reentrant.o
                0x000058b4                ff_del_syncobj
                0x000058f4                ff_cre_syncobj
                0x000058bc                ff_rel_grant
                0x000058cc                ff_req_grant
 .text          0x00005910      0x460 ./drivers/uart/uart0.o
                0x0000596c                uart0GetChar
                0x00005944                uart0PutCharPolling
                0x00005a50                uart0Init
                0x00005910                uart0Deinit
                0x00005b90                uart0ISR
                0x0000599c                uart0PutChar
 .text          0x00005d70      0x744 ./drivers/i2c.o
                0x00006280                initialize_I2C0
                0x00006178                i2cWriteDeviceRegister
                0x00005d70                i2cStateMachine
                0x000061d8                i2cReadDeviceRegister
                0x0000610c                i2cKickOffTransfer
 .text          0x000064b4       0xc8 ./drivers/pcm1774.o
                0x0000656c                pcm1774_bassBoost
                0x000064b4                pcm1774_sendByte
                0x00006538                pcm1774_LineOutputConfiguration
                0x00006510                pcm1774_ConnectDigitalOutputs
                0x000064b8                pcm1774_readByte
                0x0000653c                pcm1774_PowerUpVcom
                0x0000651c                pcm1774_DigitalInterfaceSelection
                0x00006518                pcm1774_DigitalDeEmphasisFilter
                0x00006528                pcm1774_PowerUpMixer
                0x00006544                pcm1774_setShortCircuitProtectionRight
                0x00006564                pcm1774_redirectAnalogInputToLeftOutput
                0x0000652c                pcm1774_PowerUpAnalogBiasControl
                0x00006578                pcm1774_3dSoundEffect
                0x00006568                pcm1774_redirectAnalogInputToRightOutput
                0x00006548                pcm1774_readShortCircuitStatusLeft
                0x00006514                pcm1774_DigitalVolume
                0x000064c4                initialize_pcm1774
                0x00006574                pcm1774_trebleBoost
                0x000064cc                pcm1774_Reset
                0x00006570                pcm1774_middleBoost
                0x00006520                pcm1774_DigitalGainControl
                0x00006558                pcm1774_PowerUpGainAmplifierAnalog
                0x000064c0                pcm1774_bitMask
                0x00006534                pcm1774_PowerUpAnalog
                0x00006530                pcm1774_PowerUpDAC
                0x0000655c                pcm1774_selectAnalogInput
                0x00006540                pcm1774_setShortCircuitProtectionLeft
                0x0000650c                pcm1774_OutputVolume
                0x00006524                pcm1774_DigitalOversamplingControl
                0x00006560                pcm1774_gainAmplifierAnalogInput
                0x00006550                pcm1774_readShortCircuitStatusRight
                0x00006508                pcm1774_LoadDefaultDigitalConfiguration
 .text          0x0000657c       0x88 ./drivers/ssp_spi.o
                0x0000657c                initialize_SSPSPI
                0x000065f0                setSSPSPI_Divider
                0x000065c0                rxTxByteSSPSPI
 .text          0x00006604      0x158 ./drivers/sta013.o
                0x0000674c                sta013GetAverageBitrate
                0x00006754                sta013SetVolume
                0x00006728                sta013StopDecoder
                0x00006730                sta013ResumeDecoder
                0x0000672c                sta013PauseDecoder
                0x00006684                sta013DownloadUpdate
                0x00006724                sta013StartDecoder
                0x00006604                sta013ReadReg
                0x000066ac                initialize_sta013
                0x00006734                sta013GetMP3Info
                0x00006610                sta013HWReset
                0x0000660c                sta013WriteReg
                0x00006758                sta013SetTone
 .text          0x0000675c      0x120 ./System/cpu.o
                0x00006800                cpuPrintMemoryInfo
                0x0000675c                cpuSetupHardware
                0x000067fc                cpuSetupFIQISR
 .text          0x0000687c      0x4f8 ./System/crash.o
                0x000068dc                clearCrashInfo
                0x0000687c                didSystemCrash
                0x000068c0                performPABORTCrash
                0x00006938                printCrashInfo
                0x000068cc                performDABORTCrash
                0x000068b8                performUndefinedInstructionCrash
 .text          0x00006d74        0x4 ./System/fiqISR.o
                0x00006d74                fiqISR
 .text          0x00006d78      0x264 ./System/rprintf.o
                0x00006d78                rprintf_devopen
                0x00006dc8                rprintf
 .text          0x00006fdc      0x128 ./System/syscalls.o
                0x00006fe4                _lseek_r
                0x000070d4                _kill_r
                0x00006fec                _fstat_r
                0x00006ffc                isatty
                0x000070ec                _getpid_r
                0x00007004                _sbrk_r
                0x00007094                _read_r
                0x00006fdc                _close_r
                0x00007058                _write_r
 .text          0x00007104       0xd4 ./System/watchdog.o
                0x00007134                watchdog_Start
                0x00007104                watchdog_Reset
                0x0000711c                watchdog_Feed
                0x0000717c                watchdogDelayUs
                0x0000715c                watchdog_Stop
 .text          0x000071d8      0x7b4 ./General/userInterface.o
                0x0000727c                printLine
                0x00007288                uartUI
                0x000071d8                getUartLine
 .text          0x0000798c        0x0 ./FreeRTOS/croutine.o
 .text          0x0000798c       0x4c ./FreeRTOS/heap_3.o
                0x0000798c                vPortFree
                0x000079ac                pvPortMalloc
 .text          0x000079d8       0xf4 ./FreeRTOS/list.o
                0x00007a08                vListInsertEnd
                0x00007a90                vListRemove
                0x000079fc                vListInitialiseItem
                0x000079d8                vListInitialise
                0x00007a3c                vListInsert
 .text          0x00007acc      0x1c0 ./FreeRTOS/port.o
                0x00007c20                xPortStartScheduler
                0x00007c1c                vPortEndScheduler
                0x00007acc                pxPortInitialiseStack
 .text          0x00007c8c      0x228 ./FreeRTOS/portISR.o
                0x00007d7c                vTickISR
                0x00007e68                vPortExitCritical
                0x00007cd8                vPortYieldProcessor
                0x00007c8c                vPortISRStartFirstTask
                0x00007e3c                vPortEnterCritical
 .text          0x00007eb4      0x6f8 ./FreeRTOS/queue.o
                0x000082e8                xQueueGenericSendFromISR
                0x00008510                xQueueCreate
                0x00007ee4                vQueueDelete
                0x00008358                xQueueGenericSend
                0x00007f1c                xQueueReceiveFromISR
                0x00007ecc                xQueueIsQueueFullFromISR
                0x00007f00                uxQueueMessagesWaiting
                0x00008068                xQueueGenericReceive
                0x00007eb4                uxQueueMessagesWaitingFromISR
                0x00007ebc                xQueueIsQueueEmptyFromISR
                0x000084a0                xQueueCreateMutex
 .text          0x000085ac     0x135c ./FreeRTOS/tasks.o
                0x00009440                vTaskGetRunTimeStats
                0x00008fa8                uxTaskPriorityGet
                0x00008ebc                vTaskPrioritySet
                0x000095e8                vTaskEndScheduler
                0x00008fd8                vTaskPlaceOnEventList
                0x0000961c                xTaskGenericCreate
                0x000085ac                xTaskIsTaskSuspended
                0x000086b8                uxTaskGetStackHighWaterMark
                0x000089c0                xTaskResumeFromISR
                0x0000864c                runTimeStatISRExit
                0x00008b24                xTaskGetTickCount
                0x00008804                xTaskRemoveFromEventList
                0x00008a88                xTaskCheckForTimeOut
                0x000085e8                vTaskSuspendAll
                0x000086fc                vTaskPriorityDisinherit
                0x00008764                vTaskPriorityInherit
                0x00008d88                vTaskResume
                0x000091b4                vTaskSwitchContext
                0x00008e44                vTaskSuspend
                0x00008600                uxTaskGetNumberOfTasks
                0x000088a8                vTaskIncrementTick
                0x00008c8c                uxTaskGetIdlePercentage
                0x000090ec                vTaskDelayUntil
                0x000086ec                xTaskGetCurrentTaskHandle
                0x00008b44                xTaskResumeAll
                0x00009868                vTaskStartScheduler
                0x000086a4                vTaskMissedYield
                0x00008610                runTimeStatISREntry
                0x00009064                vTaskDelay
                0x00008684                vTaskSetTimeOutState
 .text          0x00009908       0x6c ./FreeRTOS/hooks/hooks.o
                0x00009920                vApplicationMallocFailedHook
                0x00009940                vApplicationStackOverflowHook
                0x00009908                vApplicationIdleHook
 .text          0x00009974      0x110 /cygdrive/c/Users/Joe/Desktop/CmpE146Package/GNUARM/bin/../lib/gcc/arm-elf/4.3.2/libgcc.a(_udivsi3.o)
                0x00009974                __udivsi3
                0x00009974                __aeabi_uidiv
                0x00009a6c                __aeabi_uidivmod
 .text          0x00009a84      0x140 /cygdrive/c/Users/Joe/Desktop/CmpE146Package/GNUARM/bin/../lib/gcc/arm-elf/4.3.2/libgcc.a(_divsi3.o)
                0x00009a84                __aeabi_idiv
                0x00009a84                __divsi3
                0x00009bac                __aeabi_idivmod
 .text          0x00009bc4       0xcc /cygdrive/c/Users/Joe/Desktop/CmpE146Package/GNUARM/bin/../lib/gcc/arm-elf/4.3.2/libgcc.a(_umodsi3.o)
                0x00009bc4                __umodsi3
 .text          0x00009c90        0x4 /cygdrive/c/Users/Joe/Desktop/CmpE146Package/GNUARM/bin/../lib/gcc/arm-elf/4.3.2/libgcc.a(_dvmd_tls.o)
                0x00009c90                __aeabi_ldiv0
                0x00009c90                __div0
                0x00009c90                __aeabi_idiv0
 .text          0x00009c94      0x590 /cygdrive/c/Users/Joe/Desktop/CmpE146Package/GNUARM/bin/../lib/gcc/arm-elf/4.3.2/libgcc.a(_divdi3.o)
                0x00009c94                __divdi3
 .text          0x0000a224      0x520 /cygdrive/c/Users/Joe/Desktop/CmpE146Package/GNUARM/bin/../lib/gcc/arm-elf/4.3.2/libgcc.a(_udivdi3.o)
                0x0000a224                __udivdi3
 .text          0x0000a744        0x0 /cygdrive/c/Users/Joe/Desktop/CmpE146Package/GNUARM/bin/../lib/gcc/arm-elf/4.3.2/libgcc.a(_clz.o)
 .text          0x0000a744       0x18 /cygdrive/c/Users/Joe/Desktop/CmpE146Package/GNUARM/bin/../lib/gcc/arm-elf/4.3.2/../../../../arm-elf/lib/libc.a(lib_a-atoi.o)
                0x0000a744                _atoi_r
                0x0000a750                atoi
 .text          0x0000a75c       0x54 /cygdrive/c/Users/Joe/Desktop/CmpE146Package/GNUARM/bin/../lib/gcc/arm-elf/4.3.2/../../../../arm-elf/lib/libc.a(lib_a-iprintf.o)
                0x0000a75c                _iprintf_r
                0x0000a780                iprintf
 .text          0x0000a7b0       0x28 /cygdrive/c/Users/Joe/Desktop/CmpE146Package/GNUARM/bin/../lib/gcc/arm-elf/4.3.2/../../../../arm-elf/lib/libc.a(lib_a-malloc.o)
                0x0000a7c4                malloc
                0x0000a7b0                free
 .text          0x0000a7d8      0x734 /cygdrive/c/Users/Joe/Desktop/CmpE146Package/GNUARM/bin/../lib/gcc/arm-elf/4.3.2/../../../../arm-elf/lib/libc.a(lib_a-mallocr.o)
                0x0000a7d8                _malloc_r
 .text          0x0000af0c       0xac /cygdrive/c/Users/Joe/Desktop/CmpE146Package/GNUARM/bin/../lib/gcc/arm-elf/4.3.2/../../../../arm-elf/lib/libc.a(lib_a-memcmp.o)
                0x0000af0c                memcmp
 .text          0x0000afb8       0xfc /cygdrive/c/Users/Joe/Desktop/CmpE146Package/GNUARM/bin/../lib/gcc/arm-elf/4.3.2/../../../../arm-elf/lib/libc.a(lib_a-memcpy.o)
                0x0000afb8                memcpy
 .text          0x0000b0b4       0xd0 /cygdrive/c/Users/Joe/Desktop/CmpE146Package/GNUARM/bin/../lib/gcc/arm-elf/4.3.2/../../../../arm-elf/lib/libc.a(lib_a-memset.o)
                0x0000b0b4                memset
 .text          0x0000b184        0x8 /cygdrive/c/Users/Joe/Desktop/CmpE146Package/GNUARM/bin/../lib/gcc/arm-elf/4.3.2/../../../../arm-elf/lib/libc.a(lib_a-mlock.o)
                0x0000b188                __malloc_unlock
                0x0000b184                __malloc_lock
 .text          0x0000b18c       0xcc /cygdrive/c/Users/Joe/Desktop/CmpE146Package/GNUARM/bin/../lib/gcc/arm-elf/4.3.2/../../../../arm-elf/lib/libc.a(lib_a-siprintf.o)
                0x0000b1f8                _siprintf_r
                0x0000b18c                siprintf
 .text          0x0000b258       0xe8 /cygdrive/c/Users/Joe/Desktop/CmpE146Package/GNUARM/bin/../lib/gcc/arm-elf/4.3.2/../../../../arm-elf/lib/libc.a(lib_a-strcmp.o)
                0x0000b258                strcmp
 .text          0x0000b340       0x9c /cygdrive/c/Users/Joe/Desktop/CmpE146Package/GNUARM/bin/../lib/gcc/arm-elf/4.3.2/../../../../arm-elf/lib/libc.a(lib_a-strlen.o)
                0x0000b340                strlen
 .text          0x0000b3dc      0x10c /cygdrive/c/Users/Joe/Desktop/CmpE146Package/GNUARM/bin/../lib/gcc/arm-elf/4.3.2/../../../../arm-elf/lib/libc.a(lib_a-strncpy.o)
                0x0000b3dc                strncpy
 .text          0x0000b4e8       0x18 /cygdrive/c/Users/Joe/Desktop/CmpE146Package/GNUARM/bin/../lib/gcc/arm-elf/4.3.2/../../../../arm-elf/lib/libc.a(lib_a-strtok.o)
                0x0000b4e8                strtok
 .text          0x0000b500       0xd0 /cygdrive/c/Users/Joe/Desktop/CmpE146Package/GNUARM/bin/../lib/gcc/arm-elf/4.3.2/../../../../arm-elf/lib/libc.a(lib_a-strtok_r.o)
                0x0000b5c8                strtok_r
                0x0000b500                __strtok_r
 .text          0x0000b5d0      0x1e0 /cygdrive/c/Users/Joe/Desktop/CmpE146Package/GNUARM/bin/../lib/gcc/arm-elf/4.3.2/../../../../arm-elf/lib/libc.a(lib_a-strtol.o)
                0x0000b784                strtol
                0x0000b5d0                _strtol_r
 .text          0x0000b7b0      0xff0 /cygdrive/c/Users/Joe/Desktop/CmpE146Package/GNUARM/bin/../lib/gcc/arm-elf/4.3.2/../../../../arm-elf/lib/libc.a(lib_a-vfiprintf.o)
                0x0000c774                vfiprintf
                0x0000b7e0                _vfiprintf_r
 .text          0x0000c7a0      0x144 /cygdrive/c/Users/Joe/Desktop/CmpE146Package/GNUARM/bin/../lib/gcc/arm-elf/4.3.2/../../../../arm-elf/lib/libc.a(lib_a-wsetup.o)
                0x0000c7a0                __swsetup_r
 .text          0x0000c8e4        0x0 /cygdrive/c/Users/Joe/Desktop/CmpE146Package/GNUARM/bin/../lib/gcc/arm-elf/4.3.2/../../../../arm-elf/lib/libc.a(lib_a-ctype_.o)
 .text          0x0000c8e4      0x1dc /cygdrive/c/Users/Joe/Desktop/CmpE146Package/GNUARM/bin/../lib/gcc/arm-elf/4.3.2/../../../../arm-elf/lib/libc.a(lib_a-fflush.o)
                0x0000ca8c                fflush
                0x0000c8e4                _fflush_r
 .text          0x0000cac0      0x2ac /cygdrive/c/Users/Joe/Desktop/CmpE146Package/GNUARM/bin/../lib/gcc/arm-elf/4.3.2/../../../../arm-elf/lib/libc.a(lib_a-findfp.o)
                0x0000cac0                __sinit
                0x0000cc50                __sfmoreglue
                0x0000cc38                _cleanup
                0x0000cc2c                _cleanup_r
                0x0000cc14                __fp_lock_all
                0x0000cbdc                __sfp_lock_acquire
                0x0000cc98                __sfp
                0x0000cbe8                __sinit_lock_release
                0x0000cbfc                __fp_unlock_all
                0x0000cbe0                __sfp_lock_release
                0x0000cbe4                __sinit_lock_acquire
 .text          0x0000cd6c      0x370 /cygdrive/c/Users/Joe/Desktop/CmpE146Package/GNUARM/bin/../lib/gcc/arm-elf/4.3.2/../../../../arm-elf/lib/libc.a(lib_a-freer.o)
                0x0000ce64                _free_r
                0x0000cd6c                _malloc_trim_r
 .text          0x0000d0dc      0x46c /cygdrive/c/Users/Joe/Desktop/CmpE146Package/GNUARM/bin/../lib/gcc/arm-elf/4.3.2/../../../../arm-elf/lib/libc.a(lib_a-fvwrite.o)
                0x0000d0dc                __sfvwrite_r
 .text          0x0000d548      0x10c /cygdrive/c/Users/Joe/Desktop/CmpE146Package/GNUARM/bin/../lib/gcc/arm-elf/4.3.2/../../../../arm-elf/lib/libc.a(lib_a-fwalk.o)
                0x0000d5d0                _fwalk
                0x0000d548                _fwalk_reent
 .text          0x0000d654        0x0 /cygdrive/c/Users/Joe/Desktop/CmpE146Package/GNUARM/bin/../lib/gcc/arm-elf/4.3.2/../../../../arm-elf/lib/libc.a(lib_a-impure.o)
 .text          0x0000d654      0x164 /cygdrive/c/Users/Joe/Desktop/CmpE146Package/GNUARM/bin/../lib/gcc/arm-elf/4.3.2/../../../../arm-elf/lib/libc.a(lib_a-makebuf.o)
                0x0000d654                __smakebuf_r
 .text          0x0000d7b8      0x118 /cygdrive/c/Users/Joe/Desktop/CmpE146Package/GNUARM/bin/../lib/gcc/arm-elf/4.3.2/../../../../arm-elf/lib/libc.a(lib_a-memchr.o)
                0x0000d7b8                memchr
 .text          0x0000d8d0      0x144 /cygdrive/c/Users/Joe/Desktop/CmpE146Package/GNUARM/bin/../lib/gcc/arm-elf/4.3.2/../../../../arm-elf/lib/libc.a(lib_a-memmove.o)
                0x0000d8d0                memmove
 .text          0x0000da14      0x510 /cygdrive/c/Users/Joe/Desktop/CmpE146Package/GNUARM/bin/../lib/gcc/arm-elf/4.3.2/../../../../arm-elf/lib/libc.a(lib_a-reallocr.o)
                0x0000da14                _realloc_r
 .text          0x0000df24       0xc0 /cygdrive/c/Users/Joe/Desktop/CmpE146Package/GNUARM/bin/../lib/gcc/arm-elf/4.3.2/../../../../arm-elf/lib/libc.a(lib_a-stdio.o)
                0x0000df2c                __sseek
                0x0000dfb4                __sread
                0x0000df24                __sclose
                0x0000df60                __swrite
 .text          0x0000dfe4      0x118 /cygdrive/c/Users/Joe/Desktop/CmpE146Package/GNUARM/bin/../lib/gcc/arm-elf/4.3.2/../../../../arm-elf/lib/libc.a(lib_a-fclose.o)
                0x0000dfe4                _fclose_r
                0x0000e0e8                fclose
                0x0000e0fc                __end_of_prog__ = .
                0x0000e0fc                __start_of_rodata__ = .
 *(.rodata)
 .rodata        0x0000e0fc       0x8d ./fat/ff.o
 *fill*         0x0000e189        0x1 00
 .rodata        0x0000e18a      0x4c0 ./fat/option/ccsbcs.o
 .rodata        0x0000e64a      0xfe0 ./drivers/sta013.o
                0x0000e67a                STA013_UpdateData
                0x0000e64a                MP3_Bitrates
                0x0000e66a                MP3_SamplingFrequencies
 .rodata        0x0000f62a       0x14 ./FreeRTOS/tasks.o
 .rodata        0x0000f63e      0x100 /cygdrive/c/Users/Joe/Desktop/CmpE146Package/GNUARM/bin/../lib/gcc/arm-elf/4.3.2/libgcc.a(_clz.o)
                0x0000f63e                __clz_tab
 .rodata        0x0000f73e       0x20 /cygdrive/c/Users/Joe/Desktop/CmpE146Package/GNUARM/bin/../lib/gcc/arm-elf/4.3.2/../../../../arm-elf/lib/libc.a(lib_a-vfiprintf.o)
 .rodata        0x0000f75e      0x101 /cygdrive/c/Users/Joe/Desktop/CmpE146Package/GNUARM/bin/../lib/gcc/arm-elf/4.3.2/../../../../arm-elf/lib/libc.a(lib_a-ctype_.o)
                0x0000f75e                _ctype_
 *fill*         0x0000f85f        0x1 00
 .rodata        0x0000f860        0x4 /cygdrive/c/Users/Joe/Desktop/CmpE146Package/GNUARM/bin/../lib/gcc/arm-elf/4.3.2/../../../../arm-elf/lib/libc.a(lib_a-impure.o)
                0x0000f860                _global_impure_ptr
 *(.rodata*)
 .rodata.str1.1
                0x0000f864       0x85 ./main.o
 .rodata.str1.1
                0x0000f8e9       0x10 ./fat/ff.o
 .rodata.str1.1
                0x0000f8f9       0x7d ./System/cpu.o
                                 0x9f (size before relaxing)
 .rodata.str1.1
                0x0000f976      0x214 ./System/crash.o
 .rodata.str1.1
                0x0000fb8a       0x14 ./System/syscalls.o
 .rodata.str1.1
                0x0000fb9e      0x55b ./General/userInterface.o
                                0x563 (size before relaxing)
 .rodata.str1.1
                0x000100f9       0x4c ./FreeRTOS/tasks.o
 .rodata.str1.1
                0x00010145       0x8d ./FreeRTOS/hooks/hooks.o
 *fill*         0x000101d2        0x2 00
 .rodata.str1.4
                0x000101d4       0x4a /cygdrive/c/Users/Joe/Desktop/CmpE146Package/GNUARM/bin/../lib/gcc/arm-elf/4.3.2/../../../../arm-elf/lib/libc.a(lib_a-vfiprintf.o)
                                 0x4c (size before relaxing)
 *fill*         0x0001021e        0x2 00
 .rodata.str1.4
                0x00010220        0x4 /cygdrive/c/Users/Joe/Desktop/CmpE146Package/GNUARM/bin/../lib/gcc/arm-elf/4.3.2/../../../../arm-elf/lib/libc.a(lib_a-impure.o)
                0x00010224                __end_of_rodata__ = .
                0x00010224                __start_of_glue7__ = .
 *(.glue_7)
 .glue_7        0x00010224        0x0 ./Startup.o
 .glue_7        0x00010224        0x0 ./main.o
 .glue_7        0x00010224        0x0 ./fat/diskio.o
 .glue_7        0x00010224        0x0 ./fat/ff.o
 .glue_7        0x00010224        0x0 ./fat/rtc.o
 .glue_7        0x00010224        0x0 ./fat/option/ccsbcs.o
 .glue_7        0x00010224        0x0 ./fat/option/reentrant.o
 .glue_7        0x00010224        0x0 ./drivers/uart/uart0.o
 .glue_7        0x00010224        0x0 ./drivers/i2c.o
 .glue_7        0x00010224        0x0 ./drivers/pcm1774.o
 .glue_7        0x00010224        0x0 ./drivers/ssp_spi.o
 .glue_7        0x00010224        0x0 ./drivers/sta013.o
 .glue_7        0x00010224        0x0 ./System/cpu.o
 .glue_7        0x00010224        0x0 ./System/crash.o
 .glue_7        0x00010224        0x0 ./System/fiqISR.o
 .glue_7        0x00010224        0x0 ./System/rprintf.o
 .glue_7        0x00010224        0x0 ./System/syscalls.o
 .glue_7        0x00010224        0x0 ./System/watchdog.o
 .glue_7        0x00010224        0x0 ./General/userInterface.o
 .glue_7        0x00010224        0x0 ./FreeRTOS/croutine.o
 .glue_7        0x00010224        0x0 ./FreeRTOS/heap_3.o
 .glue_7        0x00010224        0x0 ./FreeRTOS/list.o
 .glue_7        0x00010224        0x0 ./FreeRTOS/port.o
 .glue_7        0x00010224        0x0 ./FreeRTOS/portISR.o
 .glue_7        0x00010224        0x0 ./FreeRTOS/queue.o
 .glue_7        0x00010224        0x0 ./FreeRTOS/tasks.o
 .glue_7        0x00010224        0x0 ./FreeRTOS/hooks/hooks.o
 .glue_7        0x00010224        0x0 /cygdrive/c/Users/Joe/Desktop/CmpE146Package/GNUARM/bin/../lib/gcc/arm-elf/4.3.2/libgcc.a(_udivsi3.o)
 .glue_7        0x00010224        0x0 /cygdrive/c/Users/Joe/Desktop/CmpE146Package/GNUARM/bin/../lib/gcc/arm-elf/4.3.2/libgcc.a(_divsi3.o)
 .glue_7        0x00010224        0x0 /cygdrive/c/Users/Joe/Desktop/CmpE146Package/GNUARM/bin/../lib/gcc/arm-elf/4.3.2/libgcc.a(_umodsi3.o)
 .glue_7        0x00010224        0x0 /cygdrive/c/Users/Joe/Desktop/CmpE146Package/GNUARM/bin/../lib/gcc/arm-elf/4.3.2/libgcc.a(_dvmd_tls.o)
 .glue_7        0x00010224        0x0 /cygdrive/c/Users/Joe/Desktop/CmpE146Package/GNUARM/bin/../lib/gcc/arm-elf/4.3.2/libgcc.a(_divdi3.o)
 .glue_7        0x00010224        0x0 /cygdrive/c/Users/Joe/Desktop/CmpE146Package/GNUARM/bin/../lib/gcc/arm-elf/4.3.2/libgcc.a(_udivdi3.o)
 .glue_7        0x00010224        0x0 /cygdrive/c/Users/Joe/Desktop/CmpE146Package/GNUARM/bin/../lib/gcc/arm-elf/4.3.2/libgcc.a(_clz.o)
 .glue_7        0x00010224        0x0 /cygdrive/c/Users/Joe/Desktop/CmpE146Package/GNUARM/bin/../lib/gcc/arm-elf/4.3.2/../../../../arm-elf/lib/libc.a(lib_a-atoi.o)
 .glue_7        0x00010224        0x0 /cygdrive/c/Users/Joe/Desktop/CmpE146Package/GNUARM/bin/../lib/gcc/arm-elf/4.3.2/../../../../arm-elf/lib/libc.a(lib_a-iprintf.o)
 .glue_7        0x00010224        0x0 /cygdrive/c/Users/Joe/Desktop/CmpE146Package/GNUARM/bin/../lib/gcc/arm-elf/4.3.2/../../../../arm-elf/lib/libc.a(lib_a-malloc.o)
 .glue_7        0x00010224        0x0 /cygdrive/c/Users/Joe/Desktop/CmpE146Package/GNUARM/bin/../lib/gcc/arm-elf/4.3.2/../../../../arm-elf/lib/libc.a(lib_a-mallocr.o)
 .glue_7        0x00010224        0x0 /cygdrive/c/Users/Joe/Desktop/CmpE146Package/GNUARM/bin/../lib/gcc/arm-elf/4.3.2/../../../../arm-elf/lib/libc.a(lib_a-memcmp.o)
 .glue_7        0x00010224        0x0 /cygdrive/c/Users/Joe/Desktop/CmpE146Package/GNUARM/bin/../lib/gcc/arm-elf/4.3.2/../../../../arm-elf/lib/libc.a(lib_a-memcpy.o)
 .glue_7        0x00010224        0x0 /cygdrive/c/Users/Joe/Desktop/CmpE146Package/GNUARM/bin/../lib/gcc/arm-elf/4.3.2/../../../../arm-elf/lib/libc.a(lib_a-memset.o)
 .glue_7        0x00010224        0x0 /cygdrive/c/Users/Joe/Desktop/CmpE146Package/GNUARM/bin/../lib/gcc/arm-elf/4.3.2/../../../../arm-elf/lib/libc.a(lib_a-mlock.o)
 .glue_7        0x00010224        0x0 /cygdrive/c/Users/Joe/Desktop/CmpE146Package/GNUARM/bin/../lib/gcc/arm-elf/4.3.2/../../../../arm-elf/lib/libc.a(lib_a-siprintf.o)
 .glue_7        0x00010224        0x0 /cygdrive/c/Users/Joe/Desktop/CmpE146Package/GNUARM/bin/../lib/gcc/arm-elf/4.3.2/../../../../arm-elf/lib/libc.a(lib_a-strcmp.o)
 .glue_7        0x00010224        0x0 /cygdrive/c/Users/Joe/Desktop/CmpE146Package/GNUARM/bin/../lib/gcc/arm-elf/4.3.2/../../../../arm-elf/lib/libc.a(lib_a-strlen.o)
 .glue_7        0x00010224        0x0 /cygdrive/c/Users/Joe/Desktop/CmpE146Package/GNUARM/bin/../lib/gcc/arm-elf/4.3.2/../../../../arm-elf/lib/libc.a(lib_a-strncpy.o)
 .glue_7        0x00010224        0x0 /cygdrive/c/Users/Joe/Desktop/CmpE146Package/GNUARM/bin/../lib/gcc/arm-elf/4.3.2/../../../../arm-elf/lib/libc.a(lib_a-strtok.o)
 .glue_7        0x00010224        0x0 /cygdrive/c/Users/Joe/Desktop/CmpE146Package/GNUARM/bin/../lib/gcc/arm-elf/4.3.2/../../../../arm-elf/lib/libc.a(lib_a-strtok_r.o)
 .glue_7        0x00010224        0x0 /cygdrive/c/Users/Joe/Desktop/CmpE146Package/GNUARM/bin/../lib/gcc/arm-elf/4.3.2/../../../../arm-elf/lib/libc.a(lib_a-strtol.o)
 .glue_7        0x00010224        0x0 /cygdrive/c/Users/Joe/Desktop/CmpE146Package/GNUARM/bin/../lib/gcc/arm-elf/4.3.2/../../../../arm-elf/lib/libc.a(lib_a-vfiprintf.o)
 .glue_7        0x00010224        0x0 /cygdrive/c/Users/Joe/Desktop/CmpE146Package/GNUARM/bin/../lib/gcc/arm-elf/4.3.2/../../../../arm-elf/lib/libc.a(lib_a-wsetup.o)
 .glue_7        0x00010224        0x0 /cygdrive/c/Users/Joe/Desktop/CmpE146Package/GNUARM/bin/../lib/gcc/arm-elf/4.3.2/../../../../arm-elf/lib/libc.a(lib_a-ctype_.o)
 .glue_7        0x00010224        0x0 /cygdrive/c/Users/Joe/Desktop/CmpE146Package/GNUARM/bin/../lib/gcc/arm-elf/4.3.2/../../../../arm-elf/lib/libc.a(lib_a-fflush.o)
 .glue_7        0x00010224        0x0 /cygdrive/c/Users/Joe/Desktop/CmpE146Package/GNUARM/bin/../lib/gcc/arm-elf/4.3.2/../../../../arm-elf/lib/libc.a(lib_a-findfp.o)
 .glue_7        0x00010224        0x0 /cygdrive/c/Users/Joe/Desktop/CmpE146Package/GNUARM/bin/../lib/gcc/arm-elf/4.3.2/../../../../arm-elf/lib/libc.a(lib_a-freer.o)
 .glue_7        0x00010224        0x0 /cygdrive/c/Users/Joe/Desktop/CmpE146Package/GNUARM/bin/../lib/gcc/arm-elf/4.3.2/../../../../arm-elf/lib/libc.a(lib_a-fvwrite.o)
 .glue_7        0x00010224        0x0 /cygdrive/c/Users/Joe/Desktop/CmpE146Package/GNUARM/bin/../lib/gcc/arm-elf/4.3.2/../../../../arm-elf/lib/libc.a(lib_a-fwalk.o)
 .glue_7        0x00010224        0x0 /cygdrive/c/Users/Joe/Desktop/CmpE146Package/GNUARM/bin/../lib/gcc/arm-elf/4.3.2/../../../../arm-elf/lib/libc.a(lib_a-impure.o)
 .glue_7        0x00010224        0x0 /cygdrive/c/Users/Joe/Desktop/CmpE146Package/GNUARM/bin/../lib/gcc/arm-elf/4.3.2/../../../../arm-elf/lib/libc.a(lib_a-makebuf.o)
 .glue_7        0x00010224        0x0 /cygdrive/c/Users/Joe/Desktop/CmpE146Package/GNUARM/bin/../lib/gcc/arm-elf/4.3.2/../../../../arm-elf/lib/libc.a(lib_a-memchr.o)
 .glue_7        0x00010224        0x0 /cygdrive/c/Users/Joe/Desktop/CmpE146Package/GNUARM/bin/../lib/gcc/arm-elf/4.3.2/../../../../arm-elf/lib/libc.a(lib_a-memmove.o)
 .glue_7        0x00010224        0x0 /cygdrive/c/Users/Joe/Desktop/CmpE146Package/GNUARM/bin/../lib/gcc/arm-elf/4.3.2/../../../../arm-elf/lib/libc.a(lib_a-reallocr.o)
 .glue_7        0x00010224        0x0 /cygdrive/c/Users/Joe/Desktop/CmpE146Package/GNUARM/bin/../lib/gcc/arm-elf/4.3.2/../../../../arm-elf/lib/libc.a(lib_a-stdio.o)
 .glue_7        0x00010224        0x0 /cygdrive/c/Users/Joe/Desktop/CmpE146Package/GNUARM/bin/../lib/gcc/arm-elf/4.3.2/../../../../arm-elf/lib/libc.a(lib_a-fclose.o)
 *(.glue_7t)
 .glue_7t       0x00010224        0x0 ./Startup.o
 .glue_7t       0x00010224        0x0 ./main.o
 .glue_7t       0x00010224        0x0 ./fat/diskio.o
 .glue_7t       0x00010224        0x0 ./fat/ff.o
 .glue_7t       0x00010224        0x0 ./fat/rtc.o
 .glue_7t       0x00010224        0x0 ./fat/option/ccsbcs.o
 .glue_7t       0x00010224        0x0 ./fat/option/reentrant.o
 .glue_7t       0x00010224        0x0 ./drivers/uart/uart0.o
 .glue_7t       0x00010224        0x0 ./drivers/i2c.o
 .glue_7t       0x00010224        0x0 ./drivers/pcm1774.o
 .glue_7t       0x00010224        0x0 ./drivers/ssp_spi.o
 .glue_7t       0x00010224        0x0 ./drivers/sta013.o
 .glue_7t       0x00010224        0x0 ./System/cpu.o
 .glue_7t       0x00010224        0x0 ./System/crash.o
 .glue_7t       0x00010224        0x0 ./System/fiqISR.o
 .glue_7t       0x00010224        0x0 ./System/rprintf.o
 .glue_7t       0x00010224        0x0 ./System/syscalls.o
 .glue_7t       0x00010224        0x0 ./System/watchdog.o
 .glue_7t       0x00010224        0x0 ./General/userInterface.o
 .glue_7t       0x00010224        0x0 ./FreeRTOS/croutine.o
 .glue_7t       0x00010224        0x0 ./FreeRTOS/heap_3.o
 .glue_7t       0x00010224        0x0 ./FreeRTOS/list.o
 .glue_7t       0x00010224        0x0 ./FreeRTOS/port.o
 .glue_7t       0x00010224        0x0 ./FreeRTOS/portISR.o
 .glue_7t       0x00010224        0x0 ./FreeRTOS/queue.o
 .glue_7t       0x00010224        0x0 ./FreeRTOS/tasks.o
 .glue_7t       0x00010224        0x0 ./FreeRTOS/hooks/hooks.o
 .glue_7t       0x00010224        0x0 /cygdrive/c/Users/Joe/Desktop/CmpE146Package/GNUARM/bin/../lib/gcc/arm-elf/4.3.2/libgcc.a(_udivsi3.o)
 .glue_7t       0x00010224        0x0 /cygdrive/c/Users/Joe/Desktop/CmpE146Package/GNUARM/bin/../lib/gcc/arm-elf/4.3.2/libgcc.a(_divsi3.o)
 .glue_7t       0x00010224        0x0 /cygdrive/c/Users/Joe/Desktop/CmpE146Package/GNUARM/bin/../lib/gcc/arm-elf/4.3.2/libgcc.a(_umodsi3.o)
 .glue_7t       0x00010224        0x0 /cygdrive/c/Users/Joe/Desktop/CmpE146Package/GNUARM/bin/../lib/gcc/arm-elf/4.3.2/libgcc.a(_dvmd_tls.o)
 .glue_7t       0x00010224        0x0 /cygdrive/c/Users/Joe/Desktop/CmpE146Package/GNUARM/bin/../lib/gcc/arm-elf/4.3.2/libgcc.a(_divdi3.o)
 .glue_7t       0x00010224        0x0 /cygdrive/c/Users/Joe/Desktop/CmpE146Package/GNUARM/bin/../lib/gcc/arm-elf/4.3.2/libgcc.a(_udivdi3.o)
 .glue_7t       0x00010224        0x0 /cygdrive/c/Users/Joe/Desktop/CmpE146Package/GNUARM/bin/../lib/gcc/arm-elf/4.3.2/libgcc.a(_clz.o)
 .glue_7t       0x00010224        0x0 /cygdrive/c/Users/Joe/Desktop/CmpE146Package/GNUARM/bin/../lib/gcc/arm-elf/4.3.2/../../../../arm-elf/lib/libc.a(lib_a-atoi.o)
 .glue_7t       0x00010224        0x0 /cygdrive/c/Users/Joe/Desktop/CmpE146Package/GNUARM/bin/../lib/gcc/arm-elf/4.3.2/../../../../arm-elf/lib/libc.a(lib_a-iprintf.o)
 .glue_7t       0x00010224        0x0 /cygdrive/c/Users/Joe/Desktop/CmpE146Package/GNUARM/bin/../lib/gcc/arm-elf/4.3.2/../../../../arm-elf/lib/libc.a(lib_a-malloc.o)
 .glue_7t       0x00010224        0x0 /cygdrive/c/Users/Joe/Desktop/CmpE146Package/GNUARM/bin/../lib/gcc/arm-elf/4.3.2/../../../../arm-elf/lib/libc.a(lib_a-mallocr.o)
 .glue_7t       0x00010224        0x0 /cygdrive/c/Users/Joe/Desktop/CmpE146Package/GNUARM/bin/../lib/gcc/arm-elf/4.3.2/../../../../arm-elf/lib/libc.a(lib_a-memcmp.o)
 .glue_7t       0x00010224        0x0 /cygdrive/c/Users/Joe/Desktop/CmpE146Package/GNUARM/bin/../lib/gcc/arm-elf/4.3.2/../../../../arm-elf/lib/libc.a(lib_a-memcpy.o)
 .glue_7t       0x00010224        0x0 /cygdrive/c/Users/Joe/Desktop/CmpE146Package/GNUARM/bin/../lib/gcc/arm-elf/4.3.2/../../../../arm-elf/lib/libc.a(lib_a-memset.o)
 .glue_7t       0x00010224        0x0 /cygdrive/c/Users/Joe/Desktop/CmpE146Package/GNUARM/bin/../lib/gcc/arm-elf/4.3.2/../../../../arm-elf/lib/libc.a(lib_a-mlock.o)
 .glue_7t       0x00010224        0x0 /cygdrive/c/Users/Joe/Desktop/CmpE146Package/GNUARM/bin/../lib/gcc/arm-elf/4.3.2/../../../../arm-elf/lib/libc.a(lib_a-siprintf.o)
 .glue_7t       0x00010224        0x0 /cygdrive/c/Users/Joe/Desktop/CmpE146Package/GNUARM/bin/../lib/gcc/arm-elf/4.3.2/../../../../arm-elf/lib/libc.a(lib_a-strcmp.o)
 .glue_7t       0x00010224        0x0 /cygdrive/c/Users/Joe/Desktop/CmpE146Package/GNUARM/bin/../lib/gcc/arm-elf/4.3.2/../../../../arm-elf/lib/libc.a(lib_a-strlen.o)
 .glue_7t       0x00010224        0x0 /cygdrive/c/Users/Joe/Desktop/CmpE146Package/GNUARM/bin/../lib/gcc/arm-elf/4.3.2/../../../../arm-elf/lib/libc.a(lib_a-strncpy.o)
 .glue_7t       0x00010224        0x0 /cygdrive/c/Users/Joe/Desktop/CmpE146Package/GNUARM/bin/../lib/gcc/arm-elf/4.3.2/../../../../arm-elf/lib/libc.a(lib_a-strtok.o)
 .glue_7t       0x00010224        0x0 /cygdrive/c/Users/Joe/Desktop/CmpE146Package/GNUARM/bin/../lib/gcc/arm-elf/4.3.2/../../../../arm-elf/lib/libc.a(lib_a-strtok_r.o)
 .glue_7t       0x00010224        0x0 /cygdrive/c/Users/Joe/Desktop/CmpE146Package/GNUARM/bin/../lib/gcc/arm-elf/4.3.2/../../../../arm-elf/lib/libc.a(lib_a-strtol.o)
 .glue_7t       0x00010224        0x0 /cygdrive/c/Users/Joe/Desktop/CmpE146Package/GNUARM/bin/../lib/gcc/arm-elf/4.3.2/../../../../arm-elf/lib/libc.a(lib_a-vfiprintf.o)
 .glue_7t       0x00010224        0x0 /cygdrive/c/Users/Joe/Desktop/CmpE146Package/GNUARM/bin/../lib/gcc/arm-elf/4.3.2/../../../../arm-elf/lib/libc.a(lib_a-wsetup.o)
 .glue_7t       0x00010224        0x0 /cygdrive/c/Users/Joe/Desktop/CmpE146Package/GNUARM/bin/../lib/gcc/arm-elf/4.3.2/../../../../arm-elf/lib/libc.a(lib_a-ctype_.o)
 .glue_7t       0x00010224        0x0 /cygdrive/c/Users/Joe/Desktop/CmpE146Package/GNUARM/bin/../lib/gcc/arm-elf/4.3.2/../../../../arm-elf/lib/libc.a(lib_a-fflush.o)
 .glue_7t       0x00010224        0x0 /cygdrive/c/Users/Joe/Desktop/CmpE146Package/GNUARM/bin/../lib/gcc/arm-elf/4.3.2/../../../../arm-elf/lib/libc.a(lib_a-findfp.o)
 .glue_7t       0x00010224        0x0 /cygdrive/c/Users/Joe/Desktop/CmpE146Package/GNUARM/bin/../lib/gcc/arm-elf/4.3.2/../../../../arm-elf/lib/libc.a(lib_a-freer.o)
 .glue_7t       0x00010224        0x0 /cygdrive/c/Users/Joe/Desktop/CmpE146Package/GNUARM/bin/../lib/gcc/arm-elf/4.3.2/../../../../arm-elf/lib/libc.a(lib_a-fvwrite.o)
 .glue_7t       0x00010224        0x0 /cygdrive/c/Users/Joe/Desktop/CmpE146Package/GNUARM/bin/../lib/gcc/arm-elf/4.3.2/../../../../arm-elf/lib/libc.a(lib_a-fwalk.o)
 .glue_7t       0x00010224        0x0 /cygdrive/c/Users/Joe/Desktop/CmpE146Package/GNUARM/bin/../lib/gcc/arm-elf/4.3.2/../../../../arm-elf/lib/libc.a(lib_a-impure.o)
 .glue_7t       0x00010224        0x0 /cygdrive/c/Users/Joe/Desktop/CmpE146Package/GNUARM/bin/../lib/gcc/arm-elf/4.3.2/../../../../arm-elf/lib/libc.a(lib_a-makebuf.o)
 .glue_7t       0x00010224        0x0 /cygdrive/c/Users/Joe/Desktop/CmpE146Package/GNUARM/bin/../lib/gcc/arm-elf/4.3.2/../../../../arm-elf/lib/libc.a(lib_a-memchr.o)
 .glue_7t       0x00010224        0x0 /cygdrive/c/Users/Joe/Desktop/CmpE146Package/GNUARM/bin/../lib/gcc/arm-elf/4.3.2/../../../../arm-elf/lib/libc.a(lib_a-memmove.o)
 .glue_7t       0x00010224        0x0 /cygdrive/c/Users/Joe/Desktop/CmpE146Package/GNUARM/bin/../lib/gcc/arm-elf/4.3.2/../../../../arm-elf/lib/libc.a(lib_a-reallocr.o)
 .glue_7t       0x00010224        0x0 /cygdrive/c/Users/Joe/Desktop/CmpE146Package/GNUARM/bin/../lib/gcc/arm-elf/4.3.2/../../../../arm-elf/lib/libc.a(lib_a-stdio.o)
 .glue_7t       0x00010224        0x0 /cygdrive/c/Users/Joe/Desktop/CmpE146Package/GNUARM/bin/../lib/gcc/arm-elf/4.3.2/../../../../arm-elf/lib/libc.a(lib_a-fclose.o)
                0x00010224                __end_of_glue7__ = .
                0x00010224                __end_of_text__ = .

.intvects       0x40000000       0x40 load address 0x00010224
                0x40000000                __intvects_beg__ = .
                0x00010224                __intvects_beg_src__ = __end_of_text__
 *(.intvects)
 .intvects      0x40000000       0x40 ./Startup.o
                0x40000000                __intvects
                0x40000040                __intvects_end__ = .
                0x00010264                __end_of_intvects__ = (__end_of_text__ + (__intvects_end__ - __intvects_beg__))

.vfp11_veneer   0x00010264        0x0 load address 0x40000040
 .vfp11_veneer  0x00010264        0x0 ./Startup.o
 .vfp11_veneer  0x00010264        0x0 ./main.o
 .vfp11_veneer  0x00010264        0x0 ./fat/diskio.o
 .vfp11_veneer  0x00010264        0x0 ./fat/ff.o
 .vfp11_veneer  0x00010264        0x0 ./fat/rtc.o
 .vfp11_veneer  0x00010264        0x0 ./fat/option/ccsbcs.o
 .vfp11_veneer  0x00010264        0x0 ./fat/option/reentrant.o
 .vfp11_veneer  0x00010264        0x0 ./drivers/uart/uart0.o
 .vfp11_veneer  0x00010264        0x0 ./drivers/i2c.o
 .vfp11_veneer  0x00010264        0x0 ./drivers/pcm1774.o
 .vfp11_veneer  0x00010264        0x0 ./drivers/ssp_spi.o
 .vfp11_veneer  0x00010264        0x0 ./drivers/sta013.o
 .vfp11_veneer  0x00010264        0x0 ./System/cpu.o
 .vfp11_veneer  0x00010264        0x0 ./System/crash.o
 .vfp11_veneer  0x00010264        0x0 ./System/fiqISR.o
 .vfp11_veneer  0x00010264        0x0 ./System/rprintf.o
 .vfp11_veneer  0x00010264        0x0 ./System/syscalls.o
 .vfp11_veneer  0x00010264        0x0 ./System/watchdog.o
 .vfp11_veneer  0x00010264        0x0 ./General/userInterface.o
 .vfp11_veneer  0x00010264        0x0 ./FreeRTOS/croutine.o
 .vfp11_veneer  0x00010264        0x0 ./FreeRTOS/heap_3.o
 .vfp11_veneer  0x00010264        0x0 ./FreeRTOS/list.o
 .vfp11_veneer  0x00010264        0x0 ./FreeRTOS/port.o
 .vfp11_veneer  0x00010264        0x0 ./FreeRTOS/portISR.o
 .vfp11_veneer  0x00010264        0x0 ./FreeRTOS/queue.o
 .vfp11_veneer  0x00010264        0x0 ./FreeRTOS/tasks.o
 .vfp11_veneer  0x00010264        0x0 ./FreeRTOS/hooks/hooks.o
 .vfp11_veneer  0x00010264        0x0 /cygdrive/c/Users/Joe/Desktop/CmpE146Package/GNUARM/bin/../lib/gcc/arm-elf/4.3.2/libgcc.a(_udivsi3.o)
 .vfp11_veneer  0x00010264        0x0 /cygdrive/c/Users/Joe/Desktop/CmpE146Package/GNUARM/bin/../lib/gcc/arm-elf/4.3.2/libgcc.a(_divsi3.o)
 .vfp11_veneer  0x00010264        0x0 /cygdrive/c/Users/Joe/Desktop/CmpE146Package/GNUARM/bin/../lib/gcc/arm-elf/4.3.2/libgcc.a(_umodsi3.o)
 .vfp11_veneer  0x00010264        0x0 /cygdrive/c/Users/Joe/Desktop/CmpE146Package/GNUARM/bin/../lib/gcc/arm-elf/4.3.2/libgcc.a(_dvmd_tls.o)
 .vfp11_veneer  0x00010264        0x0 /cygdrive/c/Users/Joe/Desktop/CmpE146Package/GNUARM/bin/../lib/gcc/arm-elf/4.3.2/libgcc.a(_divdi3.o)
 .vfp11_veneer  0x00010264        0x0 /cygdrive/c/Users/Joe/Desktop/CmpE146Package/GNUARM/bin/../lib/gcc/arm-elf/4.3.2/libgcc.a(_udivdi3.o)
 .vfp11_veneer  0x00010264        0x0 /cygdrive/c/Users/Joe/Desktop/CmpE146Package/GNUARM/bin/../lib/gcc/arm-elf/4.3.2/libgcc.a(_clz.o)
 .vfp11_veneer  0x00010264        0x0 /cygdrive/c/Users/Joe/Desktop/CmpE146Package/GNUARM/bin/../lib/gcc/arm-elf/4.3.2/../../../../arm-elf/lib/libc.a(lib_a-atoi.o)
 .vfp11_veneer  0x00010264        0x0 /cygdrive/c/Users/Joe/Desktop/CmpE146Package/GNUARM/bin/../lib/gcc/arm-elf/4.3.2/../../../../arm-elf/lib/libc.a(lib_a-iprintf.o)
 .vfp11_veneer  0x00010264        0x0 /cygdrive/c/Users/Joe/Desktop/CmpE146Package/GNUARM/bin/../lib/gcc/arm-elf/4.3.2/../../../../arm-elf/lib/libc.a(lib_a-malloc.o)
 .vfp11_veneer  0x00010264        0x0 /cygdrive/c/Users/Joe/Desktop/CmpE146Package/GNUARM/bin/../lib/gcc/arm-elf/4.3.2/../../../../arm-elf/lib/libc.a(lib_a-mallocr.o)
 .vfp11_veneer  0x00010264        0x0 /cygdrive/c/Users/Joe/Desktop/CmpE146Package/GNUARM/bin/../lib/gcc/arm-elf/4.3.2/../../../../arm-elf/lib/libc.a(lib_a-memcmp.o)
 .vfp11_veneer  0x00010264        0x0 /cygdrive/c/Users/Joe/Desktop/CmpE146Package/GNUARM/bin/../lib/gcc/arm-elf/4.3.2/../../../../arm-elf/lib/libc.a(lib_a-memcpy.o)
 .vfp11_veneer  0x00010264        0x0 /cygdrive/c/Users/Joe/Desktop/CmpE146Package/GNUARM/bin/../lib/gcc/arm-elf/4.3.2/../../../../arm-elf/lib/libc.a(lib_a-memset.o)
 .vfp11_veneer  0x00010264        0x0 /cygdrive/c/Users/Joe/Desktop/CmpE146Package/GNUARM/bin/../lib/gcc/arm-elf/4.3.2/../../../../arm-elf/lib/libc.a(lib_a-mlock.o)
 .vfp11_veneer  0x00010264        0x0 /cygdrive/c/Users/Joe/Desktop/CmpE146Package/GNUARM/bin/../lib/gcc/arm-elf/4.3.2/../../../../arm-elf/lib/libc.a(lib_a-siprintf.o)
 .vfp11_veneer  0x00010264        0x0 /cygdrive/c/Users/Joe/Desktop/CmpE146Package/GNUARM/bin/../lib/gcc/arm-elf/4.3.2/../../../../arm-elf/lib/libc.a(lib_a-strcmp.o)
 .vfp11_veneer  0x00010264        0x0 /cygdrive/c/Users/Joe/Desktop/CmpE146Package/GNUARM/bin/../lib/gcc/arm-elf/4.3.2/../../../../arm-elf/lib/libc.a(lib_a-strlen.o)
 .vfp11_veneer  0x00010264        0x0 /cygdrive/c/Users/Joe/Desktop/CmpE146Package/GNUARM/bin/../lib/gcc/arm-elf/4.3.2/../../../../arm-elf/lib/libc.a(lib_a-strncpy.o)
 .vfp11_veneer  0x00010264        0x0 /cygdrive/c/Users/Joe/Desktop/CmpE146Package/GNUARM/bin/../lib/gcc/arm-elf/4.3.2/../../../../arm-elf/lib/libc.a(lib_a-strtok.o)
 .vfp11_veneer  0x00010264        0x0 /cygdrive/c/Users/Joe/Desktop/CmpE146Package/GNUARM/bin/../lib/gcc/arm-elf/4.3.2/../../../../arm-elf/lib/libc.a(lib_a-strtok_r.o)
 .vfp11_veneer  0x00010264        0x0 /cygdrive/c/Users/Joe/Desktop/CmpE146Package/GNUARM/bin/../lib/gcc/arm-elf/4.3.2/../../../../arm-elf/lib/libc.a(lib_a-strtol.o)
 .vfp11_veneer  0x00010264        0x0 /cygdrive/c/Users/Joe/Desktop/CmpE146Package/GNUARM/bin/../lib/gcc/arm-elf/4.3.2/../../../../arm-elf/lib/libc.a(lib_a-vfiprintf.o)
 .vfp11_veneer  0x00010264        0x0 /cygdrive/c/Users/Joe/Desktop/CmpE146Package/GNUARM/bin/../lib/gcc/arm-elf/4.3.2/../../../../arm-elf/lib/libc.a(lib_a-wsetup.o)
 .vfp11_veneer  0x00010264        0x0 /cygdrive/c/Users/Joe/Desktop/CmpE146Package/GNUARM/bin/../lib/gcc/arm-elf/4.3.2/../../../../arm-elf/lib/libc.a(lib_a-ctype_.o)
 .vfp11_veneer  0x00010264        0x0 /cygdrive/c/Users/Joe/Desktop/CmpE146Package/GNUARM/bin/../lib/gcc/arm-elf/4.3.2/../../../../arm-elf/lib/libc.a(lib_a-fflush.o)
 .vfp11_veneer  0x00010264        0x0 /cygdrive/c/Users/Joe/Desktop/CmpE146Package/GNUARM/bin/../lib/gcc/arm-elf/4.3.2/../../../../arm-elf/lib/libc.a(lib_a-findfp.o)
 .vfp11_veneer  0x00010264        0x0 /cygdrive/c/Users/Joe/Desktop/CmpE146Package/GNUARM/bin/../lib/gcc/arm-elf/4.3.2/../../../../arm-elf/lib/libc.a(lib_a-freer.o)
 .vfp11_veneer  0x00010264        0x0 /cygdrive/c/Users/Joe/Desktop/CmpE146Package/GNUARM/bin/../lib/gcc/arm-elf/4.3.2/../../../../arm-elf/lib/libc.a(lib_a-fvwrite.o)
 .vfp11_veneer  0x00010264        0x0 /cygdrive/c/Users/Joe/Desktop/CmpE146Package/GNUARM/bin/../lib/gcc/arm-elf/4.3.2/../../../../arm-elf/lib/libc.a(lib_a-fwalk.o)
 .vfp11_veneer  0x00010264        0x0 /cygdrive/c/Users/Joe/Desktop/CmpE146Package/GNUARM/bin/../lib/gcc/arm-elf/4.3.2/../../../../arm-elf/lib/libc.a(lib_a-impure.o)
 .vfp11_veneer  0x00010264        0x0 /cygdrive/c/Users/Joe/Desktop/CmpE146Package/GNUARM/bin/../lib/gcc/arm-elf/4.3.2/../../../../arm-elf/lib/libc.a(lib_a-makebuf.o)
 .vfp11_veneer  0x00010264        0x0 /cygdrive/c/Users/Joe/Desktop/CmpE146Package/GNUARM/bin/../lib/gcc/arm-elf/4.3.2/../../../../arm-elf/lib/libc.a(lib_a-memchr.o)
 .vfp11_veneer  0x00010264        0x0 /cygdrive/c/Users/Joe/Desktop/CmpE146Package/GNUARM/bin/../lib/gcc/arm-elf/4.3.2/../../../../arm-elf/lib/libc.a(lib_a-memmove.o)
 .vfp11_veneer  0x00010264        0x0 /cygdrive/c/Users/Joe/Desktop/CmpE146Package/GNUARM/bin/../lib/gcc/arm-elf/4.3.2/../../../../arm-elf/lib/libc.a(lib_a-reallocr.o)
 .vfp11_veneer  0x00010264        0x0 /cygdrive/c/Users/Joe/Desktop/CmpE146Package/GNUARM/bin/../lib/gcc/arm-elf/4.3.2/../../../../arm-elf/lib/libc.a(lib_a-stdio.o)
 .vfp11_veneer  0x00010264        0x0 /cygdrive/c/Users/Joe/Desktop/CmpE146Package/GNUARM/bin/../lib/gcc/arm-elf/4.3.2/../../../../arm-elf/lib/libc.a(lib_a-fclose.o)

.v4_bx          0x00010264        0x0 load address 0x40000040
 .v4_bx         0x00010264        0x0 ./Startup.o
 .v4_bx         0x00010264        0x0 ./main.o
 .v4_bx         0x00010264        0x0 ./fat/diskio.o
 .v4_bx         0x00010264        0x0 ./fat/ff.o
 .v4_bx         0x00010264        0x0 ./fat/rtc.o
 .v4_bx         0x00010264        0x0 ./fat/option/ccsbcs.o
 .v4_bx         0x00010264        0x0 ./fat/option/reentrant.o
 .v4_bx         0x00010264        0x0 ./drivers/uart/uart0.o
 .v4_bx         0x00010264        0x0 ./drivers/i2c.o
 .v4_bx         0x00010264        0x0 ./drivers/pcm1774.o
 .v4_bx         0x00010264        0x0 ./drivers/ssp_spi.o
 .v4_bx         0x00010264        0x0 ./drivers/sta013.o
 .v4_bx         0x00010264        0x0 ./System/cpu.o
 .v4_bx         0x00010264        0x0 ./System/crash.o
 .v4_bx         0x00010264        0x0 ./System/fiqISR.o
 .v4_bx         0x00010264        0x0 ./System/rprintf.o
 .v4_bx         0x00010264        0x0 ./System/syscalls.o
 .v4_bx         0x00010264        0x0 ./System/watchdog.o
 .v4_bx         0x00010264        0x0 ./General/userInterface.o
 .v4_bx         0x00010264        0x0 ./FreeRTOS/croutine.o
 .v4_bx         0x00010264        0x0 ./FreeRTOS/heap_3.o
 .v4_bx         0x00010264        0x0 ./FreeRTOS/list.o
 .v4_bx         0x00010264        0x0 ./FreeRTOS/port.o
 .v4_bx         0x00010264        0x0 ./FreeRTOS/portISR.o
 .v4_bx         0x00010264        0x0 ./FreeRTOS/queue.o
 .v4_bx         0x00010264        0x0 ./FreeRTOS/tasks.o
 .v4_bx         0x00010264        0x0 ./FreeRTOS/hooks/hooks.o
 .v4_bx         0x00010264        0x0 /cygdrive/c/Users/Joe/Desktop/CmpE146Package/GNUARM/bin/../lib/gcc/arm-elf/4.3.2/libgcc.a(_udivsi3.o)
 .v4_bx         0x00010264        0x0 /cygdrive/c/Users/Joe/Desktop/CmpE146Package/GNUARM/bin/../lib/gcc/arm-elf/4.3.2/libgcc.a(_divsi3.o)
 .v4_bx         0x00010264        0x0 /cygdrive/c/Users/Joe/Desktop/CmpE146Package/GNUARM/bin/../lib/gcc/arm-elf/4.3.2/libgcc.a(_umodsi3.o)
 .v4_bx         0x00010264        0x0 /cygdrive/c/Users/Joe/Desktop/CmpE146Package/GNUARM/bin/../lib/gcc/arm-elf/4.3.2/libgcc.a(_dvmd_tls.o)
 .v4_bx         0x00010264        0x0 /cygdrive/c/Users/Joe/Desktop/CmpE146Package/GNUARM/bin/../lib/gcc/arm-elf/4.3.2/libgcc.a(_divdi3.o)
 .v4_bx         0x00010264        0x0 /cygdrive/c/Users/Joe/Desktop/CmpE146Package/GNUARM/bin/../lib/gcc/arm-elf/4.3.2/libgcc.a(_udivdi3.o)
 .v4_bx         0x00010264        0x0 /cygdrive/c/Users/Joe/Desktop/CmpE146Package/GNUARM/bin/../lib/gcc/arm-elf/4.3.2/libgcc.a(_clz.o)
 .v4_bx         0x00010264        0x0 /cygdrive/c/Users/Joe/Desktop/CmpE146Package/GNUARM/bin/../lib/gcc/arm-elf/4.3.2/../../../../arm-elf/lib/libc.a(lib_a-atoi.o)
 .v4_bx         0x00010264        0x0 /cygdrive/c/Users/Joe/Desktop/CmpE146Package/GNUARM/bin/../lib/gcc/arm-elf/4.3.2/../../../../arm-elf/lib/libc.a(lib_a-iprintf.o)
 .v4_bx         0x00010264        0x0 /cygdrive/c/Users/Joe/Desktop/CmpE146Package/GNUARM/bin/../lib/gcc/arm-elf/4.3.2/../../../../arm-elf/lib/libc.a(lib_a-malloc.o)
 .v4_bx         0x00010264        0x0 /cygdrive/c/Users/Joe/Desktop/CmpE146Package/GNUARM/bin/../lib/gcc/arm-elf/4.3.2/../../../../arm-elf/lib/libc.a(lib_a-mallocr.o)
 .v4_bx         0x00010264        0x0 /cygdrive/c/Users/Joe/Desktop/CmpE146Package/GNUARM/bin/../lib/gcc/arm-elf/4.3.2/../../../../arm-elf/lib/libc.a(lib_a-memcmp.o)
 .v4_bx         0x00010264        0x0 /cygdrive/c/Users/Joe/Desktop/CmpE146Package/GNUARM/bin/../lib/gcc/arm-elf/4.3.2/../../../../arm-elf/lib/libc.a(lib_a-memcpy.o)
 .v4_bx         0x00010264        0x0 /cygdrive/c/Users/Joe/Desktop/CmpE146Package/GNUARM/bin/../lib/gcc/arm-elf/4.3.2/../../../../arm-elf/lib/libc.a(lib_a-memset.o)
 .v4_bx         0x00010264        0x0 /cygdrive/c/Users/Joe/Desktop/CmpE146Package/GNUARM/bin/../lib/gcc/arm-elf/4.3.2/../../../../arm-elf/lib/libc.a(lib_a-mlock.o)
 .v4_bx         0x00010264        0x0 /cygdrive/c/Users/Joe/Desktop/CmpE146Package/GNUARM/bin/../lib/gcc/arm-elf/4.3.2/../../../../arm-elf/lib/libc.a(lib_a-siprintf.o)
 .v4_bx         0x00010264        0x0 /cygdrive/c/Users/Joe/Desktop/CmpE146Package/GNUARM/bin/../lib/gcc/arm-elf/4.3.2/../../../../arm-elf/lib/libc.a(lib_a-strcmp.o)
 .v4_bx         0x00010264        0x0 /cygdrive/c/Users/Joe/Desktop/CmpE146Package/GNUARM/bin/../lib/gcc/arm-elf/4.3.2/../../../../arm-elf/lib/libc.a(lib_a-strlen.o)
 .v4_bx         0x00010264        0x0 /cygdrive/c/Users/Joe/Desktop/CmpE146Package/GNUARM/bin/../lib/gcc/arm-elf/4.3.2/../../../../arm-elf/lib/libc.a(lib_a-strncpy.o)
 .v4_bx         0x00010264        0x0 /cygdrive/c/Users/Joe/Desktop/CmpE146Package/GNUARM/bin/../lib/gcc/arm-elf/4.3.2/../../../../arm-elf/lib/libc.a(lib_a-strtok.o)
 .v4_bx         0x00010264        0x0 /cygdrive/c/Users/Joe/Desktop/CmpE146Package/GNUARM/bin/../lib/gcc/arm-elf/4.3.2/../../../../arm-elf/lib/libc.a(lib_a-strtok_r.o)
 .v4_bx         0x00010264        0x0 /cygdrive/c/Users/Joe/Desktop/CmpE146Package/GNUARM/bin/../lib/gcc/arm-elf/4.3.2/../../../../arm-elf/lib/libc.a(lib_a-strtol.o)
 .v4_bx         0x00010264        0x0 /cygdrive/c/Users/Joe/Desktop/CmpE146Package/GNUARM/bin/../lib/gcc/arm-elf/4.3.2/../../../../arm-elf/lib/libc.a(lib_a-vfiprintf.o)
 .v4_bx         0x00010264        0x0 /cygdrive/c/Users/Joe/Desktop/CmpE146Package/GNUARM/bin/../lib/gcc/arm-elf/4.3.2/../../../../arm-elf/lib/libc.a(lib_a-wsetup.o)
 .v4_bx         0x00010264        0x0 /cygdrive/c/Users/Joe/Desktop/CmpE146Package/GNUARM/bin/../lib/gcc/arm-elf/4.3.2/../../../../arm-elf/lib/libc.a(lib_a-ctype_.o)
 .v4_bx         0x00010264        0x0 /cygdrive/c/Users/Joe/Desktop/CmpE146Package/GNUARM/bin/../lib/gcc/arm-elf/4.3.2/../../../../arm-elf/lib/libc.a(lib_a-fflush.o)
 .v4_bx         0x00010264        0x0 /cygdrive/c/Users/Joe/Desktop/CmpE146Package/GNUARM/bin/../lib/gcc/arm-elf/4.3.2/../../../../arm-elf/lib/libc.a(lib_a-findfp.o)
 .v4_bx         0x00010264        0x0 /cygdrive/c/Users/Joe/Desktop/CmpE146Package/GNUARM/bin/../lib/gcc/arm-elf/4.3.2/../../../../arm-elf/lib/libc.a(lib_a-freer.o)
 .v4_bx         0x00010264        0x0 /cygdrive/c/Users/Joe/Desktop/CmpE146Package/GNUARM/bin/../lib/gcc/arm-elf/4.3.2/../../../../arm-elf/lib/libc.a(lib_a-fvwrite.o)
 .v4_bx         0x00010264        0x0 /cygdrive/c/Users/Joe/Desktop/CmpE146Package/GNUARM/bin/../lib/gcc/arm-elf/4.3.2/../../../../arm-elf/lib/libc.a(lib_a-fwalk.o)
 .v4_bx         0x00010264        0x0 /cygdrive/c/Users/Joe/Desktop/CmpE146Package/GNUARM/bin/../lib/gcc/arm-elf/4.3.2/../../../../arm-elf/lib/libc.a(lib_a-impure.o)
 .v4_bx         0x00010264        0x0 /cygdrive/c/Users/Joe/Desktop/CmpE146Package/GNUARM/bin/../lib/gcc/arm-elf/4.3.2/../../../../arm-elf/lib/libc.a(lib_a-makebuf.o)
 .v4_bx         0x00010264        0x0 /cygdrive/c/Users/Joe/Desktop/CmpE146Package/GNUARM/bin/../lib/gcc/arm-elf/4.3.2/../../../../arm-elf/lib/libc.a(lib_a-memchr.o)
 .v4_bx         0x00010264        0x0 /cygdrive/c/Users/Joe/Desktop/CmpE146Package/GNUARM/bin/../lib/gcc/arm-elf/4.3.2/../../../../arm-elf/lib/libc.a(lib_a-memmove.o)
 .v4_bx         0x00010264        0x0 /cygdrive/c/Users/Joe/Desktop/CmpE146Package/GNUARM/bin/../lib/gcc/arm-elf/4.3.2/../../../../arm-elf/lib/libc.a(lib_a-reallocr.o)
 .v4_bx         0x00010264        0x0 /cygdrive/c/Users/Joe/Desktop/CmpE146Package/GNUARM/bin/../lib/gcc/arm-elf/4.3.2/../../../../arm-elf/lib/libc.a(lib_a-stdio.o)
 .v4_bx         0x00010264        0x0 /cygdrive/c/Users/Joe/Desktop/CmpE146Package/GNUARM/bin/../lib/gcc/arm-elf/4.3.2/../../../../arm-elf/lib/libc.a(lib_a-fclose.o)

.protected      0x40000040       0x78
                0x40000040                __protected_beg__ = .
 *(.protected)
 .protected     0x40000040       0x78 ./Startup.o
                0x40000040                __abort_dat
                0x400000b8                __protected_end__ = .

.data           0x400000b8      0x85c load address 0x00010264
                0x400000b8                __data_beg__ = .
                0x00010264                __data_beg_src__ = __end_of_intvects__
 *(.data)
 .data          0x400000b8       0x3c ./Startup.o
                0x400000c8                __stack_beg_fiq
                0x400000c0                __stack_beg_abt
                0x400000b8                __stack_beg_und
                0x400000d8                __stack_beg_svc
                0x400000d0                __stack_beg_irq
                0x400000cc                __stack_end_fiq
                0x400000c4                __stack_end_abt
                0x400000ec                __heap_beg
                0x400000dc                __stack_end_svc
                0x400000e0                __stack_beg_sys
                0x400000f0                __heap_end
                0x400000bc                __stack_end_und
                0x400000e4                __stack_end_sys
                0x400000e8                __heap_max
                0x400000d4                __stack_end_irq
 .data          0x400000f4        0x0 ./main.o
 .data          0x400000f4        0x1 ./fat/diskio.o
                0x400000f4                Stat
 .data          0x400000f5        0x0 ./fat/ff.o
 .data          0x400000f5        0x0 ./fat/rtc.o
 .data          0x400000f5        0x0 ./fat/option/ccsbcs.o
 .data          0x400000f5        0x0 ./fat/option/reentrant.o
 .data          0x400000f5        0x0 ./drivers/uart/uart0.o
 .data          0x400000f5        0x0 ./drivers/i2c.o
 .data          0x400000f5        0x0 ./drivers/pcm1774.o
 .data          0x400000f5        0x0 ./drivers/ssp_spi.o
 .data          0x400000f5        0x0 ./drivers/sta013.o
 .data          0x400000f5        0x0 ./System/cpu.o
 .data          0x400000f5        0x0 ./System/crash.o
 .data          0x400000f5        0x0 ./System/fiqISR.o
 .data          0x400000f5        0x0 ./System/rprintf.o
 .data          0x400000f5        0x0 ./System/syscalls.o
 .data          0x400000f5        0x0 ./System/watchdog.o
 .data          0x400000f5        0x0 ./General/userInterface.o
 .data          0x400000f5        0x0 ./FreeRTOS/croutine.o
 .data          0x400000f5        0x0 ./FreeRTOS/heap_3.o
 .data          0x400000f5        0x0 ./FreeRTOS/list.o
 .data          0x400000f5        0x0 ./FreeRTOS/port.o
 *fill*         0x400000f5        0x3 00
 .data          0x400000f8        0x4 ./FreeRTOS/portISR.o
                0x400000f8                ulCriticalNesting
 .data          0x400000fc        0x0 ./FreeRTOS/queue.o
 .data          0x400000fc        0x0 ./FreeRTOS/tasks.o
 .data          0x400000fc        0x0 ./FreeRTOS/hooks/hooks.o
 .data          0x400000fc        0x0 /cygdrive/c/Users/Joe/Desktop/CmpE146Package/GNUARM/bin/../lib/gcc/arm-elf/4.3.2/libgcc.a(_udivsi3.o)
 .data          0x400000fc        0x0 /cygdrive/c/Users/Joe/Desktop/CmpE146Package/GNUARM/bin/../lib/gcc/arm-elf/4.3.2/libgcc.a(_divsi3.o)
 .data          0x400000fc        0x0 /cygdrive/c/Users/Joe/Desktop/CmpE146Package/GNUARM/bin/../lib/gcc/arm-elf/4.3.2/libgcc.a(_umodsi3.o)
 .data          0x400000fc        0x0 /cygdrive/c/Users/Joe/Desktop/CmpE146Package/GNUARM/bin/../lib/gcc/arm-elf/4.3.2/libgcc.a(_dvmd_tls.o)
 .data          0x400000fc        0x0 /cygdrive/c/Users/Joe/Desktop/CmpE146Package/GNUARM/bin/../lib/gcc/arm-elf/4.3.2/libgcc.a(_divdi3.o)
 .data          0x400000fc        0x0 /cygdrive/c/Users/Joe/Desktop/CmpE146Package/GNUARM/bin/../lib/gcc/arm-elf/4.3.2/libgcc.a(_udivdi3.o)
 .data          0x400000fc        0x0 /cygdrive/c/Users/Joe/Desktop/CmpE146Package/GNUARM/bin/../lib/gcc/arm-elf/4.3.2/libgcc.a(_clz.o)
 .data          0x400000fc        0x0 /cygdrive/c/Users/Joe/Desktop/CmpE146Package/GNUARM/bin/../lib/gcc/arm-elf/4.3.2/../../../../arm-elf/lib/libc.a(lib_a-atoi.o)
 .data          0x400000fc        0x0 /cygdrive/c/Users/Joe/Desktop/CmpE146Package/GNUARM/bin/../lib/gcc/arm-elf/4.3.2/../../../../arm-elf/lib/libc.a(lib_a-iprintf.o)
 .data          0x400000fc        0x0 /cygdrive/c/Users/Joe/Desktop/CmpE146Package/GNUARM/bin/../lib/gcc/arm-elf/4.3.2/../../../../arm-elf/lib/libc.a(lib_a-malloc.o)
 .data          0x400000fc      0x410 /cygdrive/c/Users/Joe/Desktop/CmpE146Package/GNUARM/bin/../lib/gcc/arm-elf/4.3.2/../../../../arm-elf/lib/libc.a(lib_a-mallocr.o)
                0x40000508                __malloc_sbrk_base
                0x400000fc                __malloc_av_
                0x40000504                __malloc_trim_threshold
 .data          0x4000050c        0x0 /cygdrive/c/Users/Joe/Desktop/CmpE146Package/GNUARM/bin/../lib/gcc/arm-elf/4.3.2/../../../../arm-elf/lib/libc.a(lib_a-memcmp.o)
 .data          0x4000050c        0x0 /cygdrive/c/Users/Joe/Desktop/CmpE146Package/GNUARM/bin/../lib/gcc/arm-elf/4.3.2/../../../../arm-elf/lib/libc.a(lib_a-memcpy.o)
 .data          0x4000050c        0x0 /cygdrive/c/Users/Joe/Desktop/CmpE146Package/GNUARM/bin/../lib/gcc/arm-elf/4.3.2/../../../../arm-elf/lib/libc.a(lib_a-memset.o)
 .data          0x4000050c        0x0 /cygdrive/c/Users/Joe/Desktop/CmpE146Package/GNUARM/bin/../lib/gcc/arm-elf/4.3.2/../../../../arm-elf/lib/libc.a(lib_a-mlock.o)
 .data          0x4000050c        0x0 /cygdrive/c/Users/Joe/Desktop/CmpE146Package/GNUARM/bin/../lib/gcc/arm-elf/4.3.2/../../../../arm-elf/lib/libc.a(lib_a-siprintf.o)
 .data          0x4000050c        0x0 /cygdrive/c/Users/Joe/Desktop/CmpE146Package/GNUARM/bin/../lib/gcc/arm-elf/4.3.2/../../../../arm-elf/lib/libc.a(lib_a-strcmp.o)
 .data          0x4000050c        0x0 /cygdrive/c/Users/Joe/Desktop/CmpE146Package/GNUARM/bin/../lib/gcc/arm-elf/4.3.2/../../../../arm-elf/lib/libc.a(lib_a-strlen.o)
 .data          0x4000050c        0x0 /cygdrive/c/Users/Joe/Desktop/CmpE146Package/GNUARM/bin/../lib/gcc/arm-elf/4.3.2/../../../../arm-elf/lib/libc.a(lib_a-strncpy.o)
 .data          0x4000050c        0x0 /cygdrive/c/Users/Joe/Desktop/CmpE146Package/GNUARM/bin/../lib/gcc/arm-elf/4.3.2/../../../../arm-elf/lib/libc.a(lib_a-strtok.o)
 .data          0x4000050c        0x0 /cygdrive/c/Users/Joe/Desktop/CmpE146Package/GNUARM/bin/../lib/gcc/arm-elf/4.3.2/../../../../arm-elf/lib/libc.a(lib_a-strtok_r.o)
 .data          0x4000050c        0x0 /cygdrive/c/Users/Joe/Desktop/CmpE146Package/GNUARM/bin/../lib/gcc/arm-elf/4.3.2/../../../../arm-elf/lib/libc.a(lib_a-strtol.o)
 .data          0x4000050c        0x0 /cygdrive/c/Users/Joe/Desktop/CmpE146Package/GNUARM/bin/../lib/gcc/arm-elf/4.3.2/../../../../arm-elf/lib/libc.a(lib_a-vfiprintf.o)
 .data          0x4000050c        0x0 /cygdrive/c/Users/Joe/Desktop/CmpE146Package/GNUARM/bin/../lib/gcc/arm-elf/4.3.2/../../../../arm-elf/lib/libc.a(lib_a-wsetup.o)
 .data          0x4000050c        0x4 /cygdrive/c/Users/Joe/Desktop/CmpE146Package/GNUARM/bin/../lib/gcc/arm-elf/4.3.2/../../../../arm-elf/lib/libc.a(lib_a-ctype_.o)
                0x4000050c                __ctype_ptr
 .data          0x40000510        0x0 /cygdrive/c/Users/Joe/Desktop/CmpE146Package/GNUARM/bin/../lib/gcc/arm-elf/4.3.2/../../../../arm-elf/lib/libc.a(lib_a-fflush.o)
 .data          0x40000510        0x0 /cygdrive/c/Users/Joe/Desktop/CmpE146Package/GNUARM/bin/../lib/gcc/arm-elf/4.3.2/../../../../arm-elf/lib/libc.a(lib_a-findfp.o)
 .data          0x40000510        0x0 /cygdrive/c/Users/Joe/Desktop/CmpE146Package/GNUARM/bin/../lib/gcc/arm-elf/4.3.2/../../../../arm-elf/lib/libc.a(lib_a-freer.o)
 .data          0x40000510        0x0 /cygdrive/c/Users/Joe/Desktop/CmpE146Package/GNUARM/bin/../lib/gcc/arm-elf/4.3.2/../../../../arm-elf/lib/libc.a(lib_a-fvwrite.o)
 .data          0x40000510        0x0 /cygdrive/c/Users/Joe/Desktop/CmpE146Package/GNUARM/bin/../lib/gcc/arm-elf/4.3.2/../../../../arm-elf/lib/libc.a(lib_a-fwalk.o)
 .data          0x40000510      0x404 /cygdrive/c/Users/Joe/Desktop/CmpE146Package/GNUARM/bin/../lib/gcc/arm-elf/4.3.2/../../../../arm-elf/lib/libc.a(lib_a-impure.o)
                0x40000510                _impure_ptr
 .data          0x40000914        0x0 /cygdrive/c/Users/Joe/Desktop/CmpE146Package/GNUARM/bin/../lib/gcc/arm-elf/4.3.2/../../../../arm-elf/lib/libc.a(lib_a-makebuf.o)
 .data          0x40000914        0x0 /cygdrive/c/Users/Joe/Desktop/CmpE146Package/GNUARM/bin/../lib/gcc/arm-elf/4.3.2/../../../../arm-elf/lib/libc.a(lib_a-memchr.o)
 .data          0x40000914        0x0 /cygdrive/c/Users/Joe/Desktop/CmpE146Package/GNUARM/bin/../lib/gcc/arm-elf/4.3.2/../../../../arm-elf/lib/libc.a(lib_a-memmove.o)
 .data          0x40000914        0x0 /cygdrive/c/Users/Joe/Desktop/CmpE146Package/GNUARM/bin/../lib/gcc/arm-elf/4.3.2/../../../../arm-elf/lib/libc.a(lib_a-reallocr.o)
 .data          0x40000914        0x0 /cygdrive/c/Users/Joe/Desktop/CmpE146Package/GNUARM/bin/../lib/gcc/arm-elf/4.3.2/../../../../arm-elf/lib/libc.a(lib_a-stdio.o)
 .data          0x40000914        0x0 /cygdrive/c/Users/Joe/Desktop/CmpE146Package/GNUARM/bin/../lib/gcc/arm-elf/4.3.2/../../../../arm-elf/lib/libc.a(lib_a-fclose.o)
                0x40000914                __data_end__ = .

.bss            0x40000914      0x16d
                0x40000914                __bss_beg__ = .
 *(.bss)
 .bss           0x40000914        0x0 ./Startup.o
 .bss           0x40000914        0x0 ./main.o
 .bss           0x40000914        0x1 ./fat/diskio.o
 *fill*         0x40000915        0x3 00
 .bss           0x40000918        0x8 ./fat/ff.o
 .bss           0x40000920        0x0 ./fat/rtc.o
 .bss           0x40000920        0x0 ./fat/option/ccsbcs.o
 .bss           0x40000920        0x0 ./fat/option/reentrant.o
 .bss           0x40000920        0xc ./drivers/uart/uart0.o
 .bss           0x4000092c       0x14 ./drivers/i2c.o
 .bss           0x40000940        0x0 ./drivers/pcm1774.o
 .bss           0x40000940        0x0 ./drivers/ssp_spi.o
 .bss           0x40000940        0x0 ./drivers/sta013.o
 .bss           0x40000940        0x0 ./System/cpu.o
 .bss           0x40000940        0x0 ./System/crash.o
 .bss           0x40000940        0x0 ./System/fiqISR.o
 .bss           0x40000940        0x4 ./System/rprintf.o
 .bss           0x40000944        0x4 ./System/syscalls.o
 .bss           0x40000948        0x0 ./System/watchdog.o
 .bss           0x40000948        0x0 ./General/userInterface.o
 .bss           0x40000948        0x0 ./FreeRTOS/croutine.o
 .bss           0x40000948        0x0 ./FreeRTOS/heap_3.o
 .bss           0x40000948        0x0 ./FreeRTOS/list.o
 .bss           0x40000948        0x0 ./FreeRTOS/port.o
 .bss           0x40000948        0x0 ./FreeRTOS/portISR.o
 .bss           0x40000948        0x0 ./FreeRTOS/queue.o
 .bss           0x40000948       0xf0 ./FreeRTOS/tasks.o
                0x40000948                pxCurrentTCB
                0x40000950                ulISROverhead
                0x4000094c                xTickCount
 .bss           0x40000a38        0x0 ./FreeRTOS/hooks/hooks.o
 .bss           0x40000a38        0x0 /cygdrive/c/Users/Joe/Desktop/CmpE146Package/GNUARM/bin/../lib/gcc/arm-elf/4.3.2/libgcc.a(_udivsi3.o)
 .bss           0x40000a38        0x0 /cygdrive/c/Users/Joe/Desktop/CmpE146Package/GNUARM/bin/../lib/gcc/arm-elf/4.3.2/libgcc.a(_divsi3.o)
 .bss           0x40000a38        0x0 /cygdrive/c/Users/Joe/Desktop/CmpE146Package/GNUARM/bin/../lib/gcc/arm-elf/4.3.2/libgcc.a(_umodsi3.o)
 .bss           0x40000a38        0x0 /cygdrive/c/Users/Joe/Desktop/CmpE146Package/GNUARM/bin/../lib/gcc/arm-elf/4.3.2/libgcc.a(_dvmd_tls.o)
 .bss           0x40000a38        0x0 /cygdrive/c/Users/Joe/Desktop/CmpE146Package/GNUARM/bin/../lib/gcc/arm-elf/4.3.2/libgcc.a(_divdi3.o)
 .bss           0x40000a38        0x0 /cygdrive/c/Users/Joe/Desktop/CmpE146Package/GNUARM/bin/../lib/gcc/arm-elf/4.3.2/libgcc.a(_udivdi3.o)
 .bss           0x40000a38        0x0 /cygdrive/c/Users/Joe/Desktop/CmpE146Package/GNUARM/bin/../lib/gcc/arm-elf/4.3.2/libgcc.a(_clz.o)
 .bss           0x40000a38        0x0 /cygdrive/c/Users/Joe/Desktop/CmpE146Package/GNUARM/bin/../lib/gcc/arm-elf/4.3.2/../../../../arm-elf/lib/libc.a(lib_a-atoi.o)
 .bss           0x40000a38        0x0 /cygdrive/c/Users/Joe/Desktop/CmpE146Package/GNUARM/bin/../lib/gcc/arm-elf/4.3.2/../../../../arm-elf/lib/libc.a(lib_a-iprintf.o)
 .bss           0x40000a38        0x0 /cygdrive/c/Users/Joe/Desktop/CmpE146Package/GNUARM/bin/../lib/gcc/arm-elf/4.3.2/../../../../arm-elf/lib/libc.a(lib_a-malloc.o)
 .bss           0x40000a38       0x34 /cygdrive/c/Users/Joe/Desktop/CmpE146Package/GNUARM/bin/../lib/gcc/arm-elf/4.3.2/../../../../arm-elf/lib/libc.a(lib_a-mallocr.o)
                0x40000a38                __malloc_top_pad
                0x40000a3c                __malloc_max_sbrked_mem
                0x40000a44                __malloc_current_mallinfo
                0x40000a40                __malloc_max_total_mem
 .bss           0x40000a6c        0x0 /cygdrive/c/Users/Joe/Desktop/CmpE146Package/GNUARM/bin/../lib/gcc/arm-elf/4.3.2/../../../../arm-elf/lib/libc.a(lib_a-memcmp.o)
 .bss           0x40000a6c        0x0 /cygdrive/c/Users/Joe/Desktop/CmpE146Package/GNUARM/bin/../lib/gcc/arm-elf/4.3.2/../../../../arm-elf/lib/libc.a(lib_a-memcpy.o)
 .bss           0x40000a6c        0x0 /cygdrive/c/Users/Joe/Desktop/CmpE146Package/GNUARM/bin/../lib/gcc/arm-elf/4.3.2/../../../../arm-elf/lib/libc.a(lib_a-memset.o)
 .bss           0x40000a6c        0x0 /cygdrive/c/Users/Joe/Desktop/CmpE146Package/GNUARM/bin/../lib/gcc/arm-elf/4.3.2/../../../../arm-elf/lib/libc.a(lib_a-mlock.o)
 .bss           0x40000a6c        0x0 /cygdrive/c/Users/Joe/Desktop/CmpE146Package/GNUARM/bin/../lib/gcc/arm-elf/4.3.2/../../../../arm-elf/lib/libc.a(lib_a-siprintf.o)
 .bss           0x40000a6c        0x0 /cygdrive/c/Users/Joe/Desktop/CmpE146Package/GNUARM/bin/../lib/gcc/arm-elf/4.3.2/../../../../arm-elf/lib/libc.a(lib_a-strcmp.o)
 .bss           0x40000a6c        0x0 /cygdrive/c/Users/Joe/Desktop/CmpE146Package/GNUARM/bin/../lib/gcc/arm-elf/4.3.2/../../../../arm-elf/lib/libc.a(lib_a-strlen.o)
 .bss           0x40000a6c        0x0 /cygdrive/c/Users/Joe/Desktop/CmpE146Package/GNUARM/bin/../lib/gcc/arm-elf/4.3.2/../../../../arm-elf/lib/libc.a(lib_a-strncpy.o)
 .bss           0x40000a6c        0x0 /cygdrive/c/Users/Joe/Desktop/CmpE146Package/GNUARM/bin/../lib/gcc/arm-elf/4.3.2/../../../../arm-elf/lib/libc.a(lib_a-strtok.o)
 .bss           0x40000a6c        0x0 /cygdrive/c/Users/Joe/Desktop/CmpE146Package/GNUARM/bin/../lib/gcc/arm-elf/4.3.2/../../../../arm-elf/lib/libc.a(lib_a-strtok_r.o)
 .bss           0x40000a6c        0x0 /cygdrive/c/Users/Joe/Desktop/CmpE146Package/GNUARM/bin/../lib/gcc/arm-elf/4.3.2/../../../../arm-elf/lib/libc.a(lib_a-strtol.o)
 .bss           0x40000a6c        0x0 /cygdrive/c/Users/Joe/Desktop/CmpE146Package/GNUARM/bin/../lib/gcc/arm-elf/4.3.2/../../../../arm-elf/lib/libc.a(lib_a-vfiprintf.o)
 .bss           0x40000a6c        0x0 /cygdrive/c/Users/Joe/Desktop/CmpE146Package/GNUARM/bin/../lib/gcc/arm-elf/4.3.2/../../../../arm-elf/lib/libc.a(lib_a-wsetup.o)
 .bss           0x40000a6c        0x0 /cygdrive/c/Users/Joe/Desktop/CmpE146Package/GNUARM/bin/../lib/gcc/arm-elf/4.3.2/../../../../arm-elf/lib/libc.a(lib_a-ctype_.o)
 .bss           0x40000a6c        0x0 /cygdrive/c/Users/Joe/Desktop/CmpE146Package/GNUARM/bin/../lib/gcc/arm-elf/4.3.2/../../../../arm-elf/lib/libc.a(lib_a-fflush.o)
 .bss           0x40000a6c        0x0 /cygdrive/c/Users/Joe/Desktop/CmpE146Package/GNUARM/bin/../lib/gcc/arm-elf/4.3.2/../../../../arm-elf/lib/libc.a(lib_a-findfp.o)
 .bss           0x40000a6c        0x0 /cygdrive/c/Users/Joe/Desktop/CmpE146Package/GNUARM/bin/../lib/gcc/arm-elf/4.3.2/../../../../arm-elf/lib/libc.a(lib_a-freer.o)
 .bss           0x40000a6c        0x0 /cygdrive/c/Users/Joe/Desktop/CmpE146Package/GNUARM/bin/../lib/gcc/arm-elf/4.3.2/../../../../arm-elf/lib/libc.a(lib_a-fvwrite.o)
 .bss           0x40000a6c        0x0 /cygdrive/c/Users/Joe/Desktop/CmpE146Package/GNUARM/bin/../lib/gcc/arm-elf/4.3.2/../../../../arm-elf/lib/libc.a(lib_a-fwalk.o)
 .bss           0x40000a6c        0x0 /cygdrive/c/Users/Joe/Desktop/CmpE146Package/GNUARM/bin/../lib/gcc/arm-elf/4.3.2/../../../../arm-elf/lib/libc.a(lib_a-impure.o)
 .bss           0x40000a6c        0x0 /cygdrive/c/Users/Joe/Desktop/CmpE146Package/GNUARM/bin/../lib/gcc/arm-elf/4.3.2/../../../../arm-elf/lib/libc.a(lib_a-makebuf.o)
 .bss           0x40000a6c        0x0 /cygdrive/c/Users/Joe/Desktop/CmpE146Package/GNUARM/bin/../lib/gcc/arm-elf/4.3.2/../../../../arm-elf/lib/libc.a(lib_a-memchr.o)
 .bss           0x40000a6c        0x0 /cygdrive/c/Users/Joe/Desktop/CmpE146Package/GNUARM/bin/../lib/gcc/arm-elf/4.3.2/../../../../arm-elf/lib/libc.a(lib_a-memmove.o)
 .bss           0x40000a6c        0x0 /cygdrive/c/Users/Joe/Desktop/CmpE146Package/GNUARM/bin/../lib/gcc/arm-elf/4.3.2/../../../../arm-elf/lib/libc.a(lib_a-reallocr.o)
 .bss           0x40000a6c        0x0 /cygdrive/c/Users/Joe/Desktop/CmpE146Package/GNUARM/bin/../lib/gcc/arm-elf/4.3.2/../../../../arm-elf/lib/libc.a(lib_a-stdio.o)
 .bss           0x40000a6c        0x0 /cygdrive/c/Users/Joe/Desktop/CmpE146Package/GNUARM/bin/../lib/gcc/arm-elf/4.3.2/../../../../arm-elf/lib/libc.a(lib_a-fclose.o)
 COMMON         0x40000a6c        0x9 ./fat/diskio.o
                0x40000a6c                CardType
                0x40000a6d                Timer2
                0x40000a70                SPIAccessSemaphore
                0x40000a74                Timer1
 *fill*         0x40000a75        0x3 00
 COMMON         0x40000a78        0x8 ./drivers/i2c.o
                0x40000a78                i2cReadCompleteSignal
                0x40000a7c                i2cLock
 COMMON         0x40000a80        0x1 ./drivers/ssp_spi.o
                0x40000a80                sspSpiDummyByte
                0x40000a84                . = ALIGN (0x4)
                0x40000a84                . = ALIGN (0x4)
                0x40000a84                _end = .
                0x40000a84                _bss_end__ = .
                0x40000a84                __bss_end__ = .
                0x40000a84                __heap_beg__ = .
                0x40000a84                __heap_end__ = .
                0x40000a84                __end__ = .
                0x40000a84                PROVIDE (end, .)
OUTPUT(lpc2148_FreeRTOS_v6_SD.elf elf32-littlearm)

.ARM.attributes
                0x00000000       0x10
 .ARM.attributes
                0x00000000       0x10 ./Startup.o
 .ARM.attributes
                0x00000010       0x10 ./main.o
 .ARM.attributes
                0x00000020       0x10 ./fat/diskio.o
 .ARM.attributes
                0x00000030       0x10 ./fat/ff.o
 .ARM.attributes
                0x00000040       0x10 ./fat/rtc.o
 .ARM.attributes
                0x00000050       0x10 ./fat/option/ccsbcs.o
 .ARM.attributes
                0x00000060       0x10 ./fat/option/reentrant.o
 .ARM.attributes
                0x00000070       0x10 ./drivers/uart/uart0.o
 .ARM.attributes
                0x00000080       0x10 ./drivers/i2c.o
 .ARM.attributes
                0x00000090       0x10 ./drivers/pcm1774.o
 .ARM.attributes
                0x000000a0       0x10 ./drivers/ssp_spi.o
 .ARM.attributes
                0x000000b0       0x10 ./drivers/sta013.o
 .ARM.attributes
                0x000000c0       0x10 ./System/cpu.o
 .ARM.attributes
                0x000000d0       0x10 ./System/crash.o
 .ARM.attributes
                0x000000e0       0x10 ./System/fiqISR.o
 .ARM.attributes
                0x000000f0       0x10 ./System/rprintf.o
 .ARM.attributes
                0x00000100       0x10 ./System/syscalls.o
 .ARM.attributes
                0x00000110       0x10 ./System/watchdog.o
 .ARM.attributes
                0x00000120       0x10 ./General/userInterface.o
 .ARM.attributes
                0x00000130       0x10 ./FreeRTOS/croutine.o
 .ARM.attributes
                0x00000140       0x10 ./FreeRTOS/heap_3.o
 .ARM.attributes
                0x00000150       0x10 ./FreeRTOS/list.o
 .ARM.attributes
                0x00000160       0x10 ./FreeRTOS/port.o
 .ARM.attributes
                0x00000170       0x10 ./FreeRTOS/portISR.o
 .ARM.attributes
                0x00000180       0x10 ./FreeRTOS/queue.o
 .ARM.attributes
                0x00000190       0x10 ./FreeRTOS/tasks.o
 .ARM.attributes
                0x000001a0       0x10 ./FreeRTOS/hooks/hooks.o
 .ARM.attributes
                0x000001b0       0x10 /cygdrive/c/Users/Joe/Desktop/CmpE146Package/GNUARM/bin/../lib/gcc/arm-elf/4.3.2/libgcc.a(_udivsi3.o)
 .ARM.attributes
                0x000001c0       0x10 /cygdrive/c/Users/Joe/Desktop/CmpE146Package/GNUARM/bin/../lib/gcc/arm-elf/4.3.2/libgcc.a(_divsi3.o)
 .ARM.attributes
                0x000001d0       0x10 /cygdrive/c/Users/Joe/Desktop/CmpE146Package/GNUARM/bin/../lib/gcc/arm-elf/4.3.2/libgcc.a(_umodsi3.o)
 .ARM.attributes
                0x000001e0       0x10 /cygdrive/c/Users/Joe/Desktop/CmpE146Package/GNUARM/bin/../lib/gcc/arm-elf/4.3.2/libgcc.a(_dvmd_tls.o)
 .ARM.attributes
                0x000001f0       0x10 /cygdrive/c/Users/Joe/Desktop/CmpE146Package/GNUARM/bin/../lib/gcc/arm-elf/4.3.2/libgcc.a(_divdi3.o)
 .ARM.attributes
                0x00000200       0x10 /cygdrive/c/Users/Joe/Desktop/CmpE146Package/GNUARM/bin/../lib/gcc/arm-elf/4.3.2/libgcc.a(_udivdi3.o)
 .ARM.attributes
                0x00000210       0x10 /cygdrive/c/Users/Joe/Desktop/CmpE146Package/GNUARM/bin/../lib/gcc/arm-elf/4.3.2/libgcc.a(_clz.o)
 .ARM.attributes
                0x00000220       0x10 /cygdrive/c/Users/Joe/Desktop/CmpE146Package/GNUARM/bin/../lib/gcc/arm-elf/4.3.2/../../../../arm-elf/lib/libc.a(lib_a-atoi.o)
 .ARM.attributes
                0x00000230       0x10 /cygdrive/c/Users/Joe/Desktop/CmpE146Package/GNUARM/bin/../lib/gcc/arm-elf/4.3.2/../../../../arm-elf/lib/libc.a(lib_a-iprintf.o)
 .ARM.attributes
                0x00000240       0x10 /cygdrive/c/Users/Joe/Desktop/CmpE146Package/GNUARM/bin/../lib/gcc/arm-elf/4.3.2/../../../../arm-elf/lib/libc.a(lib_a-malloc.o)
 .ARM.attributes
                0x00000250       0x10 /cygdrive/c/Users/Joe/Desktop/CmpE146Package/GNUARM/bin/../lib/gcc/arm-elf/4.3.2/../../../../arm-elf/lib/libc.a(lib_a-mallocr.o)
 .ARM.attributes
                0x00000260       0x10 /cygdrive/c/Users/Joe/Desktop/CmpE146Package/GNUARM/bin/../lib/gcc/arm-elf/4.3.2/../../../../arm-elf/lib/libc.a(lib_a-memcmp.o)
 .ARM.attributes
                0x00000270       0x10 /cygdrive/c/Users/Joe/Desktop/CmpE146Package/GNUARM/bin/../lib/gcc/arm-elf/4.3.2/../../../../arm-elf/lib/libc.a(lib_a-memcpy.o)
 .ARM.attributes
                0x00000280       0x10 /cygdrive/c/Users/Joe/Desktop/CmpE146Package/GNUARM/bin/../lib/gcc/arm-elf/4.3.2/../../../../arm-elf/lib/libc.a(lib_a-memset.o)
 .ARM.attributes
                0x00000290       0x10 /cygdrive/c/Users/Joe/Desktop/CmpE146Package/GNUARM/bin/../lib/gcc/arm-elf/4.3.2/../../../../arm-elf/lib/libc.a(lib_a-mlock.o)
 .ARM.attributes
                0x000002a0       0x10 /cygdrive/c/Users/Joe/Desktop/CmpE146Package/GNUARM/bin/../lib/gcc/arm-elf/4.3.2/../../../../arm-elf/lib/libc.a(lib_a-siprintf.o)
 .ARM.attributes
                0x000002b0       0x10 /cygdrive/c/Users/Joe/Desktop/CmpE146Package/GNUARM/bin/../lib/gcc/arm-elf/4.3.2/../../../../arm-elf/lib/libc.a(lib_a-strcmp.o)
 .ARM.attributes
                0x000002c0       0x10 /cygdrive/c/Users/Joe/Desktop/CmpE146Package/GNUARM/bin/../lib/gcc/arm-elf/4.3.2/../../../../arm-elf/lib/libc.a(lib_a-strlen.o)
 .ARM.attributes
                0x000002d0       0x10 /cygdrive/c/Users/Joe/Desktop/CmpE146Package/GNUARM/bin/../lib/gcc/arm-elf/4.3.2/../../../../arm-elf/lib/libc.a(lib_a-strncpy.o)
 .ARM.attributes
                0x000002e0       0x10 /cygdrive/c/Users/Joe/Desktop/CmpE146Package/GNUARM/bin/../lib/gcc/arm-elf/4.3.2/../../../../arm-elf/lib/libc.a(lib_a-strtok.o)
 .ARM.attributes
                0x000002f0       0x10 /cygdrive/c/Users/Joe/Desktop/CmpE146Package/GNUARM/bin/../lib/gcc/arm-elf/4.3.2/../../../../arm-elf/lib/libc.a(lib_a-strtok_r.o)
 .ARM.attributes
                0x00000300       0x10 /cygdrive/c/Users/Joe/Desktop/CmpE146Package/GNUARM/bin/../lib/gcc/arm-elf/4.3.2/../../../../arm-elf/lib/libc.a(lib_a-strtol.o)
 .ARM.attributes
                0x00000310       0x10 /cygdrive/c/Users/Joe/Desktop/CmpE146Package/GNUARM/bin/../lib/gcc/arm-elf/4.3.2/../../../../arm-elf/lib/libc.a(lib_a-vfiprintf.o)
 .ARM.attributes
                0x00000320       0x10 /cygdrive/c/Users/Joe/Desktop/CmpE146Package/GNUARM/bin/../lib/gcc/arm-elf/4.3.2/../../../../arm-elf/lib/libc.a(lib_a-wsetup.o)
 .ARM.attributes
                0x00000330       0x10 /cygdrive/c/Users/Joe/Desktop/CmpE146Package/GNUARM/bin/../lib/gcc/arm-elf/4.3.2/../../../../arm-elf/lib/libc.a(lib_a-ctype_.o)
 .ARM.attributes
                0x00000340       0x10 /cygdrive/c/Users/Joe/Desktop/CmpE146Package/GNUARM/bin/../lib/gcc/arm-elf/4.3.2/../../../../arm-elf/lib/libc.a(lib_a-fflush.o)
 .ARM.attributes
                0x00000350       0x10 /cygdrive/c/Users/Joe/Desktop/CmpE146Package/GNUARM/bin/../lib/gcc/arm-elf/4.3.2/../../../../arm-elf/lib/libc.a(lib_a-findfp.o)
 .ARM.attributes
                0x00000360       0x10 /cygdrive/c/Users/Joe/Desktop/CmpE146Package/GNUARM/bin/../lib/gcc/arm-elf/4.3.2/../../../../arm-elf/lib/libc.a(lib_a-freer.o)
 .ARM.attributes
                0x00000370       0x10 /cygdrive/c/Users/Joe/Desktop/CmpE146Package/GNUARM/bin/../lib/gcc/arm-elf/4.3.2/../../../../arm-elf/lib/libc.a(lib_a-fvwrite.o)
 .ARM.attributes
                0x00000380       0x10 /cygdrive/c/Users/Joe/Desktop/CmpE146Package/GNUARM/bin/../lib/gcc/arm-elf/4.3.2/../../../../arm-elf/lib/libc.a(lib_a-fwalk.o)
 .ARM.attributes
                0x00000390       0x10 /cygdrive/c/Users/Joe/Desktop/CmpE146Package/GNUARM/bin/../lib/gcc/arm-elf/4.3.2/../../../../arm-elf/lib/libc.a(lib_a-impure.o)
 .ARM.attributes
                0x000003a0       0x10 /cygdrive/c/Users/Joe/Desktop/CmpE146Package/GNUARM/bin/../lib/gcc/arm-elf/4.3.2/../../../../arm-elf/lib/libc.a(lib_a-makebuf.o)
 .ARM.attributes
                0x000003b0       0x10 /cygdrive/c/Users/Joe/Desktop/CmpE146Package/GNUARM/bin/../lib/gcc/arm-elf/4.3.2/../../../../arm-elf/lib/libc.a(lib_a-memchr.o)
 .ARM.attributes
                0x000003c0       0x10 /cygdrive/c/Users/Joe/Desktop/CmpE146Package/GNUARM/bin/../lib/gcc/arm-elf/4.3.2/../../../../arm-elf/lib/libc.a(lib_a-memmove.o)
 .ARM.attributes
                0x000003d0       0x10 /cygdrive/c/Users/Joe/Desktop/CmpE146Package/GNUARM/bin/../lib/gcc/arm-elf/4.3.2/../../../../arm-elf/lib/libc.a(lib_a-reallocr.o)
 .ARM.attributes
                0x000003e0       0x10 /cygdrive/c/Users/Joe/Desktop/CmpE146Package/GNUARM/bin/../lib/gcc/arm-elf/4.3.2/../../../../arm-elf/lib/libc.a(lib_a-stdio.o)
 .ARM.attributes
                0x000003f0       0x10 /cygdrive/c/Users/Joe/Desktop/CmpE146Package/GNUARM/bin/../lib/gcc/arm-elf/4.3.2/../../../../arm-elf/lib/libc.a(lib_a-fclose.o)

.comment        0x00000000      0x426
 .comment       0x00000000       0x12 ./main.o
 .comment       0x00000012       0x12 ./fat/diskio.o
 .comment       0x00000024       0x12 ./fat/ff.o
 .comment       0x00000036       0x12 ./fat/rtc.o
 .comment       0x00000048       0x12 ./fat/option/ccsbcs.o
 .comment       0x0000005a       0x12 ./fat/option/reentrant.o
 .comment       0x0000006c       0x12 ./drivers/uart/uart0.o
 .comment       0x0000007e       0x12 ./drivers/i2c.o
 .comment       0x00000090       0x12 ./drivers/pcm1774.o
 .comment       0x000000a2       0x12 ./drivers/ssp_spi.o
 .comment       0x000000b4       0x12 ./drivers/sta013.o
 .comment       0x000000c6       0x12 ./System/cpu.o
 .comment       0x000000d8       0x12 ./System/crash.o
 .comment       0x000000ea       0x12 ./System/fiqISR.o
 .comment       0x000000fc       0x12 ./System/rprintf.o
 .comment       0x0000010e       0x12 ./System/syscalls.o
 .comment       0x00000120       0x12 ./System/watchdog.o
 .comment       0x00000132       0x12 ./General/userInterface.o
 .comment       0x00000144       0x12 ./FreeRTOS/croutine.o
 .comment       0x00000156       0x12 ./FreeRTOS/heap_3.o
 .comment       0x00000168       0x12 ./FreeRTOS/list.o
 .comment       0x0000017a       0x12 ./FreeRTOS/port.o
 .comment       0x0000018c       0x12 ./FreeRTOS/portISR.o
 .comment       0x0000019e       0x12 ./FreeRTOS/queue.o
 .comment       0x000001b0       0x12 ./FreeRTOS/tasks.o
 .comment       0x000001c2       0x12 ./FreeRTOS/hooks/hooks.o
 .comment       0x000001d4       0x12 /cygdrive/c/Users/Joe/Desktop/CmpE146Package/GNUARM/bin/../lib/gcc/arm-elf/4.3.2/libgcc.a(_divdi3.o)
 .comment       0x000001e6       0x12 /cygdrive/c/Users/Joe/Desktop/CmpE146Package/GNUARM/bin/../lib/gcc/arm-elf/4.3.2/libgcc.a(_udivdi3.o)
 .comment       0x000001f8       0x12 /cygdrive/c/Users/Joe/Desktop/CmpE146Package/GNUARM/bin/../lib/gcc/arm-elf/4.3.2/libgcc.a(_clz.o)
 .comment       0x0000020a       0x12 /cygdrive/c/Users/Joe/Desktop/CmpE146Package/GNUARM/bin/../lib/gcc/arm-elf/4.3.2/../../../../arm-elf/lib/libc.a(lib_a-atoi.o)
 .comment       0x0000021c       0x12 /cygdrive/c/Users/Joe/Desktop/CmpE146Package/GNUARM/bin/../lib/gcc/arm-elf/4.3.2/../../../../arm-elf/lib/libc.a(lib_a-iprintf.o)
 .comment       0x0000022e       0x12 /cygdrive/c/Users/Joe/Desktop/CmpE146Package/GNUARM/bin/../lib/gcc/arm-elf/4.3.2/../../../../arm-elf/lib/libc.a(lib_a-malloc.o)
 .comment       0x00000240       0x12 /cygdrive/c/Users/Joe/Desktop/CmpE146Package/GNUARM/bin/../lib/gcc/arm-elf/4.3.2/../../../../arm-elf/lib/libc.a(lib_a-mallocr.o)
 .comment       0x00000252       0x12 /cygdrive/c/Users/Joe/Desktop/CmpE146Package/GNUARM/bin/../lib/gcc/arm-elf/4.3.2/../../../../arm-elf/lib/libc.a(lib_a-memcmp.o)
 .comment       0x00000264       0x12 /cygdrive/c/Users/Joe/Desktop/CmpE146Package/GNUARM/bin/../lib/gcc/arm-elf/4.3.2/../../../../arm-elf/lib/libc.a(lib_a-memcpy.o)
 .comment       0x00000276       0x12 /cygdrive/c/Users/Joe/Desktop/CmpE146Package/GNUARM/bin/../lib/gcc/arm-elf/4.3.2/../../../../arm-elf/lib/libc.a(lib_a-memset.o)
 .comment       0x00000288       0x12 /cygdrive/c/Users/Joe/Desktop/CmpE146Package/GNUARM/bin/../lib/gcc/arm-elf/4.3.2/../../../../arm-elf/lib/libc.a(lib_a-mlock.o)
 .comment       0x0000029a       0x12 /cygdrive/c/Users/Joe/Desktop/CmpE146Package/GNUARM/bin/../lib/gcc/arm-elf/4.3.2/../../../../arm-elf/lib/libc.a(lib_a-siprintf.o)
 .comment       0x000002ac       0x12 /cygdrive/c/Users/Joe/Desktop/CmpE146Package/GNUARM/bin/../lib/gcc/arm-elf/4.3.2/../../../../arm-elf/lib/libc.a(lib_a-strcmp.o)
 .comment       0x000002be       0x12 /cygdrive/c/Users/Joe/Desktop/CmpE146Package/GNUARM/bin/../lib/gcc/arm-elf/4.3.2/../../../../arm-elf/lib/libc.a(lib_a-strlen.o)
 .comment       0x000002d0       0x12 /cygdrive/c/Users/Joe/Desktop/CmpE146Package/GNUARM/bin/../lib/gcc/arm-elf/4.3.2/../../../../arm-elf/lib/libc.a(lib_a-strncpy.o)
 .comment       0x000002e2       0x12 /cygdrive/c/Users/Joe/Desktop/CmpE146Package/GNUARM/bin/../lib/gcc/arm-elf/4.3.2/../../../../arm-elf/lib/libc.a(lib_a-strtok.o)
 .comment       0x000002f4       0x12 /cygdrive/c/Users/Joe/Desktop/CmpE146Package/GNUARM/bin/../lib/gcc/arm-elf/4.3.2/../../../../arm-elf/lib/libc.a(lib_a-strtok_r.o)
 .comment       0x00000306       0x12 /cygdrive/c/Users/Joe/Desktop/CmpE146Package/GNUARM/bin/../lib/gcc/arm-elf/4.3.2/../../../../arm-elf/lib/libc.a(lib_a-strtol.o)
 .comment       0x00000318       0x12 /cygdrive/c/Users/Joe/Desktop/CmpE146Package/GNUARM/bin/../lib/gcc/arm-elf/4.3.2/../../../../arm-elf/lib/libc.a(lib_a-vfiprintf.o)
 .comment       0x0000032a       0x12 /cygdrive/c/Users/Joe/Desktop/CmpE146Package/GNUARM/bin/../lib/gcc/arm-elf/4.3.2/../../../../arm-elf/lib/libc.a(lib_a-wsetup.o)
 .comment       0x0000033c       0x12 /cygdrive/c/Users/Joe/Desktop/CmpE146Package/GNUARM/bin/../lib/gcc/arm-elf/4.3.2/../../../../arm-elf/lib/libc.a(lib_a-ctype_.o)
 .comment       0x0000034e       0x12 /cygdrive/c/Users/Joe/Desktop/CmpE146Package/GNUARM/bin/../lib/gcc/arm-elf/4.3.2/../../../../arm-elf/lib/libc.a(lib_a-fflush.o)
 .comment       0x00000360       0x12 /cygdrive/c/Users/Joe/Desktop/CmpE146Package/GNUARM/bin/../lib/gcc/arm-elf/4.3.2/../../../../arm-elf/lib/libc.a(lib_a-findfp.o)
 .comment       0x00000372       0x12 /cygdrive/c/Users/Joe/Desktop/CmpE146Package/GNUARM/bin/../lib/gcc/arm-elf/4.3.2/../../../../arm-elf/lib/libc.a(lib_a-freer.o)
 .comment       0x00000384       0x12 /cygdrive/c/Users/Joe/Desktop/CmpE146Package/GNUARM/bin/../lib/gcc/arm-elf/4.3.2/../../../../arm-elf/lib/libc.a(lib_a-fvwrite.o)
 .comment       0x00000396       0x12 /cygdrive/c/Users/Joe/Desktop/CmpE146Package/GNUARM/bin/../lib/gcc/arm-elf/4.3.2/../../../../arm-elf/lib/libc.a(lib_a-fwalk.o)
 .comment       0x000003a8       0x12 /cygdrive/c/Users/Joe/Desktop/CmpE146Package/GNUARM/bin/../lib/gcc/arm-elf/4.3.2/../../../../arm-elf/lib/libc.a(lib_a-impure.o)
 .comment       0x000003ba       0x12 /cygdrive/c/Users/Joe/Desktop/CmpE146Package/GNUARM/bin/../lib/gcc/arm-elf/4.3.2/../../../../arm-elf/lib/libc.a(lib_a-makebuf.o)
 .comment       0x000003cc       0x12 /cygdrive/c/Users/Joe/Desktop/CmpE146Package/GNUARM/bin/../lib/gcc/arm-elf/4.3.2/../../../../arm-elf/lib/libc.a(lib_a-memchr.o)
 .comment       0x000003de       0x12 /cygdrive/c/Users/Joe/Desktop/CmpE146Package/GNUARM/bin/../lib/gcc/arm-elf/4.3.2/../../../../arm-elf/lib/libc.a(lib_a-memmove.o)
 .comment       0x000003f0       0x12 /cygdrive/c/Users/Joe/Desktop/CmpE146Package/GNUARM/bin/../lib/gcc/arm-elf/4.3.2/../../../../arm-elf/lib/libc.a(lib_a-reallocr.o)
 .comment       0x00000402       0x12 /cygdrive/c/Users/Joe/Desktop/CmpE146Package/GNUARM/bin/../lib/gcc/arm-elf/4.3.2/../../../../arm-elf/lib/libc.a(lib_a-stdio.o)
 .comment       0x00000414       0x12 /cygdrive/c/Users/Joe/Desktop/CmpE146Package/GNUARM/bin/../lib/gcc/arm-elf/4.3.2/../../../../arm-elf/lib/libc.a(lib_a-fclose.o)

.debug_frame    0x00000000      0x818
 .debug_frame   0x00000000       0x28 /cygdrive/c/Users/Joe/Desktop/CmpE146Package/GNUARM/bin/../lib/gcc/arm-elf/4.3.2/libgcc.a(_udivsi3.o)
 .debug_frame   0x00000028       0x28 /cygdrive/c/Users/Joe/Desktop/CmpE146Package/GNUARM/bin/../lib/gcc/arm-elf/4.3.2/libgcc.a(_divsi3.o)
 .debug_frame   0x00000050       0x28 /cygdrive/c/Users/Joe/Desktop/CmpE146Package/GNUARM/bin/../lib/gcc/arm-elf/4.3.2/libgcc.a(_umodsi3.o)
 .debug_frame   0x00000078       0x38 /cygdrive/c/Users/Joe/Desktop/CmpE146Package/GNUARM/bin/../lib/gcc/arm-elf/4.3.2/libgcc.a(_divdi3.o)
 .debug_frame   0x000000b0       0x38 /cygdrive/c/Users/Joe/Desktop/CmpE146Package/GNUARM/bin/../lib/gcc/arm-elf/4.3.2/libgcc.a(_udivdi3.o)
 .debug_frame   0x000000e8       0x30 /cygdrive/c/Users/Joe/Desktop/CmpE146Package/GNUARM/bin/../lib/gcc/arm-elf/4.3.2/../../../../arm-elf/lib/libc.a(lib_a-atoi.o)
 .debug_frame   0x00000118       0x50 /cygdrive/c/Users/Joe/Desktop/CmpE146Package/GNUARM/bin/../lib/gcc/arm-elf/4.3.2/../../../../arm-elf/lib/libc.a(lib_a-iprintf.o)
 .debug_frame   0x00000168       0x30 /cygdrive/c/Users/Joe/Desktop/CmpE146Package/GNUARM/bin/../lib/gcc/arm-elf/4.3.2/../../../../arm-elf/lib/libc.a(lib_a-malloc.o)
 .debug_frame   0x00000198       0x38 /cygdrive/c/Users/Joe/Desktop/CmpE146Package/GNUARM/bin/../lib/gcc/arm-elf/4.3.2/../../../../arm-elf/lib/libc.a(lib_a-mallocr.o)
 .debug_frame   0x000001d0       0x2c /cygdrive/c/Users/Joe/Desktop/CmpE146Package/GNUARM/bin/../lib/gcc/arm-elf/4.3.2/../../../../arm-elf/lib/libc.a(lib_a-memcmp.o)
 .debug_frame   0x000001fc       0x2c /cygdrive/c/Users/Joe/Desktop/CmpE146Package/GNUARM/bin/../lib/gcc/arm-elf/4.3.2/../../../../arm-elf/lib/libc.a(lib_a-memcpy.o)
 .debug_frame   0x00000228       0x28 /cygdrive/c/Users/Joe/Desktop/CmpE146Package/GNUARM/bin/../lib/gcc/arm-elf/4.3.2/../../../../arm-elf/lib/libc.a(lib_a-memset.o)
 .debug_frame   0x00000250       0x30 /cygdrive/c/Users/Joe/Desktop/CmpE146Package/GNUARM/bin/../lib/gcc/arm-elf/4.3.2/../../../../arm-elf/lib/libc.a(lib_a-mlock.o)
 .debug_frame   0x00000280       0x58 /cygdrive/c/Users/Joe/Desktop/CmpE146Package/GNUARM/bin/../lib/gcc/arm-elf/4.3.2/../../../../arm-elf/lib/libc.a(lib_a-siprintf.o)
 .debug_frame   0x000002d8       0x20 /cygdrive/c/Users/Joe/Desktop/CmpE146Package/GNUARM/bin/../lib/gcc/arm-elf/4.3.2/../../../../arm-elf/lib/libc.a(lib_a-strcmp.o)